Component: ARM Compiler 5.05 update 1 (build 106) Tool: armlink [4d0efa]

==============================================================================

Section Cross References

    main.o(i.eMPL_send_data) refers to memseta.o(.text) for __aeabi_memclr4
    main.o(i.eMPL_send_data) refers to nrf_log_frontend.o(i.nrf_log_frontend_std_1) for nrf_log_frontend_std_1
    main.o(i.eMPL_send_data) refers to nrf_log_frontend.o(log_const_data) for m_nrf_log_app_logs_data_const
    main.o(i.main) refers to nrf_log_frontend.o(i.nrf_log_init) for nrf_log_init
    main.o(i.main) refers to app_error_handler_keil.o(.emb_text) for app_error_handler
    main.o(i.main) refers to nrf_log_default_backends.o(i.nrf_log_default_backends_init) for nrf_log_default_backends_init
    main.o(i.main) refers to nrf_log_frontend.o(i.nrf_log_frontend_std_0) for nrf_log_frontend_std_0
    main.o(i.main) refers to nrf_log_frontend.o(i.nrf_log_frontend_dequeue) for nrf_log_frontend_dequeue
    main.o(i.main) refers to main.o(i.twi_init) for twi_init
    main.o(i.main) refers to bmx055_support.o(i.BMX055_config) for BMX055_config
    main.o(i.main) refers to bmx055_support.o(i.BMX055_CalibrateMag) for BMX055_CalibrateMag
    main.o(i.main) refers to main.o(i.nrf_delay_ms) for nrf_delay_ms
    main.o(i.main) refers to main.o(i.read_sensor_data) for read_sensor_data
    main.o(i.main) refers to arm_float_to_q31.o(.text) for arm_float_to_q31
    main.o(i.main) refers to main.o(i.eMPL_send_data) for eMPL_send_data
    main.o(i.main) refers to nrf_log_frontend.o(log_const_data) for m_nrf_log_app_logs_data_const
    main.o(i.main) refers to mahonyahrs.o(.data) for q0
    main.o(i.nrf_delay_ms) refers to main.o(.constdata) for delay_machine_code
    main.o(i.read_sensor_data) refers to bmx055_support.o(i.BMX055_updateAHRS) for BMX055_updateAHRS
    main.o(i.read_sensor_data) refers to bmx055_support.o(i.BMX055_updateIMU) for BMX055_updateIMU
    main.o(i.read_sensor_data) refers to main.o(.data) for magRstCount
    main.o(i.twi_handler) refers to nrf_log_frontend.o(i.nrf_log_frontend_std_0) for nrf_log_frontend_std_0
    main.o(i.twi_handler) refers to main.o(.data) for m_xfer_done
    main.o(i.twi_handler) refers to nrf_log_frontend.o(log_const_data) for m_nrf_log_app_logs_data_const
    main.o(i.twi_init) refers to nrf_drv_twi.o(i.nrf_drv_twi_init) for nrf_drv_twi_init
    main.o(i.twi_init) refers to app_error_handler_keil.o(.emb_text) for app_error_handler
    main.o(i.twi_init) refers to nrfx_twi.o(i.nrfx_twi_enable) for nrfx_twi_enable
    main.o(i.twi_init) refers to main.o(.constdata) for .constdata
    bma2x2.o(i.bma2x2_burst_read) refers to bma2x2.o(.data) for p_bma2x2
    bma2x2.o(i.bma2x2_extract_accel) refers to bma2x2.o(i.get_accel_len_to_parse) for get_accel_len_to_parse
    bma2x2.o(i.bma2x2_extract_accel) refers to bma2x2.o(i.unpack_accel_frame) for unpack_accel_frame
    bma2x2.o(i.bma2x2_extract_accel) refers to bma2x2.o(.data) for p_bma2x2
    bma2x2.o(i.bma2x2_get_bw) refers to bma2x2.o(.data) for p_bma2x2
    bma2x2.o(i.bma2x2_get_cal_rdy) refers to bma2x2.o(.data) for p_bma2x2
    bma2x2.o(i.bma2x2_get_durn) refers to bma2x2.o(.data) for p_bma2x2
    bma2x2.o(i.bma2x2_get_fifo_data_output_reg) refers to bma2x2.o(.data) for p_bma2x2
    bma2x2.o(i.bma2x2_get_fifo_data_select) refers to bma2x2.o(.data) for p_bma2x2
    bma2x2.o(i.bma2x2_get_fifo_frame_count) refers to bma2x2.o(.data) for p_bma2x2
    bma2x2.o(i.bma2x2_get_fifo_mode) refers to bma2x2.o(.data) for p_bma2x2
    bma2x2.o(i.bma2x2_get_fifo_overrun) refers to bma2x2.o(.data) for p_bma2x2
    bma2x2.o(i.bma2x2_get_fifo_stat) refers to bma2x2.o(.data) for p_bma2x2
    bma2x2.o(i.bma2x2_get_fifo_wml_trig) refers to bma2x2.o(.data) for p_bma2x2
    bma2x2.o(i.bma2x2_get_flat_hold_time) refers to bma2x2.o(.data) for p_bma2x2
    bma2x2.o(i.bma2x2_get_flat_hyst) refers to bma2x2.o(.data) for p_bma2x2
    bma2x2.o(i.bma2x2_get_high_bw) refers to bma2x2.o(.data) for p_bma2x2
    bma2x2.o(i.bma2x2_get_i2c_wdt) refers to bma2x2.o(.data) for p_bma2x2
    bma2x2.o(i.bma2x2_get_intr1_fifo_full) refers to bma2x2.o(.data) for p_bma2x2
    bma2x2.o(i.bma2x2_get_intr1_fifo_wm) refers to bma2x2.o(.data) for p_bma2x2
    bma2x2.o(i.bma2x2_get_intr2_fifo_full) refers to bma2x2.o(.data) for p_bma2x2
    bma2x2.o(i.bma2x2_get_intr2_fifo_wm) refers to bma2x2.o(.data) for p_bma2x2
    bma2x2.o(i.bma2x2_get_intr_double_tap) refers to bma2x2.o(.data) for p_bma2x2
    bma2x2.o(i.bma2x2_get_intr_enable) refers to bma2x2.o(.data) for p_bma2x2
    bma2x2.o(i.bma2x2_get_intr_fifo_full) refers to bma2x2.o(.data) for p_bma2x2
    bma2x2.o(i.bma2x2_get_intr_fifo_wm) refers to bma2x2.o(.data) for p_bma2x2
    bma2x2.o(i.bma2x2_get_intr_flat) refers to bma2x2.o(.data) for p_bma2x2
    bma2x2.o(i.bma2x2_get_intr_high_g) refers to bma2x2.o(.data) for p_bma2x2
    bma2x2.o(i.bma2x2_get_intr_level) refers to bma2x2.o(.data) for p_bma2x2
[...]
    nrf_twi_event_clear                      0x00004fc3   Thumb Code    14  nrfx_twi.o(i.nrf_twi_event_clear)
    i.nrf_twi_int_disable                    0x00004fd0   Section        0  nrfx_twi.o(i.nrf_twi_int_disable)
    nrf_twi_int_disable                      0x00004fd1   Thumb Code     6  nrfx_twi.o(i.nrf_twi_int_disable)
    i.nrf_twi_int_enable                     0x00004fd6   Section        0  nrfx_twi.o(i.nrf_twi_int_enable)
    nrf_twi_int_enable                       0x00004fd7   Thumb Code     6  nrfx_twi.o(i.nrf_twi_int_enable)
    i.nrf_twi_shorts_set                     0x00004fdc   Section        0  nrfx_twi.o(i.nrf_twi_shorts_set)
    nrf_twi_shorts_set                       0x00004fdd   Thumb Code     6  nrfx_twi.o(i.nrf_twi_shorts_set)
    i.nrf_twi_task_trigger                   0x00004fe2   Section        0  nrfx_twi.o(i.nrf_twi_task_trigger)
    nrf_twi_task_trigger                     0x00004fe3   Thumb Code     6  nrfx_twi.o(i.nrf_twi_task_trigger)
    i.nrf_uart_errorsrc_get_and_clear        0x00004fe8   Section        0  nrfx_uart.o(i.nrf_uart_errorsrc_get_and_clear)
    nrf_uart_errorsrc_get_and_clear          0x00004fe9   Thumb Code    12  nrfx_uart.o(i.nrf_uart_errorsrc_get_and_clear)
    i.nrf_uart_event_check                   0x00004ff4   Section        0  nrfx_uart.o(i.nrf_uart_event_check)
    nrf_uart_event_check                     0x00004ff5   Thumb Code    14  nrfx_uart.o(i.nrf_uart_event_check)
    i.nrf_uart_event_clear                   0x00005002   Section        0  nrfx_uart.o(i.nrf_uart_event_clear)
    nrf_uart_event_clear                     0x00005003   Thumb Code    14  nrfx_uart.o(i.nrf_uart_event_clear)
    i.nrf_uart_hwfc_pins_set                 0x00005010   Section        0  nrfx_uart.o(i.nrf_uart_hwfc_pins_set)
    nrf_uart_hwfc_pins_set                   0x00005011   Thumb Code    10  nrfx_uart.o(i.nrf_uart_hwfc_pins_set)
    i.nrf_uart_int_disable                   0x0000501a   Section        0  nrfx_uart.o(i.nrf_uart_int_disable)
    nrf_uart_int_disable                     0x0000501b   Thumb Code     6  nrfx_uart.o(i.nrf_uart_int_disable)
    i.nrf_uart_int_enable                    0x00005020   Section        0  nrfx_uart.o(i.nrf_uart_int_enable)
    nrf_uart_int_enable                      0x00005021   Thumb Code     6  nrfx_uart.o(i.nrf_uart_int_enable)
    i.nrf_uart_int_enable_check              0x00005026   Section        0  nrfx_uart.o(i.nrf_uart_int_enable_check)
    nrf_uart_int_enable_check                0x00005027   Thumb Code    18  nrfx_uart.o(i.nrf_uart_int_enable_check)
    i.nrf_uart_task_trigger                  0x00005038   Section        0  nrfx_uart.o(i.nrf_uart_task_trigger)
    nrf_uart_task_trigger                    0x00005039   Thumb Code     6  nrfx_uart.o(i.nrf_uart_task_trigger)
    i.nrf_uart_txrx_pins_set                 0x0000503e   Section        0  nrfx_uart.o(i.nrf_uart_txrx_pins_set)
    nrf_uart_txrx_pins_set                   0x0000503f   Thumb Code    10  nrfx_uart.o(i.nrf_uart_txrx_pins_set)
    i.nrf_uarte_errorsrc_get_and_clear       0x00005048   Section        0  nrfx_uarte.o(i.nrf_uarte_errorsrc_get_and_clear)
    nrf_uarte_errorsrc_get_and_clear         0x00005049   Thumb Code    12  nrfx_uarte.o(i.nrf_uarte_errorsrc_get_and_clear)
    i.nrf_uarte_event_check                  0x00005054   Section        0  nrfx_uarte.o(i.nrf_uarte_event_check)
    nrf_uarte_event_check                    0x00005055   Thumb Code    14  nrfx_uarte.o(i.nrf_uarte_event_check)
    i.nrf_uarte_event_clear                  0x00005062   Section        0  nrfx_uarte.o(i.nrf_uarte_event_clear)
    nrf_uarte_event_clear                    0x00005063   Thumb Code    14  nrfx_uarte.o(i.nrf_uarte_event_clear)
    i.nrf_uarte_hwfc_pins_set                0x00005070   Section        0  nrfx_uarte.o(i.nrf_uarte_hwfc_pins_set)
    nrf_uarte_hwfc_pins_set                  0x00005071   Thumb Code    12  nrfx_uarte.o(i.nrf_uarte_hwfc_pins_set)
    i.nrf_uarte_int_disable                  0x0000507c   Section        0  nrfx_uarte.o(i.nrf_uarte_int_disable)
    nrf_uarte_int_disable                    0x0000507d   Thumb Code     6  nrfx_uarte.o(i.nrf_uarte_int_disable)
    i.nrf_uarte_int_enable                   0x00005082   Section        0  nrfx_uarte.o(i.nrf_uarte_int_enable)
    nrf_uarte_int_enable                     0x00005083   Thumb Code     6  nrfx_uarte.o(i.nrf_uarte_int_enable)
    i.nrf_uarte_rx_amount_get                0x00005088   Section        0  nrfx_uarte.o(i.nrf_uarte_rx_amount_get)
    nrf_uarte_rx_amount_get                  0x00005089   Thumb Code    10  nrfx_uarte.o(i.nrf_uarte_rx_amount_get)
    i.nrf_uarte_shorts_disable               0x00005092   Section        0  nrfx_uarte.o(i.nrf_uarte_shorts_disable)
    nrf_uarte_shorts_disable                 0x00005093   Thumb Code    12  nrfx_uarte.o(i.nrf_uarte_shorts_disable)
    i.nrf_uarte_task_trigger                 0x0000509e   Section        0  nrfx_uarte.o(i.nrf_uarte_task_trigger)
    nrf_uarte_task_trigger                   0x0000509f   Thumb Code     6  nrfx_uarte.o(i.nrf_uarte_task_trigger)
    i.nrf_uarte_txrx_pins_set                0x000050a4   Section        0  nrfx_uarte.o(i.nrf_uarte_txrx_pins_set)
    nrf_uarte_txrx_pins_set                  0x000050a5   Thumb Code    14  nrfx_uarte.o(i.nrf_uarte_txrx_pins_set)
    i.nrfx_coredep_delay_us                  0x000050b4   Section        0  nrf_drv_twi.o(i.nrfx_coredep_delay_us)
    nrfx_coredep_delay_us                    0x000050b5   Thumb Code    20  nrf_drv_twi.o(i.nrfx_coredep_delay_us)
    i.nrfx_get_irq_number                    0x000050cc   Section        0  nrfx_twi.o(i.nrfx_get_irq_number)
    nrfx_get_irq_number                      0x000050cd   Thumb Code     8  nrfx_twi.o(i.nrfx_get_irq_number)
    i.nrfx_get_irq_number                    0x000050d4   Section        0  nrfx_uart.o(i.nrfx_get_irq_number)
    nrfx_get_irq_number                      0x000050d5   Thumb Code     8  nrfx_uart.o(i.nrfx_get_irq_number)
    i.nrfx_get_irq_number                    0x000050dc   Section        0  nrfx_uarte.o(i.nrfx_get_irq_number)
    nrfx_get_irq_number                      0x000050dd   Thumb Code     8  nrfx_uarte.o(i.nrfx_get_irq_number)
    i.nrfx_is_in_ram                         0x000050e4   Section        0  nrfx_uarte.o(i.nrfx_is_in_ram)
    nrfx_is_in_ram                           0x000050e5   Thumb Code    20  nrfx_uarte.o(i.nrfx_is_in_ram)
    i.nrfx_prs_acquire                       0x000050f8   Section        0  nrfx_prs.o(i.nrfx_prs_acquire)
    i.nrfx_prs_release                       0x00005140   Section        0  nrfx_prs.o(i.nrfx_prs_release)
    i.nrfx_twi_enable                        0x00005158   Section        0  nrfx_twi.o(i.nrfx_twi_enable)
    i.nrfx_twi_init                          0x00005180   Section        0  nrfx_twi.o(i.nrfx_twi_init)
    i.nrfx_twi_rx                            0x00005298   Section        0  nrfx_twi.o(i.nrfx_twi_rx)
    i.nrfx_twi_tx                            0x000052c8   Section        0  nrfx_twi.o(i.nrfx_twi_tx)
    i.nrfx_twi_xfer                          0x00005308   Section        0  nrfx_twi.o(i.nrfx_twi_xfer)
    i.nrfx_uart_0_irq_handler                0x00005338   Section        0  nrfx_uart.o(i.nrfx_uart_0_irq_handler)
    i.nrfx_uart_init                         0x0000534c   Section        0  nrfx_uart.o(i.nrfx_uart_init)
    i.nrfx_uart_tx                           0x000053d4   Section        0  nrfx_uart.o(i.nrfx_uart_tx)
    i.nrfx_uart_tx_in_progress               0x00005460   Section        0  nrfx_uart.o(i.nrfx_uart_tx_in_progress)
    i.nrfx_uart_uninit                       0x00005484   Section        0  nrfx_uart.o(i.nrfx_uart_uninit)
    i.nrfx_uarte_0_irq_handler               0x000054c8   Section        0  nrfx_uarte.o(i.nrfx_uarte_0_irq_handler)
    i.nrfx_uarte_init                        0x000054dc   Section        0  nrfx_uarte.o(i.nrfx_uarte_init)
    i.nrfx_uarte_tx                          0x0000555c   Section        0  nrfx_uarte.o(i.nrfx_uarte_tx)
    i.nrfx_uarte_tx_in_progress              0x00005604   Section        0  nrfx_uarte.o(i.nrfx_uarte_tx_in_progress)
    i.nrfx_uarte_uninit                      0x00005624   Section        0  nrfx_uarte.o(i.nrfx_uarte_uninit)
    i.pins_to_default                        0x00005664   Section        0  nrfx_uart.o(i.pins_to_default)
    pins_to_default                          0x00005665   Thumb Code   120  nrfx_uart.o(i.pins_to_default)
    i.pins_to_default                        0x000056dc   Section        0  nrfx_uarte.o(i.pins_to_default)
    pins_to_default                          0x000056dd   Thumb Code   126  nrfx_uarte.o(i.pins_to_default)
    i.postfix_process                        0x0000575c   Section        0  nrf_log_str_formatter.o(i.postfix_process)
    postfix_process                          0x0000575d   Thumb Code    58  nrf_log_str_formatter.o(i.postfix_process)
    i.prefix_process                         0x000057a4   Section        0  nrf_log_str_formatter.o(i.prefix_process)
    prefix_process                           0x000057a5   Thumb Code    98  nrf_log_str_formatter.o(i.prefix_process)
    i.prs_box_get                            0x00005848   Section        0  nrfx_prs.o(i.prs_box_get)
    prs_box_get                              0x00005849   Thumb Code    16  nrfx_prs.o(i.prs_box_get)
    i.read_sensor_data                       0x00005860   Section        0  main.o(i.read_sensor_data)
    read_sensor_data                         0x00005861   Thumb Code    40  main.o(i.read_sensor_data)
    i.rx_byte                                0x0000588c   Section        0  nrfx_uart.o(i.rx_byte)
    rx_byte                                  0x0000588d   Thumb Code    62  nrfx_uart.o(i.rx_byte)
    i.rx_done_event                          0x000058ca   Section        0  nrfx_uart.o(i.rx_done_event)
    rx_done_event                            0x000058cb   Thumb Code    28  nrfx_uart.o(i.rx_done_event)
    i.rx_done_event                          0x000058e6   Section        0  nrfx_uarte.o(i.rx_done_event)
    rx_done_event                            0x000058e7   Thumb Code    28  nrfx_uarte.o(i.rx_done_event)
    i.serial_tx                              0x00005904   Section        0  nrf_log_backend_uart.o(i.serial_tx)
    serial_tx                                0x00005905   Thumb Code   116  nrf_log_backend_uart.o(i.serial_tx)
    i.std_header_set                         0x0000598c   Section        0  nrf_log_frontend.o(i.std_header_set)
    std_header_set                           0x0000598d   Thumb Code    96  nrf_log_frontend.o(i.std_header_set)
    i.std_n                                  0x000059f0   Section        0  nrf_log_frontend.o(i.std_n)
    std_n                                    0x000059f1   Thumb Code   106  nrf_log_frontend.o(i.std_n)
    i.string_print                           0x00005a60   Section        0  nrf_fprintf_format.o(i.string_print)
    string_print                             0x00005a61   Thumb Code   116  nrf_fprintf_format.o(i.string_print)
    i.timestamp_print                        0x00005ad4   Section        0  nrf_log_str_formatter.o(i.timestamp_print)
    timestamp_print                          0x00005ad5   Thumb Code     2  nrf_log_str_formatter.o(i.timestamp_print)
    i.twi_clear_bus                          0x00005ad8   Section        0  nrf_drv_twi.o(i.twi_clear_bus)
    twi_clear_bus                            0x00005ad9   Thumb Code   146  nrf_drv_twi.o(i.twi_clear_bus)
    i.twi_evt_handler                        0x00005b70   Section        0  nrf_drv_twi.o(i.twi_evt_handler)
    twi_evt_handler                          0x00005b71   Thumb Code    64  nrf_drv_twi.o(i.twi_evt_handler)
    i.twi_init                               0x00005bb8   Section        0  main.o(i.twi_init)
    i.twi_irq_handler                        0x00005c0c   Section        0  nrfx_twi.o(i.twi_irq_handler)
    twi_irq_handler                          0x00005c0d   Thumb Code   214  nrfx_twi.o(i.twi_irq_handler)
    i.twi_process_error                      0x00005ce2   Section        0  nrfx_twi.o(i.twi_process_error)
    twi_process_error                        0x00005ce3   Thumb Code    36  nrfx_twi.o(i.twi_process_error)
    i.twi_receive_byte                       0x00005d06   Section        0  nrfx_twi.o(i.twi_receive_byte)
    twi_receive_byte                         0x00005d07   Thumb Code    76  nrfx_twi.o(i.twi_receive_byte)
    i.twi_rx_start_transfer                  0x00005d54   Section        0  nrfx_twi.o(i.twi_rx_start_transfer)
    twi_rx_start_transfer                    0x00005d55   Thumb Code   230  nrfx_twi.o(i.twi_rx_start_transfer)
    i.twi_send_byte                          0x00005e40   Section        0  nrfx_twi.o(i.twi_send_byte)
    twi_send_byte                            0x00005e41   Thumb Code    72  nrfx_twi.o(i.twi_send_byte)
    i.twi_transfer                           0x00005e88   Section        0  nrfx_twi.o(i.twi_transfer)
    twi_transfer                             0x00005e89   Thumb Code   294  nrfx_twi.o(i.twi_transfer)
    i.twi_tx_start_transfer                  0x00005fb0   Section        0  nrfx_twi.o(i.twi_tx_start_transfer)
    twi_tx_start_transfer                    0x00005fb1   Thumb Code   236  nrfx_twi.o(i.twi_tx_start_transfer)
    i.twi_xfer                               0x000060a0   Section        0  nrfx_twi.o(i.twi_xfer)
    twi_xfer                                 0x000060a1   Thumb Code   176  nrfx_twi.o(i.twi_xfer)
    i.tx_blocking                            0x00006154   Section        0  nrfx_uart.o(i.tx_blocking)
    tx_blocking                              0x00006155   Thumb Code    54  nrfx_uart.o(i.tx_blocking)
    i.tx_byte                                0x0000618a   Section        0  nrfx_uart.o(i.tx_byte)
    tx_byte                                  0x0000618b   Thumb Code    38  nrfx_uart.o(i.tx_byte)
    i.tx_done_event                          0x000061b0   Section        0  nrfx_uart.o(i.tx_done_event)
    tx_done_event                            0x000061b1   Thumb Code    32  nrfx_uart.o(i.tx_done_event)
    i.tx_done_event                          0x000061d0   Section        0  nrfx_uarte.o(i.tx_done_event)
    tx_done_event                            0x000061d1   Thumb Code    32  nrfx_uarte.o(i.tx_done_event)
    i.uart_evt_handler                       0x000061f0   Section        0  nrf_drv_uart.o(i.uart_evt_handler)
    uart_evt_handler                         0x000061f1   Thumb Code    46  nrf_drv_uart.o(i.uart_evt_handler)
    i.uart_evt_handler                       0x00006228   Section        0  nrf_log_backend_uart.o(i.uart_evt_handler)
    uart_evt_handler                         0x00006229   Thumb Code     8  nrf_log_backend_uart.o(i.uart_evt_handler)
    i.uart_init                              0x00006234   Section        0  nrf_log_backend_uart.o(i.uart_init)
    uart_init                                0x00006235   Thumb Code    86  nrf_log_backend_uart.o(i.uart_init)
    i.uart_irq_handler                       0x000062a0   Section        0  nrfx_uart.o(i.uart_irq_handler)
    uart_irq_handler                         0x000062a1   Thumb Code   332  nrfx_uart.o(i.uart_irq_handler)
    i.uarte_evt_handler                      0x000063ec   Section        0  nrf_drv_uart.o(i.uarte_evt_handler)
    uarte_evt_handler                        0x000063ed   Thumb Code    46  nrf_drv_uart.o(i.uarte_evt_handler)
    i.uarte_irq_handler                      0x00006424   Section        0  nrfx_uarte.o(i.uarte_irq_handler)
    uarte_irq_handler                        0x00006425   Thumb Code   260  nrfx_uarte.o(i.uarte_irq_handler)
    i.unsigned_print                         0x00006528   Section        0  nrf_fprintf_format.o(i.unsigned_print)
    unsigned_print                           0x00006529   Thumb Code   178  nrf_fprintf_format.o(i.unsigned_print)
    .constdata                               0x000065e0   Section       40  main.o(.constdata)
    delay_machine_code                       0x000065f0   Data           6  main.o(.constdata)
    .constdata                               0x00006610   Section        6  bmx055_support.o(.constdata)
    delay_machine_code                       0x00006610   Data           6  bmx055_support.o(.constdata)
    .constdata                               0x00006620   Section        6  nrf_drv_twi.o(.constdata)
    delay_machine_code                       0x00006620   Data           6  nrf_drv_twi.o(.constdata)
    .constdata                               0x00006628   Section       64  nrfx_twi.o(.constdata)
    __func__                                 0x00006628   Data          14  nrfx_twi.o(.constdata)
    irq_handlers                             0x00006638   Data           4  nrfx_twi.o(.constdata)
    __func__                                 0x0000663c   Data           9  nrfx_twi.o(.constdata)
    __func__                                 0x00006645   Data          14  nrfx_twi.o(.constdata)
    .constdata                               0x00006668   Section       46  nrfx_uart.o(.constdata)
    __func__                                 0x00006668   Data          15  nrfx_uart.o(.constdata)
    irq_handlers                             0x00006678   Data           4  nrfx_uart.o(.constdata)
    __func__                                 0x0000667c   Data          13  nrfx_uart.o(.constdata)
    __func__                                 0x00006689   Data          13  nrfx_uart.o(.constdata)
    .constdata                               0x00006698   Section       48  nrfx_uarte.o(.constdata)
    __func__                                 0x00006698   Data          16  nrfx_uarte.o(.constdata)
    irq_handlers                             0x000066a8   Data           4  nrfx_uarte.o(.constdata)
    __func__                                 0x000066ac   Data          14  nrfx_uarte.o(.constdata)
    __func__                                 0x000066ba   Data          14  nrfx_uarte.o(.constdata)
    .constdata                               0x000066c8   Section       16  nrf_fprintf_format.o(.constdata)
    _aV2C                                    0x000066c8   Data          16  nrf_fprintf_format.o(.constdata)
    .constdata                               0x000066d8   Section      300  nrf_strerror.o(.constdata)
    m_unknown_str                            0x000066d8   Data          19  nrf_strerror.o(.constdata)
    nrf_strerror_array                       0x000066ec   Data         280  nrf_strerror.o(.constdata)
    .constdata                               0x00006804   Section       44  nrf_log_backend_uart.o(.constdata)
    .constdata                               0x00006830   Section       12  nrf_log_frontend.o(.constdata)
    m_log_push_ringbuf                       0x00006830   Data          12  nrf_log_frontend.o(.constdata)
    .constdata                               0x0000683c   Section      129  ctype_o.o(.constdata)
    .constdata                               0x000068c0   Section        4  ctype_o.o(.constdata)
    table                                    0x000068c0   Data           4  ctype_o.o(.constdata)
    .conststring                             0x000068c4   Section      959  nrf_strerror.o(.conststring)
    .conststring                             0x00006c84   Section       70  nrf_log_backend_uart.o(.conststring)
    .conststring                             0x00006ccc   Section      102  nrf_log_str_formatter.o(.conststring)
    .conststrlit                             0x00006d34   Section        4  nrfx_prs.o(.conststrlit)
    .conststrlit                             0x00006d38   Section        4  nrfx_twi.o(.conststrlit)
    .conststrlit                             0x00006d3c   Section        5  nrfx_uart.o(.conststrlit)
    .conststrlit                             0x00006d44   Section        6  nrfx_uarte.o(.conststrlit)
    .conststrlit                             0x00006d4c   Section       17  nrf_log_default_backends.o(.conststrlit)
    .conststrlit                             0x00006d60   Section        4  nrf_log_frontend.o(.conststrlit)
    log_backends                             0x00006d84   Section       16  nrf_log_default_backends.o(log_backends)
    __tagsym$$used                           0x00006d84   Number         0  nrf_log_default_backends.o(log_backends)
    uart_log_backend                         0x00006d84   Data          16  nrf_log_default_backends.o(log_backends)
    log_const_data                           0x00006d94   Section        8  nrfx_prs.o(log_const_data)
    __tagsym$$used                           0x00006d94   Number         0  nrfx_prs.o(log_const_data)
    log_const_data                           0x00006d9c   Section        8  nrfx_twi.o(log_const_data)
    __tagsym$$used                           0x00006d9c   Number         0  nrfx_twi.o(log_const_data)
    log_const_data                           0x00006da4   Section        8  nrfx_uart.o(log_const_data)
    __tagsym$$used                           0x00006da4   Number         0  nrfx_uart.o(log_const_data)
    log_const_data                           0x00006dac   Section        8  nrfx_uarte.o(log_const_data)
    __tagsym$$used                           0x00006dac   Number         0  nrfx_uarte.o(log_const_data)
    log_const_data                           0x00006db4   Section        8  nrf_log_frontend.o(log_const_data)
    __tagsym$$used                           0x00006db4   Number         0  nrf_log_frontend.o(log_const_data)
    nrf_balloc                               0x00006dbc   Section       20  nrf_log_frontend.o(nrf_balloc)
    __tagsym$$used                           0x00006dbc   Number         0  nrf_log_frontend.o(nrf_balloc)
    .data                                    0x20000000   Section        2  main.o(.data)
    m_xfer_done                              0x20000000   Data           1  main.o(.data)
    magRstCount                              0x20000001   Data           1  main.o(.data)
    .data                                    0x20000004   Section        5  bma2x2.o(.data)
    p_bma2x2                                 0x20000004   Data           4  bma2x2.o(.data)
    .data                                    0x2000000c   Section        4  bmg160.o(.data)
    p_bmg160                                 0x2000000c   Data           4  bmg160.o(.data)
    .data                                    0x20000010   Section        4  bmm050.o(.data)
    p_bmm050                                 0x20000010   Data           4  bmm050.o(.data)
    .data                                    0x20000014   Section       16  bmx055_support.o(.data)
    .data                                    0x20000024   Section       36  mahonyahrs.o(.data)
    .data                                    0x20000048   Section       16  nrf_drv_twi.o(.data)
    m_handlers                               0x20000048   Data           8  nrf_drv_twi.o(.data)
    m_contexts                               0x20000050   Data           8  nrf_drv_twi.o(.data)
    .data                                    0x20000058   Section        9  nrf_drv_uart.o(.data)
    m_handlers                               0x20000058   Data           4  nrf_drv_uart.o(.data)
    m_contexts                               0x2000005c   Data           4  nrf_drv_uart.o(.data)
    .data                                    0x20000064   Section        8  nrfx_prs.o(.data)
    m_prs_box_4                              0x20000064   Data           8  nrfx_prs.o(.data)
    .data                                    0x2000006c   Section        4  app_util_platform.o(.data)
    m_in_critical_region                     0x2000006c   Data           4  app_util_platform.o(.data)
    .data                                    0x20000070   Section       22  nrf_log_backend_uart.o(.data)
    m_xfer_done                              0x20000084   Data           1  nrf_log_backend_uart.o(.data)
    m_async_mode                             0x20000085   Data           1  nrf_log_backend_uart.o(.data)
    .data                                    0x20000088   Section        8  nrf_log_default_backends.o(.data)
    log_backend_cb_uart_log_backend          0x20000088   Data           8  nrf_log_default_backends.o(.data)
    .data                                    0x20000090   Section       16  nrf_log_frontend.o(.data)
    log_mempool_nrf_balloc_pool_stack        0x20000090   Data           8  nrf_log_frontend.o(.data)
    log_mempool_nrf_balloc_cb                0x20000098   Data           8  nrf_log_frontend.o(.data)
    .data                                    0x200000a0   Section       64  nrf_log_str_formatter.o(.data)
    severity_names                           0x200000a0   Data          20  nrf_log_str_formatter.o(.data)
    m_colors                                 0x200000b4   Data          36  nrf_log_str_formatter.o(.data)
    m_freq                                   0x200000d8   Data           4  nrf_log_str_formatter.o(.data)
    m_timestamp_div                          0x200000dc   Data           4  nrf_log_str_formatter.o(.data)
    .data                                    0x200000e0   Section        4  system_nrf52.o(.data)
    __tagsym$$used                           0x200000e0   Number         0  system_nrf52.o(.data)
    .data                                    0x200000e4   Section        4  errno.o(.data)
    _errno                                   0x200000e4   Data           4  errno.o(.data)
    .bss                                     0x200000e8   Section       76  bmx055_support.o(.bss)
    .bss                                     0x20000134   Section       60  nrfx_twi.o(.bss)
    m_cb                                     0x20000134   Data          60  nrfx_twi.o(.bss)
    .bss                                     0x20000170   Section       44  nrfx_uart.o(.bss)
    m_cb                                     0x20000170   Data          44  nrfx_uart.o(.bss)
    .bss                                     0x2000019c   Section       36  nrfx_uarte.o(.bss)
    m_cb                                     0x2000019c   Data          36  nrfx_uarte.o(.bss)
    .bss                                     0x200001c0   Section       32  app_error.o(.bss)
    m_error_data                             0x200001c0   Data          32  app_error.o(.bss)
    .bss                                     0x200001e0   Section       64  nrf_log_backend_uart.o(.bss)
    m_string_buff                            0x200001e0   Data          64  nrf_log_backend_uart.o(.bss)
    .bss                                     0x20000220   Section     1404  nrf_log_frontend.o(.bss)
    log_mempool_nrf_balloc_pool_mem          0x20000220   Data         192  nrf_log_frontend.o(.bss)
    m_log_push_ringbuf_buf                   0x200002e0   Data         128  nrf_log_frontend.o(.bss)
    m_log_push_ringbuf_cb                    0x20000360   Data          24  nrf_log_frontend.o(.bss)
    m_log_data                               0x20000378   Data        1060  nrf_log_frontend.o(.bss)
    STACK                                    0x200007a0   Section     8192  arm_startup_nrf52.o(STACK)

    Global Symbols

    Symbol Name                              Value     Ov Type        Size  Object(Section)

    BuildAttributes$$THM_ISAv4$E$P$D$K$B$S$7EM$VFPi3$EXTD16$VFPS$VFMA$PE$A:L22UL41UL21$X:L11$S22US41US21$IEEE1$IW$USESV6$~STKCKD$USESV7$~SHL$OTIME$ROPI$IEEEX$EBA8$MICROLIB$REQ8$EABIv2 0x00000000   Number         0  anon$$obj.o ABSOLUTE
    __ARM_use_no_argv                        0x00000000   Number         0  main.o ABSOLUTE
    __Vectors                                0x00000000   Data           4  arm_startup_nrf52.o(RESET)
    __use_no_errno                           0x00000000   Number         0  useno.o ABSOLUTE
    __use_no_exception_handling              0x00000000   Number         0  useno.o ABSOLUTE
    __use_no_fp                              0x00000000   Number         0  useno.o ABSOLUTE
    __use_no_heap                            0x00000000   Number         0  useno.o ABSOLUTE
    __use_no_heap_region                     0x00000000   Number         0  useno.o ABSOLUTE
    __use_no_semihosting                     0x00000000   Number         0  useno.o ABSOLUTE
    __use_no_semihosting_swi                 0x00000000   Number         0  useno.o ABSOLUTE
    __use_no_signal_handling                 0x00000000   Number         0  useno.o ABSOLUTE
    __cpp_initialize__aeabi_                  - Undefined Weak Reference
    __cxa_finalize                            - Undefined Weak Reference
    __decompress                              - Undefined Weak Reference
    _clock_init                               - Undefined Weak Reference
    _microlib_exit                            - Undefined Weak Reference
    log_dynamic_data$$Base                    - Undefined Reference
    __Vectors_End                            0x00000200   Data           0  arm_startup_nrf52.o(RESET)
    __Vectors_Size                           0x00000200   Number         0  arm_startup_nrf52.o ABSOLUTE
    __main                                   0x00000201   Thumb Code     0  entry.o(.ARM.Collect$$$$00000000)
    _main_stk                                0x00000201   Thumb Code     0  entry2.o(.ARM.Collect$$$$00000001)
    _main_scatterload                        0x00000205   Thumb Code     0  entry5.o(.ARM.Collect$$$$00000004)
    __main_after_scatterload                 0x00000209   Thumb Code     0  entry5.o(.ARM.Collect$$$$00000004)
    _main_clock                              0x00000209   Thumb Code     0  entry7b.o(.ARM.Collect$$$$00000008)
    _main_cpp_init                           0x00000209   Thumb Code     0  entry8b.o(.ARM.Collect$$$$0000000A)
    _main_init                               0x00000209   Thumb Code     0  entry9a.o(.ARM.Collect$$$$0000000B)
    __rt_final_cpp                           0x00000211   Thumb Code     0  entry10a.o(.ARM.Collect$$$$0000000D)
    __rt_final_exit                          0x00000211   Thumb Code     0  entry11a.o(.ARM.Collect$$$$0000000F)
    app_error_handler                        0x00000215   Thumb Code    26  app_error_handler_keil.o(.emb_text)
    __asm___12_nrf_atomic_c_85ca2469__nrf_atomic_internal_mov 0x00000231   Thumb Code    24  nrf_atomic.o(.emb_text)
    __asm___12_nrf_atomic_c_85ca2469__nrf_atomic_internal_orr 0x00000249   Thumb Code    26  nrf_atomic.o(.emb_text)
    __asm___12_nrf_atomic_c_85ca2469__nrf_atomic_internal_and 0x00000263   Thumb Code    26  nrf_atomic.o(.emb_text)
    __asm___12_nrf_atomic_c_85ca2469__nrf_atomic_internal_eor 0x0000027d   Thumb Code    26  nrf_atomic.o(.emb_text)
    __asm___12_nrf_atomic_c_85ca2469__nrf_atomic_internal_add 0x00000297   Thumb Code    26  nrf_atomic.o(.emb_text)
    __asm___12_nrf_atomic_c_85ca2469__nrf_atomic_internal_sub 0x000002b1   Thumb Code    26  nrf_atomic.o(.emb_text)
    __asm___12_nrf_atomic_c_85ca2469__nrf_atomic_internal_cmp_exch 0x000002cb   Thumb Code    42  nrf_atomic.o(.emb_text)
    __asm___12_nrf_atomic_c_85ca2469__nrf_atomic_internal_sub_hs 0x000002f5   Thumb Code    30  nrf_atomic.o(.emb_text)
    Reset_Handler                            0x00000315   Thumb Code     8  arm_startup_nrf52.o(.text)
    NMI_Handler                              0x0000031d   Thumb Code     2  arm_startup_nrf52.o(.text)
    HardFault_Handler                        0x0000031f   Thumb Code     2  arm_startup_nrf52.o(.text)
    MemoryManagement_Handler                 0x00000321   Thumb Code     2  arm_startup_nrf52.o(.text)
    BusFault_Handler                         0x00000323   Thumb Code     2  arm_startup_nrf52.o(.text)
    UsageFault_Handler                       0x00000325   Thumb Code     2  arm_startup_nrf52.o(.text)
    SVC_Handler                              0x00000327   Thumb Code     2  arm_startup_nrf52.o(.text)
    DebugMon_Handler                         0x00000329   Thumb Code     2  arm_startup_nrf52.o(.text)
    PendSV_Handler                           0x0000032b   Thumb Code     2  arm_startup_nrf52.o(.text)
    SysTick_Handler                          0x0000032d   Thumb Code     2  arm_startup_nrf52.o(.text)
    CCM_AAR_IRQHandler                       0x0000032f   Thumb Code     0  arm_startup_nrf52.o(.text)
    COMP_LPCOMP_IRQHandler                   0x0000032f   Thumb Code     0  arm_startup_nrf52.o(.text)
    ECB_IRQHandler                           0x0000032f   Thumb Code     0  arm_startup_nrf52.o(.text)
    GPIOTE_IRQHandler                        0x0000032f   Thumb Code     0  arm_startup_nrf52.o(.text)
    I2S_IRQHandler                           0x0000032f   Thumb Code     0  arm_startup_nrf52.o(.text)
    MWU_IRQHandler                           0x0000032f   Thumb Code     0  arm_startup_nrf52.o(.text)
    NFCT_IRQHandler                          0x0000032f   Thumb Code     0  arm_startup_nrf52.o(.text)
    PDM_IRQHandler                           0x0000032f   Thumb Code     0  arm_startup_nrf52.o(.text)
    POWER_CLOCK_IRQHandler                   0x0000032f   Thumb Code     0  arm_startup_nrf52.o(.text)
    PWM0_IRQHandler                          0x0000032f   Thumb Code     0  arm_startup_nrf52.o(.text)
    PWM1_IRQHandler                          0x0000032f   Thumb Code     0  arm_startup_nrf52.o(.text)
    PWM2_IRQHandler                          0x0000032f   Thumb Code     0  arm_startup_nrf52.o(.text)
    QDEC_IRQHandler                          0x0000032f   Thumb Code     0  arm_startup_nrf52.o(.text)
    RADIO_IRQHandler                         0x0000032f   Thumb Code     0  arm_startup_nrf52.o(.text)
    RNG_IRQHandler                           0x0000032f   Thumb Code     0  arm_startup_nrf52.o(.text)
    RTC0_IRQHandler                          0x0000032f   Thumb Code     0  arm_startup_nrf52.o(.text)
    RTC1_IRQHandler                          0x0000032f   Thumb Code     0  arm_startup_nrf52.o(.text)
    RTC2_IRQHandler                          0x0000032f   Thumb Code     0  arm_startup_nrf52.o(.text)
    SAADC_IRQHandler                         0x0000032f   Thumb Code     0  arm_startup_nrf52.o(.text)
    SPIM1_SPIS1_TWIM1_TWIS1_SPI1_TWI1_IRQHandler 0x0000032f   Thumb Code     0  arm_startup_nrf52.o(.text)
    SPIM2_SPIS2_SPI2_IRQHandler              0x0000032f   Thumb Code     0  arm_startup_nrf52.o(.text)
    SWI0_EGU0_IRQHandler                     0x0000032f   Thumb Code     0  arm_startup_nrf52.o(.text)
    SWI1_EGU1_IRQHandler                     0x0000032f   Thumb Code     0  arm_startup_nrf52.o(.text)
    SWI2_EGU2_IRQHandler                     0x0000032f   Thumb Code     0  arm_startup_nrf52.o(.text)
    SWI3_EGU3_IRQHandler                     0x0000032f   Thumb Code     0  arm_startup_nrf52.o(.text)
    SWI4_EGU4_IRQHandler                     0x0000032f   Thumb Code     0  arm_startup_nrf52.o(.text)
    SWI5_EGU5_IRQHandler                     0x0000032f   Thumb Code     0  arm_startup_nrf52.o(.text)
    TEMP_IRQHandler                          0x0000032f   Thumb Code     0  arm_startup_nrf52.o(.text)
    TIMER0_IRQHandler                        0x0000032f   Thumb Code     0  arm_startup_nrf52.o(.text)
    TIMER1_IRQHandler                        0x0000032f   Thumb Code     0  arm_startup_nrf52.o(.text)
    TIMER2_IRQHandler                        0x0000032f   Thumb Code     0  arm_startup_nrf52.o(.text)
    TIMER3_IRQHandler                        0x0000032f   Thumb Code     0  arm_startup_nrf52.o(.text)
    TIMER4_IRQHandler                        0x0000032f   Thumb Code     0  arm_startup_nrf52.o(.text)
    WDT_IRQHandler                           0x0000032f   Thumb Code     0  arm_startup_nrf52.o(.text)
    arm_float_to_q31                         0x00000339   Thumb Code   404  arm_float_to_q31.o(.text)
    __rt_ctype_table                         0x000004d1   Thumb Code     4  ctype_o.o(.text)
    __aeabi_memcpy                           0x000004d9   Thumb Code    36  memcpya.o(.text)
    __aeabi_memcpy4                          0x000004d9   Thumb Code     0  memcpya.o(.text)
    __aeabi_memcpy8                          0x000004d9   Thumb Code     0  memcpya.o(.text)
    __aeabi_memset                           0x000004fd   Thumb Code    14  memseta.o(.text)
    __aeabi_memset4                          0x000004fd   Thumb Code     0  memseta.o(.text)
    __aeabi_memset8                          0x000004fd   Thumb Code     0  memseta.o(.text)
    __aeabi_memclr                           0x0000050b   Thumb Code     4  memseta.o(.text)
    __aeabi_memclr4                          0x0000050b   Thumb Code     0  memseta.o(.text)
    __aeabi_memclr8                          0x0000050b   Thumb Code     0  memseta.o(.text)
    _memset$wrapper                          0x0000050f   Thumb Code    18  memseta.o(.text)
    strlen                                   0x00000521   Thumb Code    14  strlen.o(.text)
    __aeabi_f2lz                             0x0000052f   Thumb Code    66  ffixl.o(.text)
    __aeabi_f2d                              0x00000571   Thumb Code    38  f2d.o(.text)
    __aeabi_d2f                              0x00000597   Thumb Code    56  d2f.o(.text)
    __aeabi_llsl                             0x000005cf   Thumb Code    30  llshl.o(.text)
    _ll_shift_l                              0x000005cf   Thumb Code     0  llshl.o(.text)
    __I$use$fp                               0x000005ed   Thumb Code     0  iusefp.o(.text)
    _float_round                             0x000005ed   Thumb Code    18  fepilogue.o(.text)
    _float_epilogue                          0x000005ff   Thumb Code    92  fepilogue.o(.text)
    _double_round                            0x0000065b   Thumb Code    30  depilogue.o(.text)
    _double_epilogue                         0x00000679   Thumb Code   156  depilogue.o(.text)
    _dsqrt                                   0x00000715   Thumb Code   162  dsqrt.o(.text)
    __scatterload                            0x000007b9   Thumb Code    28  init.o(.text)
    __scatterload_rt2                        0x000007b9   Thumb Code     0  init.o(.text)
    __aeabi_llsr                             0x000007dd   Thumb Code    32  llushr.o(.text)
    _ll_ushift_r                             0x000007dd   Thumb Code     0  llushr.o(.text)
    BMA2x2_I2C_bus_read                      0x000007fd   Thumb Code    86  bmx055_support.o(i.BMA2x2_I2C_bus_read)
    BMA2x2_I2C_bus_write                     0x00000859   Thumb Code    70  bmx055_support.o(i.BMA2x2_I2C_bus_write)
    BMA2x2_I2C_routine                       0x000008a5   Thumb Code    22  bmx055_support.o(i.BMA2x2_I2C_routine)
    BMA2x2_delay_msek                        0x000008cd   Thumb Code    12  bmx055_support.o(i.BMA2x2_delay_msek)
    BMG160_I2C_bus_read                      0x000008d9   Thumb Code    86  bmx055_support.o(i.BMG160_I2C_bus_read)
    BMG160_I2C_bus_write                     0x00000935   Thumb Code    70  bmx055_support.o(i.BMG160_I2C_bus_write)
    BMG160_I2C_routine                       0x00000981   Thumb Code    22  bmx055_support.o(i.BMG160_I2C_routine)
    BMG160_delay_msek                        0x000009a9   Thumb Code    12  bmx055_support.o(i.BMG160_delay_msek)
    BMM050_I2C_bus_read                      0x000009b5   Thumb Code    86  bmx055_support.o(i.BMM050_I2C_bus_read)
    BMM050_I2C_bus_write                     0x00000a11   Thumb Code    70  bmx055_support.o(i.BMM050_I2C_bus_write)
    BMM050_I2C_routine                       0x00000a5d   Thumb Code    22  bmx055_support.o(i.BMM050_I2C_routine)
    BMM050_delay_msek                        0x00000a85   Thumb Code    12  bmx055_support.o(i.BMM050_delay_msek)
    BMX055_CalibrateMag                      0x00000a91   Thumb Code   246  bmx055_support.o(i.BMX055_CalibrateMag)
    BMX055_config                            0x00000b9d   Thumb Code   212  bmx055_support.o(i.BMX055_config)
    BMX055_updateAHRS                        0x00000ce1   Thumb Code   400  bmx055_support.o(i.BMX055_updateAHRS)
    BMX055_updateIMU                         0x00000e95   Thumb Code   272  bmx055_support.o(i.BMX055_updateIMU)
    FPU_IRQHandler                           0x00000fb5   Thumb Code    24  main.o(i.FPU_IRQHandler)
    MahonyAHRSupdate                         0x00000fd1   Thumb Code  1546  mahonyahrs.o(i.MahonyAHRSupdate)
    MahonyAHRSupdateIMU                      0x000015ed   Thumb Code   788  mahonyahrs.o(i.MahonyAHRSupdateIMU)
    SPIM0_SPIS0_TWIM0_TWIS0_SPI0_TWI0_IRQHandler 0x00001931   Thumb Code    12  nrfx_twi.o(i.SPIM0_SPIS0_TWIM0_TWIS0_SPI0_TWI0_IRQHandler)
    SystemCoreClockUpdate                    0x00001945   Thumb Code     8  system_nrf52.o(i.SystemCoreClockUpdate)
    SystemInit                               0x00001955   Thumb Code   596  system_nrf52.o(i.SystemInit)
    UARTE0_UART0_IRQHandler                  0x00001bed   Thumb Code    10  nrfx_prs.o(i.UARTE0_UART0_IRQHandler)
    __hardfp_sqrt                            0x00001bfd   Thumb Code   122  sqrt_full.o(i.__hardfp_sqrt)
    __scatterload_copy                       0x00001c77   Thumb Code    14  handlers.o(i.__scatterload_copy)
    __scatterload_null                       0x00001c85   Thumb Code     2  handlers.o(i.__scatterload_null)
    __scatterload_zeroinit                   0x00001c87   Thumb Code    14  handlers.o(i.__scatterload_zeroinit)
    __set_errno                              0x00001c95   Thumb Code     6  errno.o(i.__set_errno)
    app_error_fault_handler                  0x00001ca1   Thumb Code   198  app_error_weak.o(i.app_error_fault_handler)
    app_error_save_and_stop                  0x00001de5   Thumb Code   132  app_error.o(i.app_error_save_and_stop)
    app_util_critical_region_enter           0x00001e6d   Thumb Code    10  app_util_platform.o(i.app_util_critical_region_enter)
    app_util_critical_region_exit            0x00001e77   Thumb Code    10  app_util_platform.o(i.app_util_critical_region_exit)
    app_util_disable_irq                     0x00001e81   Thumb Code    14  app_util_platform.o(i.app_util_disable_irq)
    app_util_enable_irq                      0x00001e95   Thumb Code    20  app_util_platform.o(i.app_util_enable_irq)
    bma2x2_init                              0x00001fe1   Thumb Code    88  bma2x2.o(i.bma2x2_init)
    bma2x2_read_accel_xyz                    0x0000203d   Thumb Code   378  bma2x2.o(i.bma2x2_read_accel_xyz)
    bma2x2_read_reg                          0x000021c1   Thumb Code    56  bma2x2.o(i.bma2x2_read_reg)
    bma2x2_set_bw                            0x000021fd   Thumb Code   270  bma2x2.o(i.bma2x2_set_bw)
    bma2x2_set_mode_value                    0x00002311   Thumb Code   138  bma2x2.o(i.bma2x2_set_mode_value)
    bma2x2_set_power_mode                    0x000023a1   Thumb Code   278  bma2x2.o(i.bma2x2_set_power_mode)
    bma2x2_set_range                         0x000024bd   Thumb Code   168  bma2x2.o(i.bma2x2_set_range)
    bma2x2_write_reg                         0x00002569   Thumb Code    74  bma2x2.o(i.bma2x2_write_reg)
    bmg160_get_auto_sleep_durn               0x000025b9   Thumb Code    60  bmg160.o(i.bmg160_get_auto_sleep_durn)
    bmg160_get_bw                            0x000025f9   Thumb Code    60  bmg160.o(i.bmg160_get_bw)
    bmg160_get_data_XYZ                      0x00002639   Thumb Code   124  bmg160.o(i.bmg160_get_data_XYZ)
    bmg160_get_power_mode                    0x000026b9   Thumb Code   198  bmg160.o(i.bmg160_get_power_mode)
    bmg160_init                              0x00002785   Thumb Code    52  bmg160.o(i.bmg160_init)
    bmg160_set_auto_sleep_durn               0x000027bd   Thumb Code   228  bmg160.o(i.bmg160_set_auto_sleep_durn)
    bmg160_set_bw                            0x000028a5   Thumb Code   134  bmg160.o(i.bmg160_set_bw)
    bmg160_set_power_mode                    0x00002931   Thumb Code   622  bmg160.o(i.bmg160_set_power_mode)
    bmg160_set_range_reg                     0x00002ba5   Thumb Code    94  bmg160.o(i.bmg160_set_range_reg)
    bmm050_compensate_X                      0x00002c09   Thumb Code   134  bmm050.o(i.bmm050_compensate_X)
    bmm050_compensate_Y                      0x00002c99   Thumb Code   134  bmm050.o(i.bmm050_compensate_Y)
    bmm050_compensate_Z                      0x00002d29   Thumb Code   148  bmm050.o(i.bmm050_compensate_Z)
    bmm050_get_power_mode                    0x00002dc5   Thumb Code    62  bmm050.o(i.bmm050_get_power_mode)
    bmm050_init                              0x00002e09   Thumb Code    90  bmm050.o(i.bmm050_init)
    bmm050_init_trim_registers               0x00002e69   Thumb Code   408  bmm050.o(i.bmm050_init_trim_registers)
    bmm050_read_mag_data_XYZ                 0x00003005   Thumb Code   226  bmm050.o(i.bmm050_read_mag_data_XYZ)
    bmm050_set_data_rate                     0x000030ed   Thumb Code    84  bmm050.o(i.bmm050_set_data_rate)
    bmm050_set_functional_state              0x00003145   Thumb Code   352  bmm050.o(i.bmm050_set_functional_state)
    bmm050_set_power_mode                    0x000032a9   Thumb Code    84  bmm050.o(i.bmm050_set_power_mode)
    bmm050_set_presetmode                    0x00003301   Thumb Code   158  bmm050.o(i.bmm050_set_presetmode)
    bmm050_set_rep_XY                        0x000033a1   Thumb Code    52  bmm050.o(i.bmm050_set_rep_XY)
    bmm050_set_rep_Z                         0x000033d9   Thumb Code    52  bmm050.o(i.bmm050_set_rep_Z)
    buffer_is_empty                          0x00003511   Thumb Code    20  nrf_log_frontend.o(i.buffer_is_empty)
    eMPL_send_data                           0x00003541   Thumb Code   230  main.o(i.eMPL_send_data)
    invSqrt                                  0x00003b35   Thumb Code    56  mahonyahrs.o(i.invSqrt)
    main                                     0x00003c81   Thumb Code   320  main.o(i.main)
    nrf_atomic_flag_clear_fetch              0x00003f39   Thumb Code    14  nrf_atomic.o(i.nrf_atomic_flag_clear_fetch)
    nrf_atomic_flag_set                      0x00003f47   Thumb Code    14  nrf_atomic.o(i.nrf_atomic_flag_set)
    nrf_atomic_u32_add                       0x00003f55   Thumb Code    22  nrf_atomic.o(i.nrf_atomic_u32_add)
    nrf_atomic_u32_fetch_and                 0x00003f6b   Thumb Code    22  nrf_atomic.o(i.nrf_atomic_u32_fetch_and)
    nrf_atomic_u32_fetch_store               0x00003f81   Thumb Code    22  nrf_atomic.o(i.nrf_atomic_u32_fetch_store)
    nrf_atomic_u32_or                        0x00003f97   Thumb Code    22  nrf_atomic.o(i.nrf_atomic_u32_or)
    nrf_atomic_u32_sub                       0x00003fad   Thumb Code    22  nrf_atomic.o(i.nrf_atomic_u32_sub)
    nrf_balloc_alloc                         0x00003fc3   Thumb Code    76  nrf_balloc.o(i.nrf_balloc_alloc)
    nrf_balloc_free                          0x0000401f   Thumb Code    42  nrf_balloc.o(i.nrf_balloc_free)
    nrf_balloc_init                          0x00004055   Thumb Code    60  nrf_balloc.o(i.nrf_balloc_init)
    nrf_drv_twi_init                         0x000040f1   Thumb Code    68  nrf_drv_twi.o(i.nrf_drv_twi_init)
    nrf_drv_uart_init                        0x00004191   Thumb Code   118  nrf_drv_uart.o(i.nrf_drv_uart_init)
    nrf_fprintf                              0x0000421d   Thumb Code    42  nrf_fprintf.o(i.nrf_fprintf)
    nrf_fprintf_buffer_flush                 0x00004247   Thumb Code    28  nrf_fprintf.o(i.nrf_fprintf_buffer_flush)
    nrf_fprintf_fmt                          0x00004263   Thumb Code   496  nrf_fprintf_format.o(i.nrf_fprintf_fmt)
    nrf_log_backend_add                      0x000045e5   Thumb Code    78  nrf_log_frontend.o(i.nrf_log_backend_add)
    nrf_log_backend_serial_put               0x00004639   Thumb Code   242  nrf_log_backend_serial.o(i.nrf_log_backend_serial_put)
    nrf_log_backend_uart_init                0x0000472d   Thumb Code    12  nrf_log_backend_uart.o(i.nrf_log_backend_uart_init)
    nrf_log_color_id_get                     0x00004791   Thumb Code    52  nrf_log_frontend.o(i.nrf_log_color_id_get)
    nrf_log_default_backends_init            0x000047c9   Thumb Code    34  nrf_log_default_backends.o(i.nrf_log_default_backends_init)
    nrf_log_frontend_dequeue                 0x000047f1   Thumb Code   748  nrf_log_frontend.o(i.nrf_log_frontend_dequeue)
    nrf_log_frontend_std_0                   0x00004b01   Thumb Code    20  nrf_log_frontend.o(i.nrf_log_frontend_std_0)
    nrf_log_frontend_std_1                   0x00004b15   Thumb Code    24  nrf_log_frontend.o(i.nrf_log_frontend_std_1)
    nrf_log_frontend_std_2                   0x00004b2d   Thumb Code    32  nrf_log_frontend.o(i.nrf_log_frontend_std_2)
    nrf_log_frontend_std_3                   0x00004b4d   Thumb Code    40  nrf_log_frontend.o(i.nrf_log_frontend_std_3)
    nrf_log_frontend_std_5                   0x00004b75   Thumb Code    56  nrf_log_frontend.o(i.nrf_log_frontend_std_5)
    nrf_log_hexdump_entry_process            0x00004bad   Thumb Code   164  nrf_log_str_formatter.o(i.nrf_log_hexdump_entry_process)
    nrf_log_init                             0x00004c69   Thumb Code    68  nrf_log_frontend.o(i.nrf_log_init)
    nrf_log_module_cnt_get                   0x00004cc1   Thumb Code    10  nrf_log_frontend.o(i.nrf_log_module_cnt_get)
    nrf_log_module_name_get                  0x00004cd5   Thumb Code    30  nrf_log_frontend.o(i.nrf_log_module_name_get)
    nrf_log_panic                            0x00004cf9   Thumb Code    50  nrf_log_frontend.o(i.nrf_log_panic)
    nrf_log_std_entry_process                0x00004d31   Thumb Code   200  nrf_log_str_formatter.o(i.nrf_log_std_entry_process)
    nrf_memobj_alloc                         0x00004df9   Thumb Code   122  nrf_memobj.o(i.nrf_memobj_alloc)
    nrf_memobj_free                          0x00004e73   Thumb Code    64  nrf_memobj.o(i.nrf_memobj_free)
    nrf_memobj_get                           0x00004eb3   Thumb Code    16  nrf_memobj.o(i.nrf_memobj_get)
    nrf_memobj_pool_init                     0x00004ec3   Thumb Code    12  nrf_memobj.o(i.nrf_memobj_pool_init)
    nrf_memobj_put                           0x00004ecf   Thumb Code    30  nrf_memobj.o(i.nrf_memobj_put)
    nrf_memobj_read                          0x00004eed   Thumb Code    34  nrf_memobj.o(i.nrf_memobj_read)
    nrf_memobj_write                         0x00004f0f   Thumb Code    34  nrf_memobj.o(i.nrf_memobj_write)
    nrf_ringbuf_init                         0x00004f31   Thumb Code    28  nrf_ringbuf.o(i.nrf_ringbuf_init)
    nrf_strerror_find                        0x00004f4d   Thumb Code    60  nrf_strerror.o(i.nrf_strerror_find)
    nrf_strerror_get                         0x00004f8d   Thumb Code    22  nrf_strerror.o(i.nrf_strerror_get)
    nrfx_prs_acquire                         0x000050f9   Thumb Code    72  nrfx_prs.o(i.nrfx_prs_acquire)
    nrfx_prs_release                         0x00005141   Thumb Code    22  nrfx_prs.o(i.nrfx_prs_release)
    nrfx_twi_enable                          0x00005159   Thumb Code    34  nrfx_twi.o(i.nrfx_twi_enable)
    nrfx_twi_init                            0x00005181   Thumb Code   264  nrfx_twi.o(i.nrfx_twi_init)
    nrfx_twi_rx                              0x00005299   Thumb Code    44  nrfx_twi.o(i.nrfx_twi_rx)
    nrfx_twi_tx                              0x000052c9   Thumb Code    62  nrfx_twi.o(i.nrfx_twi_tx)
    nrfx_twi_xfer                            0x00005309   Thumb Code    44  nrfx_twi.o(i.nrfx_twi_xfer)
    nrfx_uart_0_irq_handler                  0x00005339   Thumb Code    12  nrfx_uart.o(i.nrfx_uart_0_irq_handler)
    nrfx_uart_init                           0x0000534d   Thumb Code   128  nrfx_uart.o(i.nrfx_uart_init)
    nrfx_uart_tx                             0x000053d5   Thumb Code   134  nrfx_uart.o(i.nrfx_uart_tx)
    nrfx_uart_tx_in_progress                 0x00005461   Thumb Code    30  nrfx_uart.o(i.nrfx_uart_tx_in_progress)
    nrfx_uart_uninit                         0x00005485   Thumb Code    62  nrfx_uart.o(i.nrfx_uart_uninit)
    nrfx_uarte_0_irq_handler                 0x000054c9   Thumb Code    12  nrfx_uarte.o(i.nrfx_uarte_0_irq_handler)
    nrfx_uarte_init                          0x000054dd   Thumb Code   120  nrfx_uarte.o(i.nrfx_uarte_init)
    nrfx_uarte_tx                            0x0000555d   Thumb Code   162  nrfx_uarte.o(i.nrfx_uarte_tx)
    nrfx_uarte_tx_in_progress                0x00005605   Thumb Code    26  nrfx_uarte.o(i.nrfx_uarte_tx_in_progress)
    nrfx_uarte_uninit                        0x00005625   Thumb Code    58  nrfx_uarte.o(i.nrfx_uarte_uninit)
    twi_init                                 0x00005bb9   Thumb Code    58  main.o(i.twi_init)
    m_twi                                    0x000065e0   Data          16  main.o(.constdata)
    nrf_log_backend_uart_api                 0x00006804   Data          12  nrf_log_backend_uart.o(.constdata)
    __ctype_table                            0x0000683c   Data         129  ctype_o.o(.constdata)
    Region$$Table$$Base                      0x00006d64   Number         0  anon$$obj.o(Region$$Table)
    Region$$Table$$Limit                     0x00006d84   Number         0  anon$$obj.o(Region$$Table)
    log_const_data$$Base                     0x00006d94   Number         0  nrfx_prs.o(log_const_data)
    m_nrf_log_PRS_logs_data_const            0x00006d94   Data           8  nrfx_prs.o(log_const_data)
    m_nrf_log_TWI_logs_data_const            0x00006d9c   Data           8  nrfx_twi.o(log_const_data)
    m_nrf_log_UART_logs_data_const           0x00006da4   Data           8  nrfx_uart.o(log_const_data)
    m_nrf_log_UARTE_logs_data_const          0x00006dac   Data           8  nrfx_uarte.o(log_const_data)
    m_nrf_log_app_logs_data_const            0x00006db4   Data           8  nrf_log_frontend.o(log_const_data)
    log_const_data$$Limit                    0x00006dbc   Number         0  nrf_log_frontend.o(log_const_data)
    log_mempool                              0x00006dbc   Data          20  nrf_log_frontend.o(nrf_balloc)
    V_BMA2x2RESOLUTION_U8                    0x20000008   Data           1  bma2x2.o(.data)
    xMagB                                    0x20000014   Data           4  bmx055_support.o(.data)
    xMagS                                    0x20000018   Data           4  bmx055_support.o(.data)
    yMagB                                    0x2000001c   Data           4  bmx055_support.o(.data)
    yMagS                                    0x20000020   Data           4  bmx055_support.o(.data)
    twoKp                                    0x20000024   Data           4  mahonyahrs.o(.data)
    twoKi                                    0x20000028   Data           4  mahonyahrs.o(.data)
    q0                                       0x2000002c   Data           4  mahonyahrs.o(.data)
    q1                                       0x20000030   Data           4  mahonyahrs.o(.data)
    q2                                       0x20000034   Data           4  mahonyahrs.o(.data)
    q3                                       0x20000038   Data           4  mahonyahrs.o(.data)
    integralFBx                              0x2000003c   Data           4  mahonyahrs.o(.data)
    integralFBy                              0x20000040   Data           4  mahonyahrs.o(.data)
    integralFBz                              0x20000044   Data           4  mahonyahrs.o(.data)
    nrf_drv_uart_use_easy_dma                0x20000060   Data           1  nrf_drv_uart.o(.data)
    m_uart                                   0x20000070   Data          20  nrf_log_backend_uart.o(.data)
    SystemCoreClock                          0x200000e0   Data           4  system_nrf52.o(.data)
    bma2x2                                   0x200000e8   Data          24  bmx055_support.o(.bss)
    bmm050                                   0x20000100   Data          32  bmx055_support.o(.bss)
    bmg160                                   0x20000120   Data          20  bmx055_support.o(.bss)
    __initial_sp                             0x200027a0   Data           0  arm_startup_nrf52.o(STACK)



==============================================================================

Memory Map of the image

  Image Entry point : 0x00000201

  Load Region LR_IROM1 (Base: 0x00000000, Size: 0x00006eb8, Max: 0x00080000, ABSOLUTE)

    Execution Region ER_IROM1 (Base: 0x00000000, Size: 0x00006dd0, Max: 0x00080000, ABSOLUTE)

    Base Addr    Size         Type   Attr      Idx    E Section Name        Object

    0x00000000   0x00000200   Data   RO         4985    RESET               arm_startup_nrf52.o
    0x00000200   0x00000000   Code   RO         5189  * .ARM.Collect$$$$00000000  mc_w.l(entry.o)
    0x00000200   0x00000004   Code   RO         5274    .ARM.Collect$$$$00000001  mc_w.l(entry2.o)
    0x00000204   0x00000004   Code   RO         5277    .ARM.Collect$$$$00000004  mc_w.l(entry5.o)
    0x00000208   0x00000000   Code   RO         5279    .ARM.Collect$$$$00000008  mc_w.l(entry7b.o)
    0x00000208   0x00000000   Code   RO         5281    .ARM.Collect$$$$0000000A  mc_w.l(entry8b.o)
    0x00000208   0x00000008   Code   RO         5282    .ARM.Collect$$$$0000000B  mc_w.l(entry9a.o)
    0x00000210   0x00000000   Code   RO         5284    .ARM.Collect$$$$0000000D  mc_w.l(entry10a.o)
    0x00000210   0x00000000   Code   RO         5286    .ARM.Collect$$$$0000000F  mc_w.l(entry11a.o)
    0x00000210   0x00000004   Code   RO         5275    .ARM.Collect$$$$00002712  mc_w.l(entry2.o)
    0x00000214   0x0000001a   Code   RO         3590    .emb_text           app_error_handler_keil.o
    0x0000022e   0x00000002   PAD
    0x00000230   0x000000e2   Code   RO         3739    .emb_text           nrf_atomic.o
    0x00000312   0x00000002   PAD
    0x00000314   0x00000024   Code   RO         4986    .text               arm_startup_nrf52.o
    0x00000338   0x00000198   Code   RO         5088    .text               arm_cortexM4lf_math.lib(arm_float_to_q31.o)
    0x000004d0   0x00000008   Code   RO         5197    .text               mc_w.l(ctype_o.o)
    0x000004d8   0x00000024   Code   RO         5225    .text               mc_w.l(memcpya.o)
    0x000004fc   0x00000024   Code   RO         5227    .text               mc_w.l(memseta.o)
    0x00000520   0x0000000e   Code   RO         5229    .text               mc_w.l(strlen.o)
    0x0000052e   0x00000042   Code   RO         5243    .text               mf_w.l(ffixl.o)
    0x00000570   0x00000026   Code   RO         5245    .text               mf_w.l(f2d.o)
    0x00000596   0x00000038   Code   RO         5247    .text               mf_w.l(d2f.o)
    0x000005ce   0x0000001e   Code   RO         5289    .text               mc_w.l(llshl.o)
    0x000005ec   0x00000000   Code   RO         5300    .text               mc_w.l(iusefp.o)
    0x000005ec   0x0000006e   Code   RO         5302    .text               mf_w.l(fepilogue.o)
    0x0000065a   0x000000ba   Code   RO         5304    .text               mf_w.l(depilogue.o)
    0x00000714   0x000000a2   Code   RO         5310    .text               mf_w.l(dsqrt.o)
    0x000007b6   0x00000002   PAD
    0x000007b8   0x00000024   Code   RO         5318    .text               mc_w.l(init.o)
    0x000007dc   0x00000020   Code   RO         5320    .text               mc_w.l(llushr.o)
    0x000007fc   0x0000005c   Code   RO         2169    i.BMA2x2_I2C_bus_read  bmx055_support.o
    0x00000858   0x0000004c   Code   RO         2170    i.BMA2x2_I2C_bus_write  bmx055_support.o
    0x000008a4   0x00000028   Code   RO         2171    i.BMA2x2_I2C_routine  bmx055_support.o
    0x000008cc   0x0000000c   Code   RO         2172    i.BMA2x2_delay_msek  bmx055_support.o
    0x000008d8   0x0000005c   Code   RO         2173    i.BMG160_I2C_bus_read  bmx055_support.o
    0x00000934   0x0000004c   Code   RO         2174    i.BMG160_I2C_bus_write  bmx055_support.o
    0x00000980   0x00000028   Code   RO         2175    i.BMG160_I2C_routine  bmx055_support.o
    0x000009a8   0x0000000c   Code   RO         2176    i.BMG160_delay_msek  bmx055_support.o
    0x000009b4   0x0000005c   Code   RO         2177    i.BMM050_I2C_bus_read  bmx055_support.o
    0x00000a10   0x0000004c   Code   RO         2178    i.BMM050_I2C_bus_write  bmx055_support.o
    0x00000a5c   0x00000028   Code   RO         2179    i.BMM050_I2C_routine  bmx055_support.o
    0x00000a84   0x0000000c   Code   RO         2180    i.BMM050_delay_msek  bmx055_support.o
    0x00000a90   0x0000010c   Code   RO         2182    i.BMX055_CalibrateMag  bmx055_support.o
    0x00000b9c   0x00000144   Code   RO         2183    i.BMX055_config     bmx055_support.o
    0x00000ce0   0x000001b4   Code   RO         2184    i.BMX055_updateAHRS  bmx055_support.o
    0x00000e94   0x00000120   Code   RO         2185    i.BMX055_updateIMU  bmx055_support.o
    0x00000fb4   0x0000001c   Code   RO            4    i.FPU_IRQHandler    main.o
    0x00000fd0   0x0000061c   Code   RO         2379    i.MahonyAHRSupdate  mahonyahrs.o
    0x000015ec   0x00000344   Code   RO         2380    i.MahonyAHRSupdateIMU  mahonyahrs.o
    0x00001930   0x00000014   Code   RO         2876    i.SPIM0_SPIS0_TWIM0_TWIS0_SPI0_TWI0_IRQHandler  nrfx_twi.o
    0x00001944   0x00000010   Code   RO         4993    i.SystemCoreClockUpdate  system_nrf52.o
    0x00001954   0x00000298   Code   RO         4994    i.SystemInit        system_nrf52.o
    0x00001bec   0x00000010   Code   RO         2813    i.UARTE0_UART0_IRQHandler  nrfx_prs.o
    0x00001bfc   0x0000007a   Code   RO         5177    i.__hardfp_sqrt     m_wm.l(sqrt_full.o)
    0x00001c76   0x0000000e   Code   RO         5324    i.__scatterload_copy  mc_w.l(handlers.o)
    0x00001c84   0x00000002   Code   RO         5325    i.__scatterload_null  mc_w.l(handlers.o)
    0x00001c86   0x0000000e   Code   RO         5326    i.__scatterload_zeroinit  mc_w.l(handlers.o)
    0x00001c94   0x0000000c   Code   RO         5295    i.__set_errno       mc_w.l(errno.o)
    0x00001ca0   0x00000144   Code   RO         3625    i.app_error_fault_handler  app_error_weak.o
    0x00001de4   0x00000088   Code   RO         3557    i.app_error_save_and_stop  app_error.o
    0x00001e6c   0x0000000a   Code   RO         3649    i.app_util_critical_region_enter  app_util_platform.o
    0x00001e76   0x0000000a   Code   RO         3650    i.app_util_critical_region_exit  app_util_platform.o
    0x00001e80   0x00000014   Code   RO         3651    i.app_util_disable_irq  app_util_platform.o
    0x00001e94   0x00000018   Code   RO         3652    i.app_util_enable_irq  app_util_platform.o
    0x00001eac   0x0000007c   Code   RO         3100    i.apply_config      nrfx_uart.o
    0x00001f28   0x0000007c   Code   RO         3339    i.apply_config      nrfx_uarte.o
    0x00001fa4   0x0000003c   Code   RO         4362    i.backend_id_assign  nrf_log_frontend.o
    0x00001fe0   0x0000005c   Code   RO          354    i.bma2x2_init       bma2x2.o
    0x0000203c   0x00000184   Code   RO          361    i.bma2x2_read_accel_xyz  bma2x2.o
    0x000021c0   0x0000003c   Code   RO          366    i.bma2x2_read_reg   bma2x2.o
    0x000021fc   0x00000114   Code   RO          369    i.bma2x2_set_bw     bma2x2.o
    0x00002310   0x00000090   Code   RO          399    i.bma2x2_set_mode_value  bma2x2.o
    0x000023a0   0x0000011c   Code   RO          410    i.bma2x2_set_power_mode  bma2x2.o
    0x000024bc   0x000000ac   Code   RO          411    i.bma2x2_set_range  bma2x2.o
    0x00002568   0x00000050   Code   RO          430    i.bma2x2_write_reg  bma2x2.o
    0x000025b8   0x00000040   Code   RO         1185    i.bmg160_get_auto_sleep_durn  bmg160.o
    0x000025f8   0x00000040   Code   RO         1187    i.bmg160_get_bw     bmg160.o
    0x00002638   0x00000080   Code   RO         1189    i.bmg160_get_data_XYZ  bmg160.o
    0x000026b8   0x000000cc   Code   RO         1235    i.bmg160_get_power_mode  bmg160.o
    0x00002784   0x00000038   Code   RO         1245    i.bmg160_init       bmg160.o
    0x000027bc   0x000000e8   Code   RO         1252    i.bmg160_set_auto_sleep_durn  bmg160.o
    0x000028a4   0x0000008c   Code   RO         1254    i.bmg160_set_bw     bmg160.o
    0x00002930   0x00000274   Code   RO         1290    i.bmg160_set_power_mode  bmg160.o
    0x00002ba4   0x00000064   Code   RO         1291    i.bmg160_set_range_reg  bmg160.o
    0x00002c08   0x00000090   Code   RO         1933    i.bmm050_compensate_X  bmm050.o
    0x00002c98   0x00000090   Code   RO         1935    i.bmm050_compensate_Y  bmm050.o
    0x00002d28   0x0000009c   Code   RO         1937    i.bmm050_compensate_Z  bmm050.o
    0x00002dc4   0x00000044   Code   RO         1943    i.bmm050_get_power_mode  bmm050.o
    0x00002e08   0x00000060   Code   RO         1949    i.bmm050_init       bmm050.o
    0x00002e68   0x0000019c   Code   RO         1950    i.bmm050_init_trim_registers  bmm050.o
    0x00003004   0x000000e8   Code   RO         1954    i.bmm050_read_mag_data_XYZ  bmm050.o
    0x000030ec   0x00000058   Code   RO         1960    i.bmm050_set_data_rate  bmm050.o
    0x00003144   0x00000164   Code   RO         1961    i.bmm050_set_functional_state  bmm050.o
    0x000032a8   0x00000058   Code   RO         1962    i.bmm050_set_power_mode  bmm050.o
    0x00003300   0x0000009e   Code   RO         1963    i.bmm050_set_presetmode  bmm050.o
    0x0000339e   0x00000002   PAD
    0x000033a0   0x00000038   Code   RO         1964    i.bmm050_set_rep_XY  bmm050.o
    0x000033d8   0x00000038   Code   RO         1965    i.bmm050_set_rep_Z  bmm050.o
    0x00003410   0x000000e0   Code   RO         4363    i.buf_prealloc      nrf_log_frontend.o
    0x000034f0   0x00000020   Code   RO         3967    i.buffer_add        nrf_fprintf_format.o
    0x00003510   0x00000018   Code   RO         4364    i.buffer_is_empty   nrf_log_frontend.o
    0x00003528   0x00000018   Code   RO         4365    i.dropped_sat16_get  nrf_log_frontend.o
    0x00003540   0x000000f4   Code   RO            5    i.eMPL_send_data    main.o
    0x00003634   0x00000054   Code   RO         4995    i.errata_108        system_nrf52.o
    0x00003688   0x00000054   Code   RO         4996    i.errata_12         system_nrf52.o
    0x000036dc   0x00000054   Code   RO         4997    i.errata_136        system_nrf52.o
    0x00003730   0x00000030   Code   RO         4998    i.errata_16         system_nrf52.o
    0x00003760   0x00000020   Code   RO         4999    i.errata_182        system_nrf52.o
    0x00003780   0x00000054   Code   RO         5000    i.errata_31         system_nrf52.o
    0x000037d4   0x00000030   Code   RO         5001    i.errata_32         system_nrf52.o
    0x00003804   0x00000054   Code   RO         5002    i.errata_36         system_nrf52.o
    0x00003858   0x00000030   Code   RO         5003    i.errata_37         system_nrf52.o
    0x00003888   0x00000030   Code   RO         5004    i.errata_57         system_nrf52.o
    0x000038b8   0x00000030   Code   RO         5005    i.errata_66         system_nrf52.o
    0x000038e8   0x000000be   Code   RO         3968    i.int_print         nrf_fprintf_format.o
    0x000039a6   0x00000002   PAD
    0x000039a8   0x00000034   Code   RO         3101    i.interrupts_disable  nrfx_uart.o
    0x000039dc   0x00000034   Code   RO         3340    i.interrupts_disable  nrfx_uarte.o
    0x00003a10   0x00000088   Code   RO         3102    i.interrupts_enable  nrfx_uart.o
    0x00003a98   0x0000009c   Code   RO         3341    i.interrupts_enable  nrfx_uarte.o
    0x00003b34   0x0000003c   Code   RO         2381    i.invSqrt           mahonyahrs.o
    0x00003b70   0x00000046   Code   RO         4367    i.invalid_packets_omit  nrf_log_frontend.o
    0x00003bb6   0x00000002   PAD
    0x00003bb8   0x000000c8   Code   RO         4368    i.log_skip          nrf_log_frontend.o
    0x00003c80   0x000001b4   Code   RO            6    i.main              main.o
    0x00003e34   0x000000ca   Code   RO         4012    i.memobj_op         nrf_memobj.o
    0x00003efe   0x00000002   PAD
    0x00003f00   0x00000038   Code   RO         4369    i.module_idx_get    nrf_log_frontend.o
    0x00003f38   0x0000000e   Code   RO         3741    i.nrf_atomic_flag_clear_fetch  nrf_atomic.o
    0x00003f46   0x0000000e   Code   RO         3742    i.nrf_atomic_flag_set  nrf_atomic.o
    0x00003f54   0x00000016   Code   RO         3744    i.nrf_atomic_u32_add  nrf_atomic.o
    0x00003f6a   0x00000016   Code   RO         3748    i.nrf_atomic_u32_fetch_and  nrf_atomic.o
    0x00003f80   0x00000016   Code   RO         3750    i.nrf_atomic_u32_fetch_store  nrf_atomic.o
    0x00003f96   0x00000016   Code   RO         3754    i.nrf_atomic_u32_or  nrf_atomic.o
    0x00003fac   0x00000016   Code   RO         3756    i.nrf_atomic_u32_sub  nrf_atomic.o
    0x00003fc2   0x0000004c   Code   RO         3881    i.nrf_balloc_alloc  nrf_balloc.o
    0x0000400e   0x00000010   Code   RO         3882    i.nrf_balloc_block2idx  nrf_balloc.o
    0x0000401e   0x0000002a   Code   RO         3883    i.nrf_balloc_free   nrf_balloc.o
    0x00004048   0x0000000c   Code   RO         3884    i.nrf_balloc_idx2block  nrf_balloc.o
    0x00004054   0x0000003c   Code   RO         3885    i.nrf_balloc_init   nrf_balloc.o
    0x00004090   0x00000030   Code   RO            7    i.nrf_delay_ms      main.o
    0x000040c0   0x00000030   Code   RO         2189    i.nrf_delay_ms      bmx055_support.o
    0x000040f0   0x00000050   Code   RO         2541    i.nrf_drv_twi_init  nrf_drv_twi.o
    0x00004140   0x00000024   Code   RO         2190    i.nrf_drv_twi_rx    bmx055_support.o
    0x00004164   0x0000002c   Code   RO         2191    i.nrf_drv_twi_tx    bmx055_support.o
    0x00004190   0x0000008c   Code   RO         2619    i.nrf_drv_uart_init  nrf_drv_uart.o
    0x0000421c   0x0000002a   Code   RO         3928    i.nrf_fprintf       nrf_fprintf.o
    0x00004246   0x0000001c   Code   RO         3929    i.nrf_fprintf_buffer_flush  nrf_fprintf.o
    0x00004262   0x000001f0   Code   RO         3969    i.nrf_fprintf_fmt   nrf_fprintf_format.o
    0x00004452   0x00000028   Code   RO         2877    i.nrf_gpio_cfg      nrfx_twi.o
    0x0000447a   0x00000028   Code   RO         3103    i.nrf_gpio_cfg      nrfx_uart.o
    0x000044a2   0x00000028   Code   RO         3342    i.nrf_gpio_cfg      nrfx_uarte.o
    0x000044ca   0x00000018   Code   RO         3104    i.nrf_gpio_cfg_default  nrfx_uart.o
    0x000044e2   0x00000018   Code   RO         3343    i.nrf_gpio_cfg_default  nrfx_uarte.o
    0x000044fa   0x0000002e   Code   RO         2192    i.nrf_gpio_cfg_input  bmx055_support.o
    0x00004528   0x0000001a   Code   RO         3105    i.nrf_gpio_cfg_input  nrfx_uart.o
    0x00004542   0x0000001a   Code   RO         3344    i.nrf_gpio_cfg_input  nrfx_uarte.o
    0x0000455c   0x00000018   Code   RO         3106    i.nrf_gpio_cfg_output  nrfx_uart.o
    0x00004574   0x00000018   Code   RO         3345    i.nrf_gpio_cfg_output  nrfx_uarte.o
    0x0000458c   0x00000016   Code   RO         2542    i.nrf_gpio_pin_clear  nrf_drv_twi.o
    0x000045a2   0x00000016   Code   RO         2543    i.nrf_gpio_pin_set  nrf_drv_twi.o
    0x000045b8   0x00000016   Code   RO         3107    i.nrf_gpio_pin_set  nrfx_uart.o
    0x000045ce   0x00000016   Code   RO         3346    i.nrf_gpio_pin_set  nrfx_uarte.o
    0x000045e4   0x00000054   Code   RO         4370    i.nrf_log_backend_add  nrf_log_frontend.o
    0x00004638   0x000000f2   Code   RO         4204    i.nrf_log_backend_serial_put  nrf_log_backend_serial.o
    0x0000472a   0x00000002   Code   RO         4247    i.nrf_log_backend_uart_flush  nrf_log_backend_uart.o
    0x0000472c   0x0000000c   Code   RO         4248    i.nrf_log_backend_uart_init  nrf_log_backend_uart.o
    0x00004738   0x00000038   Code   RO         4249    i.nrf_log_backend_uart_panic_set  nrf_log_backend_uart.o
    0x00004770   0x00000020   Code   RO         4250    i.nrf_log_backend_uart_put  nrf_log_backend_uart.o
    0x00004790   0x00000038   Code   RO         4372    i.nrf_log_color_id_get  nrf_log_frontend.o
    0x000047c8   0x00000028   Code   RO         4326    i.nrf_log_default_backends_init  nrf_log_default_backends.o
    0x000047f0   0x00000310   Code   RO         4373    i.nrf_log_frontend_dequeue  nrf_log_frontend.o
    0x00004b00   0x00000014   Code   RO         4375    i.nrf_log_frontend_std_0  nrf_log_frontend.o
    0x00004b14   0x00000018   Code   RO         4376    i.nrf_log_frontend_std_1  nrf_log_frontend.o
    0x00004b2c   0x00000020   Code   RO         4377    i.nrf_log_frontend_std_2  nrf_log_frontend.o
    0x00004b4c   0x00000028   Code   RO         4378    i.nrf_log_frontend_std_3  nrf_log_frontend.o
    0x00004b74   0x00000038   Code   RO         4380    i.nrf_log_frontend_std_5  nrf_log_frontend.o
    0x00004bac   0x000000bc   Code   RO         4566    i.nrf_log_hexdump_entry_process  nrf_log_str_formatter.o
    0x00004c68   0x00000058   Code   RO         4382    i.nrf_log_init      nrf_log_frontend.o
    0x00004cc0   0x00000014   Code   RO         4383    i.nrf_log_module_cnt_get  nrf_log_frontend.o
    0x00004cd4   0x00000024   Code   RO         4387    i.nrf_log_module_name_get  nrf_log_frontend.o
    0x00004cf8   0x00000038   Code   RO         4388    i.nrf_log_panic     nrf_log_frontend.o
    0x00004d30   0x000000c8   Code   RO         4567    i.nrf_log_std_entry_process  nrf_log_str_formatter.o
    0x00004df8   0x0000007a   Code   RO         4013    i.nrf_memobj_alloc  nrf_memobj.o
    0x00004e72   0x00000040   Code   RO         4014    i.nrf_memobj_free   nrf_memobj.o
    0x00004eb2   0x00000010   Code   RO         4015    i.nrf_memobj_get    nrf_memobj.o
    0x00004ec2   0x0000000c   Code   RO         4016    i.nrf_memobj_pool_init  nrf_memobj.o
    0x00004ece   0x0000001e   Code   RO         4017    i.nrf_memobj_put    nrf_memobj.o
    0x00004eec   0x00000022   Code   RO         4018    i.nrf_memobj_read   nrf_memobj.o
    0x00004f0e   0x00000022   Code   RO         4019    i.nrf_memobj_write  nrf_memobj.o
    0x00004f30   0x0000001c   Code   RO         4095    i.nrf_ringbuf_init  nrf_ringbuf.o
    0x00004f4c   0x00000040   Code   RO         4153    i.nrf_strerror_find  nrf_strerror.o
    0x00004f8c   0x0000001c   Code   RO         4154    i.nrf_strerror_get  nrf_strerror.o
    0x00004fa8   0x0000000c   Code   RO         2879    i.nrf_twi_errorsrc_get_and_clear  nrfx_twi.o
    0x00004fb4   0x0000000e   Code   RO         2880    i.nrf_twi_event_check  nrfx_twi.o
    0x00004fc2   0x0000000e   Code   RO         2881    i.nrf_twi_event_clear  nrfx_twi.o
    0x00004fd0   0x00000006   Code   RO         2882    i.nrf_twi_int_disable  nrfx_twi.o
    0x00004fd6   0x00000006   Code   RO         2883    i.nrf_twi_int_enable  nrfx_twi.o
    0x00004fdc   0x00000006   Code   RO         2884    i.nrf_twi_shorts_set  nrfx_twi.o
    0x00004fe2   0x00000006   Code   RO         2885    i.nrf_twi_task_trigger  nrfx_twi.o
    0x00004fe8   0x0000000c   Code   RO         3108    i.nrf_uart_errorsrc_get_and_clear  nrfx_uart.o
    0x00004ff4   0x0000000e   Code   RO         3109    i.nrf_uart_event_check  nrfx_uart.o
    0x00005002   0x0000000e   Code   RO         3110    i.nrf_uart_event_clear  nrfx_uart.o
    0x00005010   0x0000000a   Code   RO         3111    i.nrf_uart_hwfc_pins_set  nrfx_uart.o
    0x0000501a   0x00000006   Code   RO         3112    i.nrf_uart_int_disable  nrfx_uart.o
    0x00005020   0x00000006   Code   RO         3113    i.nrf_uart_int_enable  nrfx_uart.o
    0x00005026   0x00000012   Code   RO         3114    i.nrf_uart_int_enable_check  nrfx_uart.o
    0x00005038   0x00000006   Code   RO         3115    i.nrf_uart_task_trigger  nrfx_uart.o
    0x0000503e   0x0000000a   Code   RO         3116    i.nrf_uart_txrx_pins_set  nrfx_uart.o
    0x00005048   0x0000000c   Code   RO         3347    i.nrf_uarte_errorsrc_get_and_clear  nrfx_uarte.o
    0x00005054   0x0000000e   Code   RO         3348    i.nrf_uarte_event_check  nrfx_uarte.o
    0x00005062   0x0000000e   Code   RO         3349    i.nrf_uarte_event_clear  nrfx_uarte.o
    0x00005070   0x0000000c   Code   RO         3350    i.nrf_uarte_hwfc_pins_set  nrfx_uarte.o
    0x0000507c   0x00000006   Code   RO         3351    i.nrf_uarte_int_disable  nrfx_uarte.o
    0x00005082   0x00000006   Code   RO         3352    i.nrf_uarte_int_enable  nrfx_uarte.o
    0x00005088   0x0000000a   Code   RO         3353    i.nrf_uarte_rx_amount_get  nrfx_uarte.o
    0x00005092   0x0000000c   Code   RO         3354    i.nrf_uarte_shorts_disable  nrfx_uarte.o
    0x0000509e   0x00000006   Code   RO         3355    i.nrf_uarte_task_trigger  nrfx_uarte.o
    0x000050a4   0x0000000e   Code   RO         3356    i.nrf_uarte_txrx_pins_set  nrfx_uarte.o
    0x000050b2   0x00000002   PAD
    0x000050b4   0x00000018   Code   RO         2544    i.nrfx_coredep_delay_us  nrf_drv_twi.o
    0x000050cc   0x00000008   Code   RO         2886    i.nrfx_get_irq_number  nrfx_twi.o
    0x000050d4   0x00000008   Code   RO         3117    i.nrfx_get_irq_number  nrfx_uart.o
    0x000050dc   0x00000008   Code   RO         3357    i.nrfx_get_irq_number  nrfx_uarte.o
    0x000050e4   0x00000014   Code   RO         3358    i.nrfx_is_in_ram    nrfx_uarte.o
    0x000050f8   0x00000048   Code   RO         2814    i.nrfx_prs_acquire  nrfx_prs.o
    0x00005140   0x00000016   Code   RO         2815    i.nrfx_prs_release  nrfx_prs.o
    0x00005156   0x00000002   PAD
    0x00005158   0x00000028   Code   RO         2889    i.nrfx_twi_enable   nrfx_twi.o
    0x00005180   0x00000118   Code   RO         2890    i.nrfx_twi_init     nrfx_twi.o
    0x00005298   0x00000030   Code   RO         2892    i.nrfx_twi_rx       nrfx_twi.o
    0x000052c8   0x0000003e   Code   RO         2894    i.nrfx_twi_tx       nrfx_twi.o
    0x00005306   0x00000002   PAD
    0x00005308   0x00000030   Code   RO         2896    i.nrfx_twi_xfer     nrfx_twi.o
    0x00005338   0x00000014   Code   RO         3118    i.nrfx_uart_0_irq_handler  nrfx_uart.o
    0x0000534c   0x00000088   Code   RO         3120    i.nrfx_uart_init    nrfx_uart.o
    0x000053d4   0x0000008c   Code   RO         3126    i.nrfx_uart_tx      nrfx_uart.o
    0x00005460   0x00000024   Code   RO         3128    i.nrfx_uart_tx_in_progress  nrfx_uart.o
    0x00005484   0x00000044   Code   RO         3129    i.nrfx_uart_uninit  nrfx_uart.o
    0x000054c8   0x00000014   Code   RO         3359    i.nrfx_uarte_0_irq_handler  nrfx_uarte.o
    0x000054dc   0x00000080   Code   RO         3361    i.nrfx_uarte_init   nrfx_uarte.o
    0x0000555c   0x000000a8   Code   RO         3365    i.nrfx_uarte_tx     nrfx_uarte.o
    0x00005604   0x00000020   Code   RO         3367    i.nrfx_uarte_tx_in_progress  nrfx_uarte.o
    0x00005624   0x00000040   Code   RO         3368    i.nrfx_uarte_uninit  nrfx_uarte.o
    0x00005664   0x00000078   Code   RO         3130    i.pins_to_default   nrfx_uart.o
    0x000056dc   0x0000007e   Code   RO         3369    i.pins_to_default   nrfx_uarte.o
    0x0000575a   0x00000002   PAD
    0x0000575c   0x00000048   Code   RO         4569    i.postfix_process   nrf_log_str_formatter.o
    0x000057a4   0x000000a4   Code   RO         4570    i.prefix_process    nrf_log_str_formatter.o
    0x00005848   0x00000018   Code   RO         2816    i.prs_box_get       nrfx_prs.o
    0x00005860   0x0000002c   Code   RO            8    i.read_sensor_data  main.o
    0x0000588c   0x0000003e   Code   RO         3131    i.rx_byte           nrfx_uart.o
    0x000058ca   0x0000001c   Code   RO         3132    i.rx_done_event     nrfx_uart.o
    0x000058e6   0x0000001c   Code   RO         3370    i.rx_done_event     nrfx_uarte.o
    0x00005902   0x00000002   PAD
    0x00005904   0x00000088   Code   RO         4251    i.serial_tx         nrf_log_backend_uart.o
    0x0000598c   0x00000064   Code   RO         4390    i.std_header_set    nrf_log_frontend.o
    0x000059f0   0x00000070   Code   RO         4391    i.std_n             nrf_log_frontend.o
    0x00005a60   0x00000074   Code   RO         3970    i.string_print      nrf_fprintf_format.o
    0x00005ad4   0x00000002   Code   RO         4571    i.timestamp_print   nrf_log_str_formatter.o
    0x00005ad6   0x00000002   PAD
    0x00005ad8   0x00000098   Code   RO         2545    i.twi_clear_bus     nrf_drv_twi.o
    0x00005b70   0x00000048   Code   RO         2546    i.twi_evt_handler   nrf_drv_twi.o
    0x00005bb8   0x00000054   Code   RO           10    i.twi_init          main.o
    0x00005c0c   0x000000d6   Code   RO         2897    i.twi_irq_handler   nrfx_twi.o
    0x00005ce2   0x00000024   Code   RO         2898    i.twi_process_error  nrfx_twi.o
    0x00005d06   0x0000004c   Code   RO         2899    i.twi_receive_byte  nrfx_twi.o
    0x00005d52   0x00000002   PAD
    0x00005d54   0x000000ec   Code   RO         2900    i.twi_rx_start_transfer  nrfx_twi.o
    0x00005e40   0x00000048   Code   RO         2901    i.twi_send_byte     nrfx_twi.o
    0x00005e88   0x00000126   Code   RO         2902    i.twi_transfer      nrfx_twi.o
    0x00005fae   0x00000002   PAD
    0x00005fb0   0x000000f0   Code   RO         2903    i.twi_tx_start_transfer  nrfx_twi.o
    0x000060a0   0x000000b4   Code   RO         2904    i.twi_xfer          nrfx_twi.o
    0x00006154   0x00000036   Code   RO         3134    i.tx_blocking       nrfx_uart.o
    0x0000618a   0x00000026   Code   RO         3135    i.tx_byte           nrfx_uart.o
    0x000061b0   0x00000020   Code   RO         3136    i.tx_done_event     nrfx_uart.o
    0x000061d0   0x00000020   Code   RO         3371    i.tx_done_event     nrfx_uarte.o
    0x000061f0   0x00000038   Code   RO         2620    i.uart_evt_handler  nrf_drv_uart.o
    0x00006228   0x0000000c   Code   RO         4252    i.uart_evt_handler  nrf_log_backend_uart.o
    0x00006234   0x0000006c   Code   RO         4253    i.uart_init         nrf_log_backend_uart.o
    0x000062a0   0x0000014c   Code   RO         3137    i.uart_irq_handler  nrfx_uart.o
    0x000063ec   0x00000038   Code   RO         2621    i.uarte_evt_handler  nrf_drv_uart.o
    0x00006424   0x00000104   Code   RO         3372    i.uarte_irq_handler  nrfx_uarte.o
    0x00006528   0x000000b8   Code   RO         3971    i.unsigned_print    nrf_fprintf_format.o
    0x000065e0   0x00000028   Data   RO           11    .constdata          main.o
    0x00006608   0x00000008   PAD
    0x00006610   0x00000006   Data   RO         2194    .constdata          bmx055_support.o
    0x00006616   0x0000000a   PAD
    0x00006620   0x00000006   Data   RO         2548    .constdata          nrf_drv_twi.o
    0x00006626   0x00000002   PAD
    0x00006628   0x00000040   Data   RO         2906    .constdata          nrfx_twi.o
    0x00006668   0x0000002e   Data   RO         3139    .constdata          nrfx_uart.o
    0x00006696   0x00000002   PAD
    0x00006698   0x00000030   Data   RO         3374    .constdata          nrfx_uarte.o
    0x000066c8   0x00000010   Data   RO         3972    .constdata          nrf_fprintf_format.o
    0x000066d8   0x0000012c   Data   RO         4155    .constdata          nrf_strerror.o
    0x00006804   0x0000002c   Data   RO         4255    .constdata          nrf_log_backend_uart.o
    0x00006830   0x0000000c   Data   RO         4393    .constdata          nrf_log_frontend.o
    0x0000683c   0x00000081   Data   RO         5198    .constdata          mc_w.l(ctype_o.o)
    0x000068bd   0x00000003   PAD
    0x000068c0   0x00000004   Data   RO         5199    .constdata          mc_w.l(ctype_o.o)
    0x000068c4   0x000003bf   Data   RO         4156    .conststring        nrf_strerror.o
    0x00006c83   0x00000001   PAD
    0x00006c84   0x00000046   Data   RO         4256    .conststring        nrf_log_backend_uart.o
    0x00006cca   0x00000002   PAD
    0x00006ccc   0x00000066   Data   RO         4572    .conststring        nrf_log_str_formatter.o
    0x00006d32   0x00000002   PAD
    0x00006d34   0x00000004   Data   RO         2818    .conststrlit        nrfx_prs.o
    0x00006d38   0x00000004   Data   RO         2907    .conststrlit        nrfx_twi.o
    0x00006d3c   0x00000005   Data   RO         3140    .conststrlit        nrfx_uart.o
    0x00006d41   0x00000003   PAD
    0x00006d44   0x00000006   Data   RO         3375    .conststrlit        nrfx_uarte.o
    0x00006d4a   0x00000002   PAD
    0x00006d4c   0x00000011   Data   RO         4327    .conststrlit        nrf_log_default_backends.o
    0x00006d5d   0x00000003   PAD
    0x00006d60   0x00000004   Data   RO         4394    .conststrlit        nrf_log_frontend.o
    0x00006d64   0x00000020   Data   RO         5322    Region$$Table       anon$$obj.o
    0x00006d84   0x00000010   Data   RO         4329    log_backends        nrf_log_default_backends.o
    0x00006d94   0x00000008   Data   RO         2820    log_const_data      nrfx_prs.o
    0x00006d9c   0x00000008   Data   RO         2908    log_const_data      nrfx_twi.o
    0x00006da4   0x00000008   Data   RO         3141    log_const_data      nrfx_uart.o
    0x00006dac   0x00000008   Data   RO         3376    log_const_data      nrfx_uarte.o
    0x00006db4   0x00000008   Data   RO         4396    log_const_data      nrf_log_frontend.o
    0x00006dbc   0x00000014   Data   RO         4397    nrf_balloc          nrf_log_frontend.o


    Execution Region RW_IRAM1 (Base: 0x20000000, Size: 0x000027a0, Max: 0x00010000, ABSOLUTE)

    Base Addr    Size         Type   Attr      Idx    E Section Name        Object

    0x20000000   0x00000002   Data   RW           12    .data               main.o
    0x20000002   0x00000002   PAD
    0x20000004   0x00000005   Data   RW          434    .data               bma2x2.o
    0x20000009   0x00000003   PAD
    0x2000000c   0x00000004   Data   RW         1302    .data               bmg160.o
    0x20000010   0x00000004   Data   RW         1970    .data               bmm050.o
    0x20000014   0x00000010   Data   RW         2195    .data               bmx055_support.o
    0x20000024   0x00000024   Data   RW         2382    .data               mahonyahrs.o
    0x20000048   0x00000010   Data   RW         2549    .data               nrf_drv_twi.o
    0x20000058   0x00000009   Data   RW         2622    .data               nrf_drv_uart.o
    0x20000061   0x00000003   PAD
    0x20000064   0x00000008   Data   RW         2819    .data               nrfx_prs.o
    0x2000006c   0x00000004   Data   RW         3655    .data               app_util_platform.o
    0x20000070   0x00000016   Data   RW         4257    .data               nrf_log_backend_uart.o
    0x20000086   0x00000002   PAD
    0x20000088   0x00000008   Data   RW         4328    .data               nrf_log_default_backends.o
    0x20000090   0x00000010   Data   RW         4395    .data               nrf_log_frontend.o
    0x200000a0   0x00000040   Data   RW         4573    .data               nrf_log_str_formatter.o
    0x200000e0   0x00000004   Data   RW         5006    .data               system_nrf52.o
    0x200000e4   0x00000004   Data   RW         5296    .data               mc_w.l(errno.o)
    0x200000e8   0x0000004c   Zero   RW         2193    .bss                bmx055_support.o
    0x20000134   0x0000003c   Zero   RW         2905    .bss                nrfx_twi.o
    0x20000170   0x0000002c   Zero   RW         3138    .bss                nrfx_uart.o
    0x2000019c   0x00000024   Zero   RW         3373    .bss                nrfx_uarte.o
    0x200001c0   0x00000020   Zero   RW         3558    .bss                app_error.o
    0x200001e0   0x00000040   Zero   RW         4254    .bss                nrf_log_backend_uart.o
    0x20000220   0x0000057c   Zero   RW         4392    .bss                nrf_log_frontend.o
    0x2000079c   0x00000004   PAD
    0x200007a0   0x00002000   Zero   RW         4983    STACK               arm_startup_nrf52.o


==============================================================================

Image component sizes


      Code (inc. data)   RO Data    RW Data    ZI Data      Debug   Object Name

       136          4          0          0         32       3386   app_error.o
        26          0          0          0          0        956   app_error_handler_keil.o
       324        126          0          0          0       1542   app_error_weak.o
        64         10          0          4          0       3386   app_util_platform.o
        36          8        512          0       8192        920   arm_startup_nrf52.o
      1496         68          0          5          0      43542   bma2x2.o
      1616         58          0          4          0      38821   bmg160.o
      2054         70          0          4          0      26208   bmm050.o
      2150        282          6         16         76     132310   bmx055_support.o
         0          0          0          0          0        488   boards.o
      2460        120          0         36          0       4897   mahonyahrs.o
       884        170         40          2          0     118932   main.o
       364          0          0          0          0       7602   nrf_atomic.o
       206          0          0          0          0       3675   nrf_balloc.o
       372         30          6         16          0      22927   nrf_drv_twi.o
       252         42          0          9          0      17732   nrf_drv_uart.o
        70          0          0          0          0       3549   nrf_fprintf.o
      1018          6         16          0          0       5934   nrf_fprintf_format.o
       242          0          0          0          0      11569   nrf_log_backend_serial.o
       358         62        114         22         64      21174   nrf_log_backend_uart.o
        40          6         33          8          0       3333   nrf_log_default_backends.o
      2166        136         44         16       1404      32684   nrf_log_frontend.o
       626        112        102         64          0       5872   nrf_log_str_formatter.o
       514          0          0          0          0       9491   nrf_memobj.o
        28          0          0          0          0       2355   nrf_ringbuf.o
        92         10       1259          0          0       2727   nrf_strerror.o
       134         14         12          8          0       5720   nrfx_prs.o
      1958         52         76          0         60      62180   nrfx_twi.o
      1618         54         59          0         44      33832   nrfx_uart.o
      1460         54         62          0         36      33295   nrfx_uarte.o
      1372        142          0          4          0      35082   system_nrf52.o

    ----------------------------------------------------------------------
     24164       1636       2408        228       9912     696121   Object Totals
         0          0         32          0          0          0   (incl. Generated)
        28          0         35         10          4          0   (incl. Padding)

    ----------------------------------------------------------------------

      Code (inc. data)   RO Data    RW Data    ZI Data      Debug   Library Member Name

       408          4          0          0          0      17667   arm_float_to_q31.o
       122          0          0          0          0        148   sqrt_full.o
         8          4        133          0          0         68   ctype_o.o
         0          0          0          0          0          0   entry.o
         0          0          0          0          0          0   entry10a.o
         0          0          0          0          0          0   entry11a.o
         8          4          0          0          0          0   entry2.o
         4          0          0          0          0          0   entry5.o
         0          0          0          0          0          0   entry7b.o
         0          0          0          0          0          0   entry8b.o
         8          4          0          0          0          0   entry9a.o
        12          6          0          4          0         68   errno.o
        30          0          0          0          0          0   handlers.o
        36          8          0          0          0         68   init.o
         0          0          0          0          0          0   iusefp.o
        30          0          0          0          0         68   llshl.o
        32          0          0          0          0         68   llushr.o
        36          0          0          0          0         68   memcpya.o
        36          0          0          0          0        108   memseta.o
        14          0          0          0          0         68   strlen.o
        56          0          0          0          0         88   d2f.o
       186          0          0          0          0        176   depilogue.o
       162          0          0          0          0        100   dsqrt.o
        38          0          0          0          0         68   f2d.o
       110          0          0          0          0        168   fepilogue.o
        66          0          0          0          0         76   ffixl.o

    ----------------------------------------------------------------------
      1404         30        136          4          0      19075   Library Totals
         2          0          3          0          0          0   (incl. Padding)

    ----------------------------------------------------------------------

      Code (inc. data)   RO Data    RW Data    ZI Data      Debug   Library Name

       408          4          0          0          0      17667   arm_cortexM4lf_math.lib
       122          0          0          0          0        148   m_wm.l
       254         26        133          4          0        584   mc_w.l
       618          0          0          0          0        676   mf_w.l

    ----------------------------------------------------------------------
      1404         30        136          4          0      19075   Library Totals

    ----------------------------------------------------------------------

==============================================================================


      Code (inc. data)   RO Data    RW Data    ZI Data      Debug   

     25568       1666       2544        232       9912     691280   Grand Totals
     25568       1666       2544        232       9912     691280   ELF Image Totals
     25568       1666       2544        232          0          0   ROM Totals

==============================================================================

    Total RO  Size (Code + RO Data)                28112 (  27.45kB)
    Total RW  Size (RW Data + ZI Data)             10144 (   9.91kB)
    Total ROM Size (Code + RO Data + RW Data)      28344 (  27.68kB)

==============================================================================

