Component: ARM Compiler 5.06 update 6 (build 750) Tool: armlink [4d35ed]

==============================================================================

Section Cross References

    main.o(i.advertising_init) refers to memseta.o(.text) for __aeabi_memclr4
    main.o(i.advertising_init) refers to ble_advertising.o(i.ble_advertising_init) for ble_advertising_init
    main.o(i.advertising_init) refers to app_error.o(i.app_error_handler_bare) for app_error_handler_bare
    main.o(i.advertising_init) refers to main.o(.data) for .data
    main.o(i.advertising_init) refers to main.o(i.ble_advertising_error_handler) for ble_advertising_error_handler
    main.o(i.advertising_init) refers to main.o(i.on_adv_evt) for on_adv_evt
    main.o(i.advertising_start) refers to memseta.o(.text) for __aeabi_memset
    main.o(i.advertising_start) refers to peer_manager.o(i.pm_next_peer_id_get) for pm_next_peer_id_get
    main.o(i.advertising_start) refers to peer_manager.o(i.pm_whitelist_set) for pm_whitelist_set
    main.o(i.advertising_start) refers to app_error.o(i.app_error_handler_bare) for app_error_handler_bare
    main.o(i.advertising_start) refers to peer_manager.o(i.pm_device_identities_list_set) for pm_device_identities_list_set
    main.o(i.advertising_start) refers to ble_advertising.o(i.ble_advertising_start) for ble_advertising_start
    main.o(i.advertising_start) refers to main.o(.bss) for .bss
    main.o(i.advertising_start) refers to main.o(.data) for .data
    main.o(i.assert_nrf_callback) refers to app_error.o(i.app_error_handler) for app_error_handler
    main.o(i.bas_init) refers to memseta.o(.text) for __aeabi_memclr4
    main.o(i.bas_init) refers to ble_bas.o(i.ble_bas_init) for ble_bas_init
    main.o(i.bas_init) refers to app_error.o(i.app_error_handler_bare) for app_error_handler_bare
    main.o(i.bas_init) refers to main.o(.bss) for .bss
    main.o(i.battery_level_meas_timeout_handler) refers to main.o(.data) for .data
    main.o(i.ble_advertising_error_handler) refers to app_error.o(i.app_error_handler_bare) for app_error_handler_bare
    main.o(i.ble_evt_dispatch) refers to ble_conn_state.o(i.ble_conn_state_on_ble_evt) for ble_conn_state_on_ble_evt
    main.o(i.ble_evt_dispatch) refers to peer_manager.o(i.pm_on_ble_evt) for pm_on_ble_evt
    main.o(i.ble_evt_dispatch) refers to bsp_btn_ble.o(i.bsp_btn_ble_on_ble_evt) for bsp_btn_ble_on_ble_evt
    main.o(i.ble_evt_dispatch) refers to main.o(i.on_ble_evt) for on_ble_evt
    main.o(i.ble_evt_dispatch) refers to ble_advertising.o(i.ble_advertising_on_ble_evt) for ble_advertising_on_ble_evt
    main.o(i.ble_evt_dispatch) refers to ble_conn_params.o(i.ble_conn_params_on_ble_evt) for ble_conn_params_on_ble_evt
    main.o(i.ble_evt_dispatch) refers to ble_hids.o(i.ble_hids_on_ble_evt) for ble_hids_on_ble_evt
    main.o(i.ble_evt_dispatch) refers to ble_bas.o(i.ble_bas_on_ble_evt) for ble_bas_on_ble_evt
    main.o(i.ble_evt_dispatch) refers to main.o(.bss) for .bss
    main.o(i.ble_stack_init) refers to softdevice_handler.o(i.softdevice_handler_init) for softdevice_handler_init
    main.o(i.ble_stack_init) refers to app_error.o(i.app_error_handler_bare) for app_error_handler_bare
    main.o(i.ble_stack_init) refers to softdevice_handler.o(i.softdevice_enable_get_default_config) for softdevice_enable_get_default_config
    main.o(i.ble_stack_init) refers to softdevice_handler.o(i.softdevice_enable) for softdevice_enable
    main.o(i.ble_stack_init) refers to softdevice_handler.o(i.softdevice_ble_evt_handler_set) for softdevice_ble_evt_handler_set
    main.o(i.ble_stack_init) refers to softdevice_handler.o(i.softdevice_sys_evt_handler_set) for softdevice_sys_evt_handler_set
    main.o(i.ble_stack_init) refers to main.o(.constdata) for .constdata
    main.o(i.ble_stack_init) refers to softdevice_handler_appsh.o(i.softdevice_evt_schedule) for softdevice_evt_schedule
    main.o(i.ble_stack_init) refers to main.o(.bss) for .bss
    main.o(i.ble_stack_init) refers to main.o(i.ble_evt_dispatch) for ble_evt_dispatch
    main.o(i.ble_stack_init) refers to main.o(i.sys_evt_dispatch) for sys_evt_dispatch
    main.o(i.bsp_event_handler) refers to main.o(i.sleep_mode_enter) for sleep_mode_enter
    main.o(i.bsp_event_handler) refers to app_error.o(i.app_error_handler_bare) for app_error_handler_bare
    main.o(i.bsp_event_handler) refers to ble_advertising.o(i.ble_advertising_restart_without_whitelist) for ble_advertising_restart_without_whitelist
    main.o(i.bsp_event_handler) refers to main.o(.data) for .data
    main.o(i.conn_params_error_handler) refers to app_error.o(i.app_error_handler_bare) for app_error_handler_bare
    main.o(i.dis_init) refers to memseta.o(.text) for __aeabi_memclr4
    main.o(i.dis_init) refers to ble_srv_common.o(i.ble_srv_ascii_to_utf8) for ble_srv_ascii_to_utf8
    main.o(i.dis_init) refers to ble_dis.o(i.ble_dis_init) for ble_dis_init
    main.o(i.dis_init) refers to app_error.o(i.app_error_handler_bare) for app_error_handler_bare
[...]
    RPl                                      0x20003ad4   Data          36  adafruit_ahrs_nxpfusion.o(.bss)
    qPl                                      0x20003af8   Data          16  adafruit_ahrs_nxpfusion.o(.bss)
    RVecPl                                   0x20003b08   Data          12  adafruit_ahrs_nxpfusion.o(.bss)
    Omega                                    0x20003b14   Data          12  adafruit_ahrs_nxpfusion.o(.bss)
    bPl                                      0x20003b20   Data          12  adafruit_ahrs_nxpfusion.o(.bss)
    ThErrPl                                  0x20003b2c   Data          12  adafruit_ahrs_nxpfusion.o(.bss)
    bErrPl                                   0x20003b38   Data          12  adafruit_ahrs_nxpfusion.o(.bss)
    dErrGlPl                                 0x20003b44   Data          12  adafruit_ahrs_nxpfusion.o(.bss)
    dErrSePl                                 0x20003b50   Data          12  adafruit_ahrs_nxpfusion.o(.bss)
    aErrSePl                                 0x20003b5c   Data          12  adafruit_ahrs_nxpfusion.o(.bss)
    aSeMi                                    0x20003b68   Data          12  adafruit_ahrs_nxpfusion.o(.bss)
    aSePl                                    0x20003b74   Data          12  adafruit_ahrs_nxpfusion.o(.bss)
    aGlPl                                    0x20003b80   Data          12  adafruit_ahrs_nxpfusion.o(.bss)
    gErrSeMi                                 0x20003b8c   Data          12  adafruit_ahrs_nxpfusion.o(.bss)
    mErrSeMi                                 0x20003b98   Data          12  adafruit_ahrs_nxpfusion.o(.bss)
    gSeGyMi                                  0x20003ba4   Data          12  adafruit_ahrs_nxpfusion.o(.bss)
    mSeGyMi                                  0x20003bb0   Data          12  adafruit_ahrs_nxpfusion.o(.bss)
    mGl                                      0x20003bbc   Data          12  adafruit_ahrs_nxpfusion.o(.bss)
    PPlus12x12                               0x20003bc8   Data         576  adafruit_ahrs_nxpfusion.o(.bss)
    K12x6                                    0x20003e08   Data         288  adafruit_ahrs_nxpfusion.o(.bss)
    Qw12x12                                  0x20003f28   Data         576  adafruit_ahrs_nxpfusion.o(.bss)
    C6x12                                    0x20004168   Data         288  adafruit_ahrs_nxpfusion.o(.bss)
    RMi                                      0x20004288   Data          36  adafruit_ahrs_nxpfusion.o(.bss)
    Deltaq                                   0x200042ac   Data          16  adafruit_ahrs_nxpfusion.o(.bss)
    qMi                                      0x200042bc   Data          16  adafruit_ahrs_nxpfusion.o(.bss)
    __initial_sp                             0x200062e0   Data           0  arm_startup_nrf52.o(STACK)



==============================================================================

Memory Map of the image

  Image Entry point : 0x0001f401

  Load Region LR_IROM1 (Base: 0x0001f000, Size: 0x0000f664, Max: 0x00061000, ABSOLUTE, COMPRESSED[0x0000f428])

    Execution Region ER_IROM1 (Exec base: 0x0001f000, Load base: 0x0001f000, Size: 0x0000f36c, Max: 0x00061000, ABSOLUTE)

    Exec Addr    Load Addr    Size         Type   Attr      Idx    E Section Name        Object

    0x0001f000   0x0001f000   0x00000400   Data   RO         7889    RESET               arm_startup_nrf52.o
    0x0001f400   0x0001f400   0x00000000   Code   RO         7997  * .ARM.Collect$$$$00000000  mc_w.l(entry.o)
    0x0001f400   0x0001f400   0x00000004   Code   RO         8351    .ARM.Collect$$$$00000001  mc_w.l(entry2.o)
    0x0001f404   0x0001f404   0x00000004   Code   RO         8354    .ARM.Collect$$$$00000004  mc_w.l(entry5.o)
    0x0001f408   0x0001f408   0x00000000   Code   RO         8356    .ARM.Collect$$$$00000008  mc_w.l(entry7b.o)
    0x0001f408   0x0001f408   0x00000000   Code   RO         8358    .ARM.Collect$$$$0000000A  mc_w.l(entry8b.o)
    0x0001f408   0x0001f408   0x00000008   Code   RO         8359    .ARM.Collect$$$$0000000B  mc_w.l(entry9a.o)
    0x0001f410   0x0001f410   0x00000000   Code   RO         8361    .ARM.Collect$$$$0000000D  mc_w.l(entry10a.o)
    0x0001f410   0x0001f410   0x00000000   Code   RO         8363    .ARM.Collect$$$$0000000F  mc_w.l(entry11a.o)
    0x0001f410   0x0001f410   0x00000004   Code   RO         8352    .ARM.Collect$$$$00002712  mc_w.l(entry2.o)
    0x0001f414   0x0001f414   0x00000024   Code   RO         7890    .text               arm_startup_nrf52.o
    0x0001f438   0x0001f438   0x00000024   Code   RO         8000    .text               mc_w.l(memcpya.o)
    0x0001f45c   0x0001f45c   0x00000024   Code   RO         8002    .text               mc_w.l(memseta.o)
    0x0001f480   0x0001f480   0x0000000e   Code   RO         8004    .text               mc_w.l(strlen.o)
    0x0001f48e   0x0001f48e   0x0000001a   Code   RO         8006    .text               mc_w.l(memcmp.o)
    0x0001f4a8   0x0001f4a8   0x00000012   Code   RO         8008    .text               mc_w.l(strcpy.o)
    0x0001f4ba   0x0001f4ba   0x0000014e   Code   RO         8273    .text               mf_w.l(dadd.o)
    0x0001f608   0x0001f608   0x000000e4   Code   RO         8275    .text               mf_w.l(dmul.o)
    0x0001f6ec   0x0001f6ec   0x00000026   Code   RO         8277    .text               mf_w.l(f2d.o)
    0x0001f712   0x0001f712   0x00000038   Code   RO         8279    .text               mf_w.l(d2f.o)
    0x0001f74a   0x0001f74a   0x00000062   Code   RO         8370    .text               mc_w.l(uldiv.o)
    0x0001f7ac   0x0001f7ac   0x0000001e   Code   RO         8372    .text               mc_w.l(llshl.o)
    0x0001f7ca   0x0001f7ca   0x00000024   Code   RO         8374    .text               mc_w.l(llsshr.o)
    0x0001f7ee   0x0001f7ee   0x00000000   Code   RO         8383    .text               mc_w.l(iusefp.o)
    0x0001f7ee   0x0001f7ee   0x0000006e   Code   RO         8384    .text               mf_w.l(fepilogue.o)
    0x0001f85c   0x0001f85c   0x000000ba   Code   RO         8386    .text               mf_w.l(depilogue.o)
    0x0001f916   0x0001f916   0x000000de   Code   RO         8388    .text               mf_w.l(ddiv.o)
    0x0001f9f4   0x0001f9f4   0x00000024   Code   RO         8396    .text               mc_w.l(init.o)
    0x0001fa18   0x0001fa18   0x00000020   Code   RO         8399    .text               mc_w.l(llushr.o)
    0x0001fa38   0x0001fa38   0x000000a2   Code   RO         8402    .text               mf_w.l(dsqrt.o)
    0x0001fada   0x0001fada   0x00000056   Code   RO         8414    .text               mc_w.l(__dczerorl2.o)
    0x0001fb30   0x0001fb30   0x000001c0   Code   RO         7601    i.Adafruit_NXPSensorFusion_Init  adafruit_ahrs_nxpfusion.o
    0x0001fcf0   0x0001fcf0   0x00000028   Code   RO         7603    i.Adafruit_NXPSensorFusion_getQuat  adafruit_ahrs_nxpfusion.o
    0x0001fd18   0x0001fd18   0x00000b08   Code   RO         7606    i.Adafruit_NXPSensorFusion_update  adafruit_ahrs_nxpfusion.o
    0x00020820   0x00020820   0x00000048   Code   RO         7311    i.BMA2x2_I2C_bus_read  bmx055_support.o
    0x00020868   0x00020868   0x00000034   Code   RO         7312    i.BMA2x2_I2C_bus_write  bmx055_support.o
    0x0002089c   0x0002089c   0x00000028   Code   RO         7313    i.BMA2x2_I2C_routine  bmx055_support.o
    0x000208c4   0x000208c4   0x00000004   Code   RO         7314    i.BMA2x2_delay_msek  bmx055_support.o
    0x000208c8   0x000208c8   0x00000048   Code   RO         7315    i.BMG160_I2C_bus_read  bmx055_support.o
    0x00020910   0x00020910   0x00000034   Code   RO         7316    i.BMG160_I2C_bus_write  bmx055_support.o
    0x00020944   0x00020944   0x00000028   Code   RO         7317    i.BMG160_I2C_routine  bmx055_support.o
    0x0002096c   0x0002096c   0x00000004   Code   RO         7318    i.BMG160_delay_msek  bmx055_support.o
    0x00020970   0x00020970   0x00000048   Code   RO         7319    i.BMM050_I2C_bus_read  bmx055_support.o
    0x000209b8   0x000209b8   0x00000034   Code   RO         7320    i.BMM050_I2C_bus_write  bmx055_support.o
    0x000209ec   0x000209ec   0x00000028   Code   RO         7321    i.BMM050_I2C_routine  bmx055_support.o
    0x00020a14   0x00020a14   0x00000004   Code   RO         7322    i.BMM050_delay_msek  bmx055_support.o
    0x00020a18   0x00020a18   0x00000094   Code   RO         7326    i.BMX055_init       bmx055_support.o
    0x00020aac   0x00020aac   0x00000020   Code   RO         7327    i.BMX055_setMagCalib  bmx055_support.o
    0x00020acc   0x00020acc   0x0000018c   Code   RO         7328    i.BMX055_updateFusion  bmx055_support.o
    0x00020c58   0x00020c58   0x00000018   Code   RO            4    i.FPU_IRQHandler    main.o
    0x00020c70   0x00020c70   0x0000014c   Code   RO         2833    i.GPIOTE_IRQHandler  nrf_drv_gpiote.o
    0x00020dbc   0x00020dbc   0x00000016   Code   RO         4111    i.NVIC_ClearPendingIRQ  app_timer.o
    0x00020dd2   0x00020dd2   0x00000016   Code   RO         5261    i.NVIC_DisableIRQ   softdevice_handler.o
    0x00020de8   0x00020de8   0x00000016   Code   RO         4112    i.NVIC_EnableIRQ    app_timer.o
    0x00020dfe   0x00020dfe   0x00000016   Code   RO         5262    i.NVIC_EnableIRQ    softdevice_handler.o
    0x00020e14   0x00020e14   0x00000016   Code   RO         4113    i.NVIC_SetPendingIRQ  app_timer.o
    0x00020e2a   0x00020e2a   0x00000020   Code   RO         4114    i.NVIC_SetPriority  app_timer.o
    0x00020e4a   0x00020e4a   0x00000002   PAD
    0x00020e4c   0x00020e4c   0x00000024   Code   RO         7897    i.NVIC_SystemReset  system_nrf52.o
    0x00020e70   0x00020e70   0x00000058   Code   RO         2645    i.POWER_CLOCK_IRQHandler  nrf_drv_clock.o
    0x00020ec8   0x00020ec8   0x00000024   Code   RO         4115    i.RTC1_IRQHandler   app_timer.o
    0x00020eec   0x00020eec   0x00000158   Code   RO         3697    i.SAADC_IRQHandler  nrf_drv_saadc.o
    0x00021044   0x00021044   0x00000050   Code   RO         5118    i.SEGGER_RTT_ConfigUpBuffer  segger_rtt.o
    0x00021094   0x00021094   0x0000005c   Code   RO         5131    i.SEGGER_RTT_WriteNoLock  segger_rtt.o
    0x000210f0   0x000210f0   0x00000010   Code   RO         3278    i.SPIM0_SPIS0_TWIM0_TWIS0_SPI0_TWI0_IRQHandler  nrf_drv_twi.o
    0x00021100   0x00021100   0x00000004   Code   RO         4116    i.SWI0_EGU0_IRQHandler  app_timer.o
    0x00021104   0x00021104   0x00000024   Code   RO         5263    i.SWI2_EGU2_IRQHandler  softdevice_handler.o
    0x00021128   0x00021128   0x000002b0   Code   RO         7899    i.SystemInit        system_nrf52.o
    0x000213d8   0x000213d8   0x00000014   Code   RO         3422    i.TIMER0_IRQHandler  nrf_drv_timer.o
    0x000213ec   0x000213ec   0x00000014   Code   RO         3423    i.TIMER1_IRQHandler  nrf_drv_timer.o
    0x00021400   0x00021400   0x00000014   Code   RO         3424    i.TIMER2_IRQHandler  nrf_drv_timer.o
    0x00021414   0x00021414   0x0000001c   Code   RO         3062    i.UARTE0_UART0_IRQHandler  nrf_drv_uart.o
    0x00021430   0x00021430   0x00000068   Code   RO         5134    i._DoInit           segger_rtt.o
    0x00021498   0x00021498   0x00000016   Code   RO         5135    i._GetAvailWriteSpace  segger_rtt.o
    0x000214ae   0x000214ae   0x0000005a   Code   RO         5137    i._WriteBlocking    segger_rtt.o
    0x00021508   0x00021508   0x0000003e   Code   RO         5138    i._WriteNoCheck     segger_rtt.o
    0x00021546   0x00021546   0x00000002   PAD
    0x00021548   0x00021548   0x00000028   Code   RO         8221    i.__0sprintf$8      mc_w.l(printf8.o)
    0x00021570   0x00021570   0x00000030   Code   RO         8315    i.__ARM_fpclassify  m_wm.l(fpclassify.o)
    0x000215a0   0x000215a0   0x00000026   Code   RO         8317    i.__ARM_fpclassifyf  m_wm.l(fpclassifyf.o)
    0x000215c6   0x000215c6   0x00000002   PAD
    0x000215c8   0x000215c8   0x00000118   Code   RO         7935    i.__hardfp_acosf    m_wm.l(acosf.o)
    0x000216e0   0x000216e0   0x00000360   Code   RO         7947    i.__hardfp_asin     m_wm.l(asin.o)
    0x00021a40   0x00021a40   0x000002d8   Code   RO         8281    i.__hardfp_atan     m_wm.l(atan.o)
    0x00021d18   0x00021d18   0x000001f0   Code   RO         7961    i.__hardfp_atan2    m_wm.l(atan2.o)
    0x00021f08   0x00021f08   0x00000190   Code   RO         7973    i.__hardfp_sinf     m_wm.l(sinf.o)
    0x00022098   0x00022098   0x0000003a   Code   RO         7985    i.__hardfp_sqrtf    m_wm.l(sqrtf.o)
    0x000220d2   0x000220d2   0x000000f8   Code   RO         8333    i.__kernel_poly     m_wm.l(poly.o)
    0x000221ca   0x000221ca   0x00000014   Code   RO         8296    i.__mathlib_dbl_infnan  m_wm.l(dunder.o)
    0x000221de   0x000221de   0x00000014   Code   RO         8297    i.__mathlib_dbl_infnan2  m_wm.l(dunder.o)
    0x000221f2   0x000221f2   0x00000006   PAD
    0x000221f8   0x000221f8   0x00000020   Code   RO         8298    i.__mathlib_dbl_invalid  m_wm.l(dunder.o)
    0x00022218   0x00022218   0x00000020   Code   RO         8301    i.__mathlib_dbl_underflow  m_wm.l(dunder.o)
    0x00022238   0x00022238   0x00000006   Code   RO         8320    i.__mathlib_flt_infnan  m_wm.l(funder.o)
    0x0002223e   0x0002223e   0x00000002   PAD
    0x00022240   0x00022240   0x00000010   Code   RO         8322    i.__mathlib_flt_invalid  m_wm.l(funder.o)
    0x00022250   0x00022250   0x00000010   Code   RO         8325    i.__mathlib_flt_underflow  m_wm.l(funder.o)
    0x00022260   0x00022260   0x00000154   Code   RO         8336    i.__mathlib_rredf2  m_wm.l(rredf.o)
    0x000223b4   0x000223b4   0x0000000e   Code   RO         8408    i.__scatterload_copy  mc_w.l(handlers.o)
    0x000223c2   0x000223c2   0x00000002   Code   RO         8409    i.__scatterload_null  mc_w.l(handlers.o)
    0x000223c4   0x000223c4   0x0000000e   Code   RO         8410    i.__scatterload_zeroinit  mc_w.l(handlers.o)
    0x000223d2   0x000223d2   0x00000002   PAD
    0x000223d4   0x000223d4   0x00000024   Code   RO         5264    i.__sd_nvic_app_accessible_irq  softdevice_handler.o
    0x000223f8   0x000223f8   0x0000000c   Code   RO         8378    i.__set_errno       mc_w.l(errno.o)
    0x00022404   0x00022404   0x00000410   Code   RO         8226    i._printf_core      mc_w.l(printf8.o)
    0x00022814   0x00022814   0x00000024   Code   RO         8227    i._printf_post_padding  mc_w.l(printf8.o)
    0x00022838   0x00022838   0x0000002e   Code   RO         8228    i._printf_pre_padding  mc_w.l(printf8.o)
    0x00022866   0x00022866   0x0000000a   Code   RO         8230    i._sputc            mc_w.l(printf8.o)
    0x00022870   0x00022870   0x00000026   Code   RO         1219    i.addr_compare      id_manager.o
    0x00022896   0x00022896   0x00000182   Code   RO          600    i.adv_data_encode   ble_advdata.o
    0x00022a18   0x00022a18   0x00000058   Code   RO          677    i.adv_mode_next_avail_get  ble_advertising.o
    0x00022a70   0x00022a70   0x00000036   Code   RO          557    i.advertising_buttons_configure  bsp_btn_ble.o
    0x00022aa6   0x00022aa6   0x00000002   PAD
    0x00022aa8   0x00022aa8   0x00000084   Code   RO            5    i.advertising_init  main.o
    0x00022b2c   0x00022b2c   0x00000094   Code   RO            6    i.advertising_start  main.o
    0x00022bc0   0x00022bc0   0x00000052   Code   RO         1220    i.ah                id_manager.o
    0x00022c12   0x00022c12   0x00000002   PAD
    0x00022c14   0x00022c14   0x00000020   Code   RO          430    i.alert_timer_handler  bsp.o
    0x00022c34   0x00022c34   0x00000024   Code   RO         3855    i.app_button_enable  app_button.o
    0x00022c58   0x00022c58   0x00000070   Code   RO         3856    i.app_button_init   app_button.o
    0x00022cc8   0x00022cc8   0x00000050   Code   RO         3959    i.app_error_fault_handler  app_error_weak.o
    0x00022d18   0x00022d18   0x00000016   Code   RO         3920    i.app_error_handler_bare  app_error.o
    0x00022d2e   0x00022d2e   0x00000002   PAD
    0x00022d30   0x00022d30   0x000000a0   Code   RO         4060    i.app_sched_event_put  app_scheduler.o
    0x00022dd0   0x00022dd0   0x00000040   Code   RO         4061    i.app_sched_execute  app_scheduler.o
    0x00022e10   0x00022e10   0x0000002c   Code   RO         4062    i.app_sched_init    app_scheduler.o
    0x00022e3c   0x00022e3c   0x00000028   Code   RO         4119    i.app_timer_create  app_timer.o
    0x00022e64   0x00022e64   0x00000018   Code   RO         4264    i.app_timer_evt_get  app_timer_appsh.o
    0x00022e7c   0x00022e7c   0x00000018   Code   RO         4265    i.app_timer_evt_schedule  app_timer_appsh.o
    0x00022e94   0x00022e94   0x00000070   Code   RO         4120    i.app_timer_init    app_timer.o
    0x00022f04   0x00022f04   0x00000088   Code   RO         4121    i.app_timer_start   app_timer.o
    0x00022f8c   0x00022f8c   0x00000020   Code   RO         4122    i.app_timer_stop    app_timer.o
    0x00022fac   0x00022fac   0x00000048   Code   RO         4293    i.app_util_critical_region_enter  app_util_platform.o
    0x00022ff4   0x00022ff4   0x00000034   Code   RO         4294    i.app_util_critical_region_exit  app_util_platform.o
    0x00023028   0x00023028   0x00000098   Code   RO         3063    i.apply_config      nrf_drv_uart.o
    0x000230c0   0x000230c0   0x00000014   Code   RO         3548    i.are_app_channels  nrf_drv_ppi.o
    0x000230d4   0x000230d4   0x00000010   Code   RO         8283    i.atan              m_wm.l(atan.o)
    0x000230e4   0x000230e4   0x000000a0   Code   RO         2195    i.auth_status_success_process  security_dispatcher.o
    0x00023184   0x00023184   0x00000080   Code   RO            8    i.bas_init          main.o
    0x00023204   0x00023204   0x0000014e   Code   RO         2436    i.battery_level_char_add  ble_bas.o
    0x00023352   0x00023352   0x00000002   PAD
    0x00023354   0x00023354   0x00000014   Code   RO            9    i.battery_level_meas_timeout_handler  main.o
    0x00023368   0x00023368   0x00000068   Code   RO          601    i.ble_advdata_set   ble_advdata.o
    0x000233d0   0x000233d0   0x00000004   Code   RO           10    i.ble_advertising_error_handler  main.o
    0x000233d4   0x000233d4   0x00000120   Code   RO          678    i.ble_advertising_init  ble_advertising.o
    0x000234f4   0x000234f4   0x0000005c   Code   RO          679    i.ble_advertising_on_ble_evt  ble_advertising.o
    0x00023550   0x00023550   0x00000034   Code   RO          680    i.ble_advertising_on_sys_evt  ble_advertising.o
    0x00023584   0x00023584   0x00000024   Code   RO          681    i.ble_advertising_peer_addr_reply  ble_advertising.o
    0x000235a8   0x000235a8   0x0000003c   Code   RO          682    i.ble_advertising_restart_without_whitelist  ble_advertising.o
    0x000235e4   0x000235e4   0x00000104   Code   RO          683    i.ble_advertising_start  ble_advertising.o
    0x000236e8   0x000236e8   0x00000020   Code   RO          684    i.ble_advertising_whitelist_reply  ble_advertising.o
    0x00023708   0x00023708   0x00000044   Code   RO         2438    i.ble_bas_init      ble_bas.o
    0x0002374c   0x0002374c   0x00000060   Code   RO         2439    i.ble_bas_on_ble_evt  ble_bas.o
    0x000237ac   0x000237ac   0x00000058   Code   RO          762    i.ble_conn_params_init  ble_conn_params.o
    0x00023804   0x00023804   0x00000084   Code   RO          763    i.ble_conn_params_on_ble_evt  ble_conn_params.o
    0x00023888   0x00023888   0x00000010   Code   RO          832    i.ble_conn_state_conn_handles  ble_conn_state.o
    0x00023898   0x00023898   0x00000010   Code   RO          833    i.ble_conn_state_encrypted  ble_conn_state.o
    0x000238a8   0x000238a8   0x00000010   Code   RO          835    i.ble_conn_state_mitm_protected  ble_conn_state.o
    0x000238b8   0x000238b8   0x0000010c   Code   RO          839    i.ble_conn_state_on_ble_evt  ble_conn_state.o
    0x000239c4   0x000239c4   0x00000030   Code   RO          841    i.ble_conn_state_role  ble_conn_state.o
    0x000239f4   0x000239f4   0x0000002c   Code   RO          843    i.ble_conn_state_user_flag_acquire  ble_conn_state.o
    0x00023a20   0x00023a20   0x00000018   Code   RO          844    i.ble_conn_state_user_flag_collection  ble_conn_state.o
    0x00023a38   0x00023a38   0x00000028   Code   RO          845    i.ble_conn_state_user_flag_get  ble_conn_state.o
    0x00023a60   0x00023a60   0x0000002c   Code   RO          846    i.ble_conn_state_user_flag_set  ble_conn_state.o
    0x00023a8c   0x00023a8c   0x00000060   Code   RO          602    i.ble_device_addr_encode  ble_advdata.o
    0x00023aec   0x00023aec   0x0000012c   Code   RO         2477    i.ble_dis_init      ble_dis.o
    0x00023c18   0x00023c18   0x00000044   Code   RO           11    i.ble_evt_dispatch  main.o
    0x00023c5c   0x00023c5c   0x0000007c   Code   RO         2522    i.ble_hids_boot_mouse_inp_rep_send  ble_hids.o
    0x00023cd8   0x00023cd8   0x0000016a   Code   RO         2523    i.ble_hids_init     ble_hids.o
    0x00023e42   0x00023e42   0x00000068   Code   RO         2524    i.ble_hids_inp_rep_send  ble_hids.o
    0x00023eaa   0x00023eaa   0x0000009e   Code   RO         2525    i.ble_hids_on_ble_evt  ble_hids.o
    0x00023f48   0x00023f48   0x00000012   Code   RO          963    i.ble_srv_ascii_to_utf8  ble_srv_common.o
    0x00023f5a   0x00023f5a   0x00000008   Code   RO          965    i.ble_srv_is_notification_enabled  ble_srv_common.o
    0x00023f62   0x00023f62   0x0000000c   Code   RO          966    i.ble_srv_report_ref_encode  ble_srv_common.o
    0x00023f6e   0x00023f6e   0x00000002   PAD
    0x00023f70   0x00023f70   0x00000070   Code   RO           12    i.ble_stack_init    main.o
    0x00023fe0   0x00023fe0   0x0000004c   Code   RO         5500    i.bma2x2_init       bma2x2.o
    0x0002402c   0x0002402c   0x00000114   Code   RO         5507    i.bma2x2_read_accel_xyz  bma2x2.o
    0x00024140   0x00024140   0x00000028   Code   RO         5512    i.bma2x2_read_reg   bma2x2.o
    0x00024168   0x00024168   0x0000009c   Code   RO         5515    i.bma2x2_set_bw     bma2x2.o
    0x00024204   0x00024204   0x00000054   Code   RO         5545    i.bma2x2_set_mode_value  bma2x2.o
    0x00024258   0x00024258   0x000000f0   Code   RO         5556    i.bma2x2_set_power_mode  bma2x2.o
    0x00024348   0x00024348   0x00000098   Code   RO         5557    i.bma2x2_set_range  bma2x2.o
    0x000243e0   0x000243e0   0x00000038   Code   RO         5576    i.bma2x2_write_reg  bma2x2.o
    0x00024418   0x00024418   0x00000034   Code   RO         6326    i.bmg160_get_auto_sleep_durn  bmg160.o
    0x0002444c   0x0002444c   0x00000034   Code   RO         6328    i.bmg160_get_bw     bmg160.o
    0x00024480   0x00024480   0x00000060   Code   RO         6330    i.bmg160_get_data_XYZ  bmg160.o
    0x000244e0   0x000244e0   0x00000094   Code   RO         6376    i.bmg160_get_power_mode  bmg160.o
    0x00024574   0x00024574   0x00000028   Code   RO         6386    i.bmg160_init       bmg160.o
    0x0002459c   0x0002459c   0x00000088   Code   RO         6393    i.bmg160_set_auto_sleep_durn  bmg160.o
    0x00024624   0x00024624   0x0000007c   Code   RO         6395    i.bmg160_set_bw     bmg160.o
    0x000246a0   0x000246a0   0x00000138   Code   RO         6431    i.bmg160_set_power_mode  bmg160.o
    0x000247d8   0x000247d8   0x00000054   Code   RO         6432    i.bmg160_set_range_reg  bmg160.o
    0x0002482c   0x0002482c   0x00000064   Code   RO         7074    i.bmm050_compensate_X  bmm050.o
    0x00024890   0x00024890   0x00000064   Code   RO         7076    i.bmm050_compensate_Y  bmm050.o
    0x000248f4   0x000248f4   0x00000074   Code   RO         7078    i.bmm050_compensate_Z  bmm050.o
    0x00024968   0x00024968   0x00000038   Code   RO         7084    i.bmm050_get_power_mode  bmm050.o
    0x000249a0   0x000249a0   0x00000048   Code   RO         7090    i.bmm050_init       bmm050.o
    0x000249e8   0x000249e8   0x00000104   Code   RO         7091    i.bmm050_init_trim_registers  bmm050.o
    0x00024aec   0x00024aec   0x000000a8   Code   RO         7095    i.bmm050_read_mag_data_XYZ  bmm050.o
    0x00024b94   0x00024b94   0x0000004c   Code   RO         7101    i.bmm050_set_data_rate  bmm050.o
    0x00024be0   0x00024be0   0x000000fc   Code   RO         7102    i.bmm050_set_functional_state  bmm050.o
    0x00024cdc   0x00024cdc   0x0000004c   Code   RO         7103    i.bmm050_set_power_mode  bmm050.o
    0x00024d28   0x00024d28   0x00000070   Code   RO         7104    i.bmm050_set_presetmode  bmm050.o
    0x00024d98   0x00024d98   0x0000002c   Code   RO         7105    i.bmm050_set_rep_XY  bmm050.o
    0x00024dc4   0x00024dc4   0x0000002c   Code   RO         7106    i.bmm050_set_rep_Z  bmm050.o
    0x00024df0   0x00024df0   0x000000d0   Code   RO         2527    i.boot_inp_rep_char_add  ble_hids.o
    0x00024ec0   0x00024ec0   0x00000086   Code   RO         2528    i.boot_kb_outp_rep_char_add  ble_hids.o
    0x00024f46   0x00024f46   0x00000002   PAD
    0x00024f48   0x00024f48   0x0000004c   Code   RO          558    i.bsp_btn_ble_init  bsp_btn_ble.o
    0x00024f94   0x00024f94   0x00000070   Code   RO          559    i.bsp_btn_ble_on_ble_evt  bsp_btn_ble.o
    0x00025004   0x00025004   0x00000012   Code   RO          560    i.bsp_btn_ble_sleep_mode_prepare  bsp_btn_ble.o
    0x00025016   0x00025016   0x00000002   PAD
    0x00025018   0x00025018   0x000000a8   Code   RO          431    i.bsp_button_event_handler  bsp.o
    0x000250c0   0x000250c0   0x0000002c   Code   RO          432    i.bsp_button_is_pressed  bsp.o
    0x000250ec   0x000250ec   0x00000064   Code   RO           13    i.bsp_event_handler  main.o
    0x00025150   0x00025150   0x00000044   Code   RO          436    i.bsp_event_to_button_action_assign  bsp.o
    0x00025194   0x00025194   0x00000018   Code   RO          437    i.bsp_indication_set  bsp.o
    0x000251ac   0x000251ac   0x000000a4   Code   RO          439    i.bsp_init          bsp.o
    0x00025250   0x00025250   0x00000218   Code   RO          440    i.bsp_led_indication  bsp.o
    0x00025468   0x00025468   0x0000003c   Code   RO          441    i.bsp_wakeup_buttons_set  bsp.o
    0x000254a4   0x000254a4   0x00000012   Code   RO         4883    i.buf_len_update    nrf_log_backend_serial.o
    0x000254b6   0x000254b6   0x00000002   PAD
    0x000254b8   0x000254b8   0x00000064   Code   RO         4990    i.buf_prealloc      nrf_log_frontend.o
    0x0002551c   0x0002551c   0x00000014   Code   RO         4991    i.buffer_is_empty   nrf_log_frontend.o
    0x00025530   0x00025530   0x00000008   Code   RO          443    i.button_timer_handler  bsp.o
    0x00025538   0x00025538   0x0000001c   Code   RO         2834    i.channel_free      nrf_drv_gpiote.o
    0x00025554   0x00025554   0x00000048   Code   RO         2835    i.channel_port_alloc  nrf_drv_gpiote.o
    0x0002559c   0x0002559c   0x00000010   Code   RO         2836    i.channel_port_get  nrf_drv_gpiote.o
    0x000255ac   0x000255ac   0x000000a0   Code   RO         2478    i.char_add          ble_dis.o
    0x0002564c   0x0002564c   0x00000020   Code   RO         4666    i.check_config      fstorage.o
    0x0002566c   0x0002566c   0x00000018   Code   RO         4360    i.chunk_queue_next  fds.o
    0x00025684   0x00025684   0x00000038   Code   RO         1752    i.claim             peer_id.o
    0x000256bc   0x000256bc   0x00000028   Code   RO         2646    i.clock_clk_started_notify  nrf_drv_clock.o
    0x000256e4   0x000256e4   0x000000ac   Code   RO         4124    i.compare_reg_update  app_timer.o
    0x00025790   0x00025790   0x00000088   Code   RO          603    i.conn_int_encode   ble_advdata.o
    0x00025818   0x00025818   0x00000004   Code   RO           14    i.conn_params_error_handler  main.o
    0x0002581c   0x0002581c   0x0000005c   Code   RO          765    i.conn_params_negotiation  ble_conn_params.o
    0x00025878   0x00025878   0x0000009c   Code   RO         4361    i.delete_execute    fds.o
    0x00025914   0x00025914   0x00000060   Code   RO         3858    i.detection_delay_timeout_handler  app_button.o
    0x00025974   0x00025974   0x0000007c   Code   RO           15    i.dis_init          main.o
    0x000259f0   0x000259f0   0x00000040   Code   RO         4125    i.elapsed_ticks_acquire  app_timer.o
    0x00025a30   0x00025a30   0x00000030   Code   RO         2196    i.encryption_failure  security_dispatcher.o
    0x00025a60   0x00025a60   0x0000006a   Code   RO         4362    i.event_prepare     fds.o
    0x00025aca   0x00025aca   0x00000002   PAD
    0x00025acc   0x00025acc   0x00000020   Code   RO         4363    i.event_send        fds.o
    0x00025aec   0x00025aec   0x00000034   Code   RO         2310    i.events_send_from_err_code  security_manager.o
    0x00025b20   0x00025b20   0x0000000c   Code   RO         1022    i.evt_send          gatt_cache_manager.o
    0x00025b2c   0x00025b2c   0x0000001c   Code   RO         1221    i.evt_send          id_manager.o
    0x00025b48   0x00025b48   0x0000002c   Code   RO         1842    i.evt_send          peer_manager.o
    0x00025b74   0x00025b74   0x0000001c   Code   RO         2197    i.evt_send          security_dispatcher.o
    0x00025b90   0x00025b90   0x0000000c   Code   RO         2311    i.evt_send          security_manager.o
    0x00025b9c   0x00025b9c   0x0000003c   Code   RO         7732    i.f3x3matrixAeqI    adafruit_ahrs_nxpmatrix.o
    0x00025bd8   0x00025bd8   0x000000e8   Code   RO         7609    i.fNEDAnglesDegFromRotationMatrix  adafruit_ahrs_nxpfusion.o
    0x00025cc0   0x00025cc0   0x00000144   Code   RO         7610    i.fQuaternionFromRotationMatrix  adafruit_ahrs_nxpfusion.o
    0x00025e04   0x00025e04   0x00000118   Code   RO         7611    i.fQuaternionFromRotationVectorDeg  adafruit_ahrs_nxpfusion.o
    0x00025f1c   0x00025f1c   0x000000a6   Code   RO         7612    i.fRotationMatrixFromQuaternion  adafruit_ahrs_nxpfusion.o
    0x00025fc2   0x00025fc2   0x00000002   PAD
    0x00025fc4   0x00025fc4   0x000000c4   Code   RO         7613    i.fRotationVectorDegFromQuaternion  adafruit_ahrs_nxpfusion.o
    0x00026088   0x00026088   0x00000018   Code   RO         8311    i.fabs              m_wm.l(fabs.o)
    0x000260a0   0x000260a0   0x00000090   Code   RO         7615    i.facos_deg         adafruit_ahrs_nxpfusion.o
    0x00026130   0x00026130   0x00000058   Code   RO         7616    i.fasin_deg         adafruit_ahrs_nxpfusion.o
    0x00026188   0x00026188   0x0000009c   Code   RO         7617    i.fatan2_deg        adafruit_ahrs_nxpfusion.o
    0x00026224   0x00026224   0x000000a4   Code   RO         7618    i.fatan_deg         adafruit_ahrs_nxpfusion.o
    0x000262c8   0x000262c8   0x000000f8   Code   RO         1445    i.fds_evt_handler   peer_data_storage.o
    0x000263c0   0x000263c0   0x0000004c   Code   RO         4365    i.fds_file_delete   fds.o
    0x0002640c   0x0002640c   0x00000044   Code   RO         4366    i.fds_gc            fds.o
    0x00026450   0x00026450   0x0000008c   Code   RO         4367    i.fds_init          fds.o
    0x000264dc   0x000264dc   0x0000003c   Code   RO         4368    i.fds_record_close  fds.o
    0x00026518   0x00026518   0x0000000e   Code   RO         4370    i.fds_record_find   fds.o
    0x00026526   0x00026526   0x00000010   Code   RO         4371    i.fds_record_find_by_key  fds.o
    0x00026536   0x00026536   0x00000010   Code   RO         4372    i.fds_record_find_in_file  fds.o
    0x00026546   0x00026546   0x00000010   Code   RO         4373    i.fds_record_id_from_desc  fds.o
    0x00026556   0x00026556   0x00000002   PAD
    0x00026558   0x00026558   0x00000040   Code   RO         4375    i.fds_record_open   fds.o
    0x00026598   0x00026598   0x0000000e   Code   RO         4376    i.fds_record_update  fds.o
    0x000265a6   0x000265a6   0x00000008   Code   RO         4377    i.fds_record_write  fds.o
    0x000265ae   0x000265ae   0x0000000c   Code   RO         4378    i.fds_record_write_reserved  fds.o
    0x000265ba   0x000265ba   0x00000002   PAD
    0x000265bc   0x000265bc   0x00000024   Code   RO         4379    i.fds_register      fds.o
    0x000265e0   0x000265e0   0x00000034   Code   RO         4380    i.fds_reserve       fds.o
    0x00026614   0x00026614   0x00000044   Code   RO         4381    i.fds_reserve_cancel  fds.o
    0x00026658   0x00026658   0x000001e0   Code   RO         7619    i.feCompassNED      adafruit_ahrs_nxpfusion.o
    0x00026838   0x00026838   0x00000014   Code   RO         1446    i.file_id_within_pm_range  peer_data_storage.o
    0x0002684c   0x0002684c   0x00000010   Code   RO         4383    i.flag_clear        fds.o
    0x0002685c   0x0002685c   0x00000012   Code   RO         2198    i.flag_id_init      security_dispatcher.o
    0x0002686e   0x0002686e   0x00000012   Code   RO         2312    i.flag_id_init      security_manager.o
    0x00026880   0x00026880   0x00000010   Code   RO         4384    i.flag_set          fds.o
    0x00026890   0x00026890   0x00000058   Code   RO         2313    i.flags_set_from_err_code  security_manager.o
    0x000268e8   0x000268e8   0x00000040   Code   RO         7737    i.fmatrixAeqI       adafruit_ahrs_nxpmatrix.o
    0x00026928   0x00026928   0x000001c0   Code   RO         7738    i.fmatrixAeqInvA    adafruit_ahrs_nxpmatrix.o
    0x00026ae8   0x00026ae8   0x000000c4   Code   RO         7620    i.fqAeqNormqA       adafruit_ahrs_nxpfusion.o
    0x00026bac   0x00026bac   0x00000074   Code   RO         4667    i.fs_erase          fstorage.o
    0x00026c20   0x00026c20   0x00000006   Code   RO         4385    i.fs_event_handler  fds.o
    0x00026c26   0x00026c26   0x00000002   PAD
    0x00026c28   0x00026c28   0x000000b0   Code   RO         4669    i.fs_init           fstorage.o
    0x00026cd8   0x00026cd8   0x00000014   Code   RO         4670    i.fs_queued_op_count_get  fstorage.o
    0x00026cec   0x00026cec   0x00000080   Code   RO         4671    i.fs_store          fstorage.o
    0x00026d6c   0x00026d6c   0x00000068   Code   RO         4672    i.fs_sys_event_handler  fstorage.o
    0x00026dd4   0x00026dd4   0x00000070   Code   RO           16    i.gap_params_init   main.o
    0x00026e44   0x00026e44   0x00000078   Code   RO         4386    i.gc_execute        fds.o
    0x00026ebc   0x00026ebc   0x00000048   Code   RO         4387    i.gc_next_page      fds.o
    0x00026f04   0x00026f04   0x0000004c   Code   RO         4388    i.gc_page_erase     fds.o
    0x00026f50   0x00026f50   0x00000034   Code   RO         4389    i.gc_record_copy    fds.o
    0x00026f84   0x00026f84   0x00000024   Code   RO         4390    i.gc_record_find_next  fds.o
    0x00026fa8   0x00026fa8   0x00000080   Code   RO         4391    i.gc_state_advance  fds.o
    0x00027028   0x00027028   0x000000ec   Code   RO         1023    i.gcm_ble_evt_handler  gatt_cache_manager.o
    0x00027114   0x00027114   0x0000006c   Code   RO         1024    i.gcm_gscm_evt_handler  gatt_cache_manager.o
    0x00027180   0x00027180   0x00000030   Code   RO         1025    i.gcm_im_evt_handler  gatt_cache_manager.o
    0x000271b0   0x000271b0   0x00000048   Code   RO         1026    i.gcm_init          gatt_cache_manager.o
    0x000271f8   0x000271f8   0x00000054   Code   RO         1027    i.gcm_local_database_has_changed  gatt_cache_manager.o
    0x0002724c   0x0002724c   0x0000000e   Code   RO         1030    i.gcm_smd_evt_handler  gatt_cache_manager.o
    0x0002725a   0x0002725a   0x00000002   PAD
    0x0002725c   0x0002725c   0x00000048   Code   RO         7329    i.getPitch          bmx055_support.o
    0x000272a4   0x000272a4   0x00000024   Code   RO         7331    i.getScreenAxisX    bmx055_support.o
    0x000272c8   0x000272c8   0x00000010   Code   RO         7332    i.getScreenAxisY    bmx055_support.o
    0x000272d8   0x000272d8   0x000000a4   Code   RO         7333    i.getYaw            bmx055_support.o
    0x0002737c   0x0002737c   0x00000038   Code   RO         1222    i.get_connection_by_conn_handle  id_manager.o
    0x000273b4   0x000273b4   0x00000030   Code   RO         1223    i.get_free_connection  id_manager.o
    0x000273e4   0x000273e4   0x00000058   Code   RO         3859    i.gpiote_event_handler  app_button.o
    0x0002743c   0x0002743c   0x0000001c   Code   RO         1134    i.gscm_db_change_notification_done  gatts_cache_manager.o
    0x00027458   0x00027458   0x00000014   Code   RO         1135    i.gscm_init         gatts_cache_manager.o
    0x0002746c   0x0002746c   0x0000001c   Code   RO         1136    i.gscm_local_database_has_changed  gatts_cache_manager.o
    0x00027488   0x00027488   0x0000006a   Code   RO         1137    i.gscm_local_db_cache_apply  gatts_cache_manager.o
    0x000274f2   0x000274f2   0x00000080   Code   RO         1139    i.gscm_local_db_cache_update  gatts_cache_manager.o
    0x00027572   0x00027572   0x00000002   PAD
    0x00027574   0x00027574   0x00000054   Code   RO         1140    i.gscm_pdb_evt_handler  gatts_cache_manager.o
    0x000275c8   0x000275c8   0x0000001a   Code   RO         1141    i.gscm_service_changed_ind_needed  gatts_cache_manager.o
    0x000275e2   0x000275e2   0x00000002   PAD
    0x000275e4   0x000275e4   0x0000002c   Code   RO         1142    i.gscm_service_changed_ind_send  gatts_cache_manager.o
    0x00027610   0x00027610   0x00000012   Code   RO         7806    i.hat_init          hat_func.o
    0x00027622   0x00027622   0x00000016   Code   RO         4392    i.header_is_valid   fds.o
    0x00027638   0x00027638   0x0000008a   Code   RO         2529    i.hid_control_point_char_add  ble_hids.o
    0x000276c2   0x000276c2   0x000000a6   Code   RO         2530    i.hid_information_char_add  ble_hids.o
    0x00027768   0x00027768   0x00000220   Code   RO           17    i.hids_init         main.o
    0x00027988   0x00027988   0x00000046   Code   RO         1224    i.im_address_resolve  id_manager.o
    0x000279ce   0x000279ce   0x00000002   PAD
    0x000279d0   0x000279d0   0x00000030   Code   RO         1225    i.im_ble_addr_get   id_manager.o
    0x00027a00   0x00027a00   0x000000ae   Code   RO         1226    i.im_ble_evt_handler  id_manager.o
    0x00027aae   0x00027aae   0x00000002   PAD
    0x00027ab0   0x00027ab0   0x0000002c   Code   RO         1227    i.im_conn_handle_get  id_manager.o
    0x00027adc   0x00027adc   0x000000a6   Code   RO         1228    i.im_device_identities_list_set  id_manager.o
    0x00027b82   0x00027b82   0x00000002   PAD
    0x00027b84   0x00027b84   0x00000040   Code   RO         1231    i.im_init           id_manager.o
    0x00027bc4   0x00027bc4   0x00000034   Code   RO         1232    i.im_is_duplicate_bonding_data  id_manager.o
    0x00027bf8   0x00027bf8   0x00000018   Code   RO         1233    i.im_master_id_is_valid  id_manager.o
    0x00027c10   0x00027c10   0x0000002a   Code   RO         1234    i.im_master_ids_compare  id_manager.o
    0x00027c3a   0x00027c3a   0x00000004   Code   RO         1235    i.im_new_peer_id    id_manager.o
    0x00027c3e   0x00027c3e   0x00000072   Code   RO         1236    i.im_pdb_evt_handler  id_manager.o
    0x00027cb0   0x00027cb0   0x00000026   Code   RO         1237    i.im_peer_free      id_manager.o
    0x00027cd6   0x00027cd6   0x00000002   PAD
    0x00027cd8   0x00027cd8   0x00000020   Code   RO         1238    i.im_peer_id_get_by_conn_handle  id_manager.o
    0x00027cf8   0x00027cf8   0x0000003c   Code   RO         1239    i.im_peer_id_get_by_master_id  id_manager.o
    0x00027d34   0x00027d34   0x00000038   Code   RO         1242    i.im_whitelist_get  id_manager.o
    0x00027d6c   0x00027d6c   0x00000074   Code   RO         1243    i.im_whitelist_set  id_manager.o
    0x00027de0   0x00027de0   0x000000c0   Code   RO         4393    i.init_execute      fds.o
    0x00027ea0   0x00027ea0   0x00000078   Code   RO         2531    i.inp_rep_characteristics_add  ble_hids.o
    0x00027f18   0x00027f18   0x00000078   Code   RO         5265    i.intern_softdevice_events_execute  softdevice_handler.o
    0x00027f90   0x00027f90   0x00000078   Code   RO         3064    i.interrupts_enable  nrf_drv_uart.o
    0x00028008   0x00028008   0x00000042   Code   RO         3425    i.irq_handler       nrf_drv_timer.o
    0x0002804a   0x0002804a   0x0000014e   Code   RO         3279    i.irq_handler_twim  nrf_drv_twi.o
    0x00028198   0x00028198   0x00000018   Code   RO         3549    i.is_allocated_channel  nrf_drv_ppi.o
    0x000281b0   0x000281b0   0x0000000a   Code   RO         3551    i.is_app_channel    nrf_drv_ppi.o
    0x000281ba   0x000281ba   0x00000002   PAD
    0x000281bc   0x000281bc   0x0000001c   Code   RO          766    i.is_conn_params_ok  ble_conn_params.o
    0x000281d8   0x000281d8   0x00000018   Code   RO         3553    i.is_programmable_app_channel  nrf_drv_ppi.o
    0x000281f0   0x000281f0   0x00000014   Code   RO         1244    i.is_valid_irk      id_manager.o
    0x00028204   0x00028204   0x0000000c   Code   RO         4394    i.is_word_aligned   fds.o
    0x00028210   0x00028210   0x00000014   Code   RO          444    i.leds_timer_handler  bsp.o
    0x00028224   0x00028224   0x00000098   Code   RO         2314    i.link_secure       security_manager.o
    0x000282bc   0x000282bc   0x00000086   Code   RO         2199    i.link_secure_central  security_dispatcher.o
    0x00028342   0x00028342   0x000000c8   Code   RO         2200    i.link_secure_central_existing_peer  security_dispatcher.o
    0x0002840a   0x0002840a   0x0000006c   Code   RO         2201    i.link_secure_central_new_peer  security_dispatcher.o
    0x00028476   0x00028476   0x00000002   PAD
    0x00028478   0x00028478   0x00000058   Code   RO         2202    i.link_secure_failure  security_dispatcher.o
    0x000284d0   0x000284d0   0x0000005c   Code   RO         2315    i.link_secure_pending_process  security_manager.o
    0x0002852c   0x0002852c   0x000000a8   Code   RO         4126    i.list_deletions_handler  app_timer.o
    0x000285d4   0x000285d4   0x000000b8   Code   RO         4127    i.list_insertions_handler  app_timer.o
    0x0002868c   0x0002868c   0x00000074   Code   RO         1031    i.local_db_apply_in_evt  gatt_cache_manager.o
    0x00028700   0x00028700   0x00000078   Code   RO         1032    i.local_db_update_in_evt  gatt_cache_manager.o
    0x00028778   0x00028778   0x00000032   Code   RO         2142    i.lock_by_mask      pm_mutex.o
    0x000287aa   0x000287aa   0x00000002   PAD
    0x000287ac   0x000287ac   0x000003d0   Code   RO           18    i.main              main.o
    0x00028b7c   0x00028b7c   0x00000012   Code   RO         2532    i.make_char_id      ble_hids.o
    0x00028b8e   0x00028b8e   0x00000064   Code   RO          604    i.manuf_specific_data_encode  ble_advdata.o
    0x00028bf2   0x00028bf2   0x00000002   PAD
    0x00028bf4   0x00028bf4   0x00000084   Code   RO           19    i.mouse_movement_send  main.o
    0x00028c78   0x00028c78   0x0000009c   Code   RO          605    i.name_encode       ble_advdata.o
    0x00028d14   0x00028d14   0x00000058   Code   RO         1245    i.new_connection    id_manager.o
    0x00028d6c   0x00028d6c   0x00000030   Code   RO         1753    i.next_id_get       peer_id.o
    0x00028d9c   0x00028d9c   0x00000024   Code   RO         7334    i.nrf_SampleBMX055_loopRoutine  bmx055_support.o
    0x00028dc0   0x00028dc0   0x0000000e   Code   RO         2650    i.nrf_clock_event_check  nrf_drv_clock.o
    0x00028dce   0x00028dce   0x00000010   Code   RO         2651    i.nrf_clock_event_clear  nrf_drv_clock.o
    0x00028dde   0x00028dde   0x0000000a   Code   RO         7335    i.nrf_delay_ms      bmx055_support.o
    0x00028de8   0x00028de8   0x0000008c   Code   RO         3280    i.nrf_delay_us      nrf_drv_twi.o
    0x00028e74   0x00028e74   0x0000008c   Code   RO         4128    i.nrf_delay_us      app_timer.o
    0x00028f00   0x00028f00   0x0000008c   Code   RO         7336    i.nrf_delay_us      bmx055_support.o
    0x00028f8c   0x00028f8c   0x00000038   Code   RO         2658    i.nrf_drv_clock_init  nrf_drv_clock.o
    0x00028fc4   0x00028fc4   0x00000030   Code   RO         2664    i.nrf_drv_clock_on_sd_enable  nrf_drv_clock.o
    0x00028ff4   0x00028ff4   0x0000000a   Code   RO         2665    i.nrf_drv_clock_on_soc_event  nrf_drv_clock.o
    0x00028ffe   0x00028ffe   0x00000016   Code   RO         3065    i.nrf_drv_common_irq_disable  nrf_drv_uart.o
    0x00029014   0x00029014   0x00000038   Code   RO         2806    i.nrf_drv_common_irq_enable  nrf_drv_common.o
    0x0002904c   0x0002904c   0x00000006   Code   RO         3066    i.nrf_drv_get_IRQn  nrf_drv_uart.o
    0x00029052   0x00029052   0x00000002   PAD
    0x00029054   0x00029054   0x000000a4   Code   RO         2841    i.nrf_drv_gpiote_in_event_enable  nrf_drv_gpiote.o
    0x000290f8   0x000290f8   0x000000b8   Code   RO         2842    i.nrf_drv_gpiote_in_init  nrf_drv_gpiote.o
    0x000291b0   0x000291b0   0x00000014   Code   RO         2843    i.nrf_drv_gpiote_in_is_set  nrf_drv_gpiote.o
    0x000291c4   0x000291c4   0x0000005c   Code   RO         2845    i.nrf_drv_gpiote_init  nrf_drv_gpiote.o
    0x00029220   0x00029220   0x00000014   Code   RO         2846    i.nrf_drv_gpiote_is_init  nrf_drv_gpiote.o
    0x00029234   0x00029234   0x00000010   Code   RO         3281    i.nrf_drv_is_in_RAM  nrf_drv_twi.o
    0x00029244   0x00029244   0x0000006c   Code   RO         3554    i.nrf_drv_ppi_channel_alloc  nrf_drv_ppi.o
    0x000292b0   0x000292b0   0x0000003c   Code   RO         3555    i.nrf_drv_ppi_channel_assign  nrf_drv_ppi.o
    0x000292ec   0x000292ec   0x00000034   Code   RO         3557    i.nrf_drv_ppi_channel_enable  nrf_drv_ppi.o
    0x00029320   0x00029320   0x00000018   Code   RO         3566    i.nrf_drv_ppi_init  nrf_drv_ppi.o
    0x00029338   0x00029338   0x000000a4   Code   RO         3699    i.nrf_drv_saadc_buffer_convert  nrf_drv_saadc.o
    0x000293dc   0x000293dc   0x00000044   Code   RO         3701    i.nrf_drv_saadc_channel_init  nrf_drv_saadc.o
    0x00029420   0x00029420   0x00000088   Code   RO         3703    i.nrf_drv_saadc_init  nrf_drv_saadc.o
    0x000294a8   0x000294a8   0x0000001c   Code   RO         3708    i.nrf_drv_saadc_sample_task_get  nrf_drv_saadc.o
    0x000294c4   0x000294c4   0x00000022   Code   RO         3428    i.nrf_drv_timer_compare  nrf_drv_timer.o
    0x000294e6   0x000294e6   0x00000002   PAD
    0x000294e8   0x000294e8   0x0000001c   Code   RO         3432    i.nrf_drv_timer_enable  nrf_drv_timer.o
    0x00029504   0x00029504   0x0000002a   Code   RO         3433    i.nrf_drv_timer_extended_compare  nrf_drv_timer.o
    0x0002952e   0x0002952e   0x00000002   PAD
    0x00029530   0x00029530   0x00000090   Code   RO         3435    i.nrf_drv_timer_init  nrf_drv_timer.o
    0x000295c0   0x000295c0   0x00000020   Code   RO         3284    i.nrf_drv_twi_enable  nrf_drv_twi.o
    0x000295e0   0x000295e0   0x0000008c   Code   RO         3285    i.nrf_drv_twi_init  nrf_drv_twi.o
    0x0002966c   0x0002966c   0x00000024   Code   RO         3286    i.nrf_drv_twi_rx    nrf_drv_twi.o
    0x00029690   0x00029690   0x00000024   Code   RO         3289    i.nrf_drv_twi_tx    nrf_drv_twi.o
    0x000296b4   0x000296b4   0x00000024   Code   RO         3291    i.nrf_drv_twi_xfer  nrf_drv_twi.o
    0x000296d8   0x000296d8   0x00000068   Code   RO         3068    i.nrf_drv_uart_init  nrf_drv_uart.o
    0x00029740   0x00029740   0x00000108   Code   RO         3075    i.nrf_drv_uart_tx   nrf_drv_uart.o
    0x00029848   0x00029848   0x00000018   Code   RO         3077    i.nrf_drv_uart_tx_in_progress  nrf_drv_uart.o
    0x00029860   0x00029860   0x00000054   Code   RO         3078    i.nrf_drv_uart_uninit  nrf_drv_uart.o
    0x000298b4   0x000298b4   0x00000022   Code   RO         2860    i.nrf_gpio_cfg      nrf_drv_gpiote.o
    0x000298d6   0x000298d6   0x00000022   Code   RO         3079    i.nrf_gpio_cfg      nrf_drv_uart.o
    0x000298f8   0x000298f8   0x00000012   Code   RO         3080    i.nrf_gpio_cfg_default  nrf_drv_uart.o
    0x0002990a   0x0002990a   0x00000012   Code   RO         3081    i.nrf_gpio_cfg_input  nrf_drv_uart.o
    0x0002991c   0x0002991c   0x00000012   Code   RO         7337    i.nrf_gpio_cfg_input  bmx055_support.o
    0x0002992e   0x0002992e   0x00000014   Code   RO         3082    i.nrf_gpio_cfg_output  nrf_drv_uart.o
    0x00029942   0x00029942   0x0000001c   Code   RO         2862    i.nrf_gpio_cfg_sense_set  nrf_drv_gpiote.o
    0x0002995e   0x0002995e   0x00000002   PAD
    0x00029960   0x00029960   0x00000010   Code   RO         3292    i.nrf_gpio_pin_set  nrf_drv_twi.o
    0x00029970   0x00029970   0x00000014   Code   RO         2863    i.nrf_gpiote_event_clear  nrf_drv_gpiote.o
    0x00029984   0x00029984   0x00000010   Code   RO         2864    i.nrf_gpiote_event_is_set  nrf_drv_gpiote.o
    0x00029994   0x00029994   0x00000008   Code   RO         4885    i.nrf_log_backend_hexdump_handler_get  nrf_log_backend_serial.o
    0x0002999c   0x0002999c   0x00000090   Code   RO         4886    i.nrf_log_backend_init  nrf_log_backend_serial.o
    0x00029a2c   0x00029a2c   0x0000011c   Code   RO         4887    i.nrf_log_backend_serial_hexdump_handler  nrf_log_backend_serial.o
    0x00029b48   0x00029b48   0x000000f6   Code   RO         4888    i.nrf_log_backend_serial_std_handler  nrf_log_backend_serial.o
    0x00029c3e   0x00029c3e   0x00000002   PAD
    0x00029c40   0x00029c40   0x00000008   Code   RO         4889    i.nrf_log_backend_std_handler_get  nrf_log_backend_serial.o
    0x00029c48   0x00029c48   0x00000006   Code   RO         4993    i.nrf_log_blocking_backend_set  nrf_log_frontend.o
    0x00029c4e   0x00029c4e   0x00000002   PAD
    0x00029c50   0x00029c50   0x00000130   Code   RO         4994    i.nrf_log_frontend_dequeue  nrf_log_frontend.o
    0x00029d80   0x00029d80   0x00000098   Code   RO         4995    i.nrf_log_frontend_hexdump  nrf_log_frontend.o
    0x00029e18   0x00029e18   0x00000014   Code   RO         4996    i.nrf_log_frontend_init  nrf_log_frontend.o
    0x00029e2c   0x00029e2c   0x0000004c   Code   RO         4997    i.nrf_log_frontend_std_0  nrf_log_frontend.o
    0x00029e78   0x00029e78   0x0000005c   Code   RO         4998    i.nrf_log_frontend_std_1  nrf_log_frontend.o
    0x00029ed4   0x00029ed4   0x00000010   Code   RO         5005    i.nrf_log_handlers_set  nrf_log_frontend.o
    0x00029ee4   0x00029ee4   0x00000024   Code   RO         5006    i.nrf_log_init      nrf_log_frontend.o
    0x00029f08   0x00029f08   0x00000010   Code   RO         3710    i.nrf_saadc_buffer_init  nrf_drv_saadc.o
    0x00029f18   0x00029f18   0x00000068   Code   RO         3827    i.nrf_saadc_channel_init  nrf_saadc.o
    0x00029f80   0x00029f80   0x00000014   Code   RO         3711    i.nrf_saadc_channel_input_set  nrf_drv_saadc.o
    0x00029f94   0x00029f94   0x00000010   Code   RO         3712    i.nrf_saadc_event_check  nrf_drv_saadc.o
    0x00029fa4   0x00029fa4   0x00000014   Code   RO         3713    i.nrf_saadc_event_clear  nrf_drv_saadc.o
    0x00029fb8   0x00029fb8   0x00000054   Code   RO         7339    i.nrf_timer_SampleBMX055_init  bmx055_support.o
    0x0002a00c   0x0002a00c   0x0000002c   Code   RO         7340    i.nrf_twi_init      bmx055_support.o
    0x0002a038   0x0002a038   0x0000000a   Code   RO         3293    i.nrf_twim_event_check  nrf_drv_twi.o
    0x0002a042   0x0002a042   0x0000000c   Code   RO         3294    i.nrf_twim_event_clear  nrf_drv_twi.o
    0x0002a04e   0x0002a04e   0x0000000a   Code   RO         3083    i.nrf_uart_event_check  nrf_drv_uart.o
    0x0002a058   0x0002a058   0x0000000c   Code   RO         3084    i.nrf_uart_event_clear  nrf_drv_uart.o
    0x0002a064   0x0002a064   0x0000000c   Code   RO         3085    i.nrf_uart_int_enable_check  nrf_drv_uart.o
    0x0002a070   0x0002a070   0x0000000a   Code   RO         3086    i.nrf_uarte_event_check  nrf_drv_uart.o
    0x0002a07a   0x0002a07a   0x0000000c   Code   RO         3087    i.nrf_uarte_event_clear  nrf_drv_uart.o
    0x0002a086   0x0002a086   0x00000002   PAD
    0x0002a088   0x0002a088   0x0000018c   Code   RO           20    i.on_adv_evt        main.o
    0x0002a214   0x0002a214   0x00000138   Code   RO           21    i.on_ble_evt        main.o
    0x0002a34c   0x0002a34c   0x00000020   Code   RO           22    i.on_hids_evt       main.o
    0x0002a36c   0x0002a36c   0x00000054   Code   RO         4673    i.on_operation_success  fstorage.o
    0x0002a3c0   0x0002a3c0   0x00000038   Code   RO         2533    i.on_report_cccd_write  ble_hids.o
    0x0002a3f8   0x0002a3f8   0x0000002e   Code   RO         2534    i.on_report_value_write  ble_hids.o
    0x0002a426   0x0002a426   0x00000002   PAD
    0x0002a428   0x0002a428   0x000000fa   Code   RO         2535    i.on_write          ble_hids.o
    0x0002a522   0x0002a522   0x00000002   PAD
    0x0002a524   0x0002a524   0x00000080   Code   RO         4395    i.op_enqueue        fds.o
    0x0002a5a4   0x0002a5a4   0x00000060   Code   RO         2536    i.outp_rep_characteristics_add  ble_hids.o
    0x0002a604   0x0002a604   0x00000012   Code   RO         4396    i.page_offsets_update  fds.o
    0x0002a616   0x0002a616   0x00000002   PAD
    0x0002a618   0x0002a618   0x00000064   Code   RO         4397    i.page_scan         fds.o
    0x0002a67c   0x0002a67c   0x0000001c   Code   RO         4398    i.page_tag_write_data  fds.o
    0x0002a698   0x0002a698   0x00000024   Code   RO         4399    i.page_tag_write_swap  fds.o
    0x0002a6bc   0x0002a6bc   0x000000f8   Code   RO         4400    i.pages_init        fds.o
    0x0002a7b4   0x0002a7b4   0x0000006c   Code   RO         2203    i.pairing_failure   security_dispatcher.o
    0x0002a820   0x0002a820   0x0000003c   Code   RO         2316    i.params_reply_pending_process  security_manager.o
    0x0002a85c   0x0002a85c   0x0000001c   Code   RO         1589    i.pdb_evt_send      peer_database.o
    0x0002a878   0x0002a878   0x00000050   Code   RO         1590    i.pdb_init          peer_database.o
    0x0002a8c8   0x0002a8c8   0x00000004   Code   RO         1592    i.pdb_next_deleted_peer_id_get  peer_database.o
    0x0002a8cc   0x0002a8cc   0x00000004   Code   RO         1593    i.pdb_next_peer_id_get  peer_database.o
    0x0002a8d0   0x0002a8d0   0x00000130   Code   RO         1594    i.pdb_pds_evt_handler  peer_database.o
    0x0002aa00   0x0002aa00   0x00000004   Code   RO         1595    i.pdb_peer_allocate  peer_database.o
    0x0002aa04   0x0002aa04   0x00000010   Code   RO         1596    i.pdb_peer_data_load  peer_database.o
    0x0002aa14   0x0002aa14   0x00000006   Code   RO         1597    i.pdb_peer_data_ptr_get  peer_database.o
    0x0002aa1a   0x0002aa1a   0x00000044   Code   RO         1598    i.pdb_peer_free     peer_database.o
    0x0002aa5e   0x0002aa5e   0x00000008   Code   RO         1599    i.pdb_raw_store     peer_database.o
    0x0002aa66   0x0002aa66   0x00000002   PAD
    0x0002aa68   0x0002aa68   0x00000108   Code   RO         1600    i.pdb_write_buf_get  peer_database.o
    0x0002ab70   0x0002ab70   0x00000028   Code   RO         1601    i.pdb_write_buf_release  peer_database.o
    0x0002ab98   0x0002ab98   0x000000c4   Code   RO         1602    i.pdb_write_buf_store  peer_database.o
    0x0002ac5c   0x0002ac5c   0x00000068   Code   RO         1603    i.pdb_write_buf_store_prepare  peer_database.o
    0x0002acc4   0x0002acc4   0x0000000c   Code   RO         1447    i.pds_evt_send      peer_data_storage.o
    0x0002acd0   0x0002acd0   0x0000006c   Code   RO         1448    i.pds_init          peer_data_storage.o
    0x0002ad3c   0x0002ad3c   0x00000004   Code   RO         1449    i.pds_next_deleted_peer_id_get  peer_data_storage.o
    0x0002ad40   0x0002ad40   0x00000004   Code   RO         1450    i.pds_next_peer_id_get  peer_data_storage.o
    0x0002ad44   0x0002ad44   0x00000050   Code   RO         1453    i.pds_peer_data_iterate  peer_data_storage.o
    0x0002ad94   0x0002ad94   0x00000010   Code   RO         1454    i.pds_peer_data_iterate_prepare  peer_data_storage.o
    0x0002ada4   0x0002ada4   0x00000068   Code   RO         1455    i.pds_peer_data_read  peer_data_storage.o
    0x0002ae0c   0x0002ae0c   0x000000a0   Code   RO         1456    i.pds_peer_data_store  peer_data_storage.o
    0x0002aeac   0x0002aeac   0x00000008   Code   RO         1457    i.pds_peer_id_allocate  peer_data_storage.o
    0x0002aeb4   0x0002aeb4   0x00000016   Code   RO         1458    i.pds_peer_id_free  peer_data_storage.o
    0x0002aeca   0x0002aeca   0x00000004   Code   RO         1459    i.pds_peer_id_is_allocated  peer_data_storage.o
    0x0002aece   0x0002aece   0x0000002e   Code   RO         1460    i.pds_space_reserve  peer_data_storage.o
    0x0002aefc   0x0002aefc   0x00000010   Code   RO         1461    i.pds_space_reserve_cancel  peer_data_storage.o
    0x0002af0c   0x0002af0c   0x00000006   Code   RO         1604    i.peer_data_const_point_to_buffer  peer_database.o
    0x0002af12   0x0002af12   0x00000002   PAD
    0x0002af14   0x0002af14   0x00000080   Code   RO         1462    i.peer_data_delete  peer_data_storage.o
    0x0002af94   0x0002af94   0x00000030   Code   RO         1463    i.peer_data_find    peer_data_storage.o
    0x0002afc4   0x0002afc4   0x00000020   Code   RO         1464    i.peer_data_id_is_valid  peer_data_storage.o
    0x0002afe4   0x0002afe4   0x0000001a   Code   RO         1605    i.peer_data_point_to_buffer  peer_database.o
    0x0002affe   0x0002affe   0x00000002   PAD
    0x0002b000   0x0002b000   0x0000000c   Code   RO         1754    i.peer_id_allocate  peer_id.o
    0x0002b00c   0x0002b00c   0x00000024   Code   RO         1755    i.peer_id_delete    peer_id.o
    0x0002b030   0x0002b030   0x0000001c   Code   RO         1756    i.peer_id_free      peer_id.o
    0x0002b04c   0x0002b04c   0x0000000c   Code   RO         1757    i.peer_id_get_next_deleted  peer_id.o
    0x0002b058   0x0002b058   0x00000030   Code   RO         1758    i.peer_id_get_next_used  peer_id.o
    0x0002b088   0x0002b088   0x00000028   Code   RO         1759    i.peer_id_init      peer_id.o
    0x0002b0b0   0x0002b0b0   0x00000014   Code   RO         1760    i.peer_id_is_allocated  peer_id.o
    0x0002b0c4   0x0002b0c4   0x00000014   Code   RO         1761    i.peer_id_is_deleted  peer_id.o
    0x0002b0d8   0x0002b0d8   0x0000001c   Code   RO         1246    i.peer_id_set       id_manager.o
    0x0002b0f4   0x0002b0f4   0x0000007c   Code   RO           23    i.peer_manager_init  main.o
    0x0002b170   0x0002b170   0x000000c0   Code   RO         1247    i.peers_id_keys_get  id_manager.o
    0x0002b230   0x0002b230   0x00000018   Code   RO         2865    i.pin_in_use_by_port  nrf_drv_gpiote.o
    0x0002b248   0x0002b248   0x00000018   Code   RO         2866    i.pin_in_use_by_te  nrf_drv_gpiote.o
    0x0002b260   0x0002b260   0x00000052   Code   RO         3088    i.pins_to_default   nrf_drv_uart.o
    0x0002b2b2   0x0002b2b2   0x0000005c   Code   RO         2109    i.pm_buffer_block_acquire  pm_buffer.o
    0x0002b30e   0x0002b30e   0x00000040   Code   RO         2110    i.pm_buffer_init    pm_buffer.o
    0x0002b34e   0x0002b34e   0x00000028   Code   RO         2111    i.pm_buffer_ptr_get  pm_buffer.o
    0x0002b376   0x0002b376   0x0000002e   Code   RO         2112    i.pm_buffer_release  pm_buffer.o
    0x0002b3a4   0x0002b3a4   0x00000004   Code   RO         1844    i.pm_conn_sec_config_reply  peer_manager.o
    0x0002b3a8   0x0002b3a8   0x00000014   Code   RO         1846    i.pm_conn_secure    peer_manager.o
    0x0002b3bc   0x0002b3bc   0x00000014   Code   RO         1847    i.pm_device_identities_list_set  peer_manager.o
    0x0002b3d0   0x0002b3d0   0x000000bc   Code   RO           24    i.pm_evt_handler    main.o
    0x0002b48c   0x0002b48c   0x00000088   Code   RO         1848    i.pm_gcm_evt_handler  peer_manager.o
    0x0002b514   0x0002b514   0x00000050   Code   RO         1851    i.pm_im_evt_handler  peer_manager.o
    0x0002b564   0x0002b564   0x00000064   Code   RO         1852    i.pm_init           peer_manager.o
    0x0002b5c8   0x0002b5c8   0x00000014   Code   RO         1854    i.pm_local_database_has_changed  peer_manager.o
    0x0002b5dc   0x0002b5dc   0x0000000e   Code   RO         2143    i.pm_mutex_init     pm_mutex.o
    0x0002b5ea   0x0002b5ea   0x0000001a   Code   RO         2144    i.pm_mutex_lock     pm_mutex.o
    0x0002b604   0x0002b604   0x00000036   Code   RO         2145    i.pm_mutex_lock_first_available  pm_mutex.o
    0x0002b63a   0x0002b63a   0x00000018   Code   RO         2146    i.pm_mutex_lock_status_get  pm_mutex.o
    0x0002b652   0x0002b652   0x0000003a   Code   RO         2147    i.pm_mutex_unlock   pm_mutex.o
    0x0002b68c   0x0002b68c   0x00000014   Code   RO         1855    i.pm_next_peer_id_get  peer_manager.o
    0x0002b6a0   0x0002b6a0   0x00000028   Code   RO         1856    i.pm_on_ble_evt     peer_manager.o
    0x0002b6c8   0x0002b6c8   0x00000158   Code   RO         1857    i.pm_pdb_evt_handler  peer_manager.o
    0x0002b820   0x0002b820   0x00000014   Code   RO         1861    i.pm_peer_data_bonding_load  peer_manager.o
    0x0002b834   0x0002b834   0x00000064   Code   RO         1864    i.pm_peer_data_load  peer_manager.o
    0x0002b898   0x0002b898   0x00000014   Code   RO         1868    i.pm_peer_delete    peer_manager.o
    0x0002b8ac   0x0002b8ac   0x000000c0   Code   RO         1871    i.pm_peer_rank_highest  peer_manager.o
    0x0002b96c   0x0002b96c   0x000000b8   Code   RO         1872    i.pm_peer_ranks_get  peer_manager.o
    0x0002ba24   0x0002ba24   0x00000038   Code   RO         1873    i.pm_peers_delete   peer_manager.o
    0x0002ba5c   0x0002ba5c   0x0000002c   Code   RO         1876    i.pm_register       peer_manager.o
    0x0002ba88   0x0002ba88   0x00000014   Code   RO         1878    i.pm_sec_params_set  peer_manager.o
    0x0002ba9c   0x0002ba9c   0x00000160   Code   RO         1879    i.pm_sm_evt_handler  peer_manager.o
    0x0002bbfc   0x0002bbfc   0x0000002c   Code   RO         1880    i.pm_whitelist_get  peer_manager.o
    0x0002bc28   0x0002bc28   0x00000014   Code   RO         1881    i.pm_whitelist_set  peer_manager.o
    0x0002bc3c   0x0002bc3c   0x00000034   Code   RO         2479    i.pnp_id_encode     ble_dis.o
    0x0002bc70   0x0002bc70   0x0000008a   Code   RO         2537    i.protocol_mode_char_add  ble_hids.o
    0x0002bcfa   0x0002bcfa   0x00000066   Code   RO         7621    i.qAeqAxB           adafruit_ahrs_nxpfusion.o
    0x0002bd60   0x0002bd60   0x000000d2   Code   RO         7622    i.qAeqBxC           adafruit_ahrs_nxpfusion.o
    0x0002be32   0x0002be32   0x00000002   PAD
    0x0002be34   0x0002be34   0x0000002c   Code   RO         4674    i.queue_advance     fstorage.o
    0x0002be60   0x0002be60   0x00000038   Code   RO         4675    i.queue_get_next_free  fstorage.o
    0x0002be98   0x0002be98   0x000000bc   Code   RO         4401    i.queue_process     fds.o
    0x0002bf54   0x0002bf54   0x00000070   Code   RO         4676    i.queue_process     fstorage.o
    0x0002bfc4   0x0002bfc4   0x00000020   Code   RO         4402    i.queue_start       fds.o
    0x0002bfe4   0x0002bfe4   0x0000001c   Code   RO         4677    i.queue_start       fstorage.o
    0x0002c000   0x0002c000   0x00000010   Code   RO         5266    i.ram_end_address_get  softdevice_handler.o
    0x0002c010   0x0002c010   0x00000088   Code   RO         4403    i.record_find       fds.o
    0x0002c098   0x0002c098   0x0000009c   Code   RO         4404    i.record_find_by_desc  fds.o
    0x0002c134   0x0002c134   0x0000004c   Code   RO         4405    i.record_find_next  fds.o
    0x0002c180   0x0002c180   0x00000024   Code   RO         4406    i.record_header_flag_dirty  fds.o
    0x0002c1a4   0x0002c1a4   0x00000014   Code   RO         1465    i.record_key_within_pm_range  peer_data_storage.o
    0x0002c1b8   0x0002c1b8   0x0000005c   Code   RO         4407    i.record_write_chunk  fds.o
    0x0002c214   0x0002c214   0x00000010   Code   RO         1763    i.release           peer_id.o
    0x0002c224   0x0002c224   0x00000132   Code   RO         2538    i.rep_char_add      ble_hids.o
    0x0002c356   0x0002c356   0x0000013e   Code   RO         2539    i.rep_map_char_add  ble_hids.o
    0x0002c494   0x0002c494   0x00000082   Code   RO         2540    i.rep_value_identify  ble_hids.o
    0x0002c516   0x0002c516   0x00000002   PAD
    0x0002c518   0x0002c518   0x0000003c   Code   RO         4129    i.rtc1_stop         app_timer.o
    0x0002c554   0x0002c554   0x00000032   Code   RO         3089    i.rx_byte           nrf_drv_uart.o
    0x0002c586   0x0002c586   0x00000018   Code   RO         3090    i.rx_done_event     nrf_drv_uart.o
    0x0002c59e   0x0002c59e   0x00000002   PAD
    0x0002c5a0   0x0002c5a0   0x00000034   Code   RO         7807    i.saadc_callback    hat_func.o
    0x0002c5d4   0x0002c5d4   0x00000070   Code   RO         7808    i.saadc_init        hat_func.o
    0x0002c644   0x0002c644   0x0000001c   Code   RO         7809    i.saadc_sampling_event_enable  hat_func.o
    0x0002c660   0x0002c660   0x0000008c   Code   RO         7810    i.saadc_sampling_event_init  hat_func.o
    0x0002c6ec   0x0002c6ec   0x00000070   Code   RO         5268    i.sd_nvic_EnableIRQ  softdevice_handler.o
    0x0002c75c   0x0002c75c   0x00000044   Code   RO         4795    i.sdk_mapped_flags_bulk_update_by_key  sdk_mapped_flags.o
    0x0002c7a0   0x0002c7a0   0x00000022   Code   RO         4796    i.sdk_mapped_flags_first_key_index_get  sdk_mapped_flags.o
    0x0002c7c2   0x0002c7c2   0x00000010   Code   RO         4797    i.sdk_mapped_flags_get_by_index  sdk_mapped_flags.o
    0x0002c7d2   0x0002c7d2   0x00000026   Code   RO         4798    i.sdk_mapped_flags_get_by_key  sdk_mapped_flags.o
    0x0002c7f8   0x0002c7f8   0x0000004a   Code   RO         4799    i.sdk_mapped_flags_key_list_get  sdk_mapped_flags.o
    0x0002c842   0x0002c842   0x0000000e   Code   RO         4801    i.sdk_mapped_flags_update_by_key  sdk_mapped_flags.o
    0x0002c850   0x0002c850   0x000000b2   Code   RO         2204    i.sec_info_request_process  security_dispatcher.o
    0x0002c902   0x0002c902   0x00000076   Code   RO         2317    i.sec_params_verify  security_manager.o
    0x0002c978   0x0002c978   0x00000054   Code   RO         2205    i.sec_proc_start    security_dispatcher.o
    0x0002c9cc   0x0002c9cc   0x00000020   Code   RO         2206    i.sec_start_send    security_dispatcher.o
    0x0002c9ec   0x0002c9ec   0x0000004c   Code   RO         4678    i.send_event        fstorage.o
    0x0002ca38   0x0002ca38   0x00000016   Code   RO         4853    i.sensorsim_init    sensorsim.o
    0x0002ca4e   0x0002ca4e   0x00000002   PAD
    0x0002ca50   0x0002ca50   0x0000000c   Code   RO         4890    i.serial_is_busy    nrf_log_backend_serial.o
    0x0002ca5c   0x0002ca5c   0x00000050   Code   RO         4891    i.serial_tx         nrf_log_backend_serial.o
    0x0002caac   0x0002caac   0x00000058   Code   RO         1033    i.service_changed_pending_flags_check  gatt_cache_manager.o
    0x0002cb04   0x0002cb04   0x00000044   Code   RO         1143    i.service_changed_pending_set  gatts_cache_manager.o
    0x0002cb48   0x0002cb48   0x00000094   Code   RO         1034    i.service_changed_send_in_evt  gatt_cache_manager.o
    0x0002cbdc   0x0002cbdc   0x00000088   Code   RO          606    i.service_data_encode  ble_advdata.o
    0x0002cc64   0x0002cc64   0x00000004   Code   RO           25    i.service_error_handler  main.o
    0x0002cc68   0x0002cc68   0x00000048   Code   RO          685    i.set_adv_mode_fast  ble_advertising.o
    0x0002ccb0   0x0002ccb0   0x00000044   Code   RO          686    i.set_adv_mode_slow  ble_advertising.o
    0x0002ccf4   0x0002ccf4   0x00000028   Code   RO           26    i.sleep_mode_enter  main.o
    0x0002cd1c   0x0002cd1c   0x00000018   Code   RO         2318    i.sm_ble_evt_handler  security_manager.o
    0x0002cd34   0x0002cd34   0x00000018   Code   RO         2319    i.sm_conn_sec_config_reply  security_manager.o
    0x0002cd4c   0x0002cd4c   0x00000050   Code   RO         2320    i.sm_init           security_manager.o
    0x0002cd9c   0x0002cd9c   0x0000000a   Code   RO         2322    i.sm_link_secure    security_manager.o
    0x0002cda6   0x0002cda6   0x00000002   PAD
    0x0002cda8   0x0002cda8   0x00000038   Code   RO         2323    i.sm_pdb_evt_handler  security_manager.o
    0x0002cde0   0x0002cde0   0x0000002c   Code   RO         2325    i.sm_sec_params_set  security_manager.o
    0x0002ce0c   0x0002ce0c   0x00000078   Code   RO         2326    i.sm_smd_evt_handler  security_manager.o
    0x0002ce84   0x0002ce84   0x000000ec   Code   RO         2207    i.smd_ble_evt_handler  security_dispatcher.o
    0x0002cf70   0x0002cf70   0x0000003c   Code   RO         2208    i.smd_init          security_dispatcher.o
    0x0002cfac   0x0002cfac   0x00000030   Code   RO         2209    i.smd_link_secure   security_dispatcher.o
    0x0002cfdc   0x0002cfdc   0x0000010c   Code   RO         2210    i.smd_params_reply  security_dispatcher.o
    0x0002d0e8   0x0002d0e8   0x00000088   Code   RO         2327    i.smd_params_reply_perform  security_manager.o
    0x0002d170   0x0002d170   0x00000034   Code   RO         2211    i.smd_pdb_evt_handler  security_dispatcher.o
    0x0002d1a4   0x0002d1a4   0x00000014   Code   RO         5269    i.softdevice_ble_evt_handler_set  softdevice_handler.o
    0x0002d1b8   0x0002d1b8   0x000000dc   Code   RO         5270    i.softdevice_enable  softdevice_handler.o
    0x0002d294   0x0002d294   0x00000026   Code   RO         5271    i.softdevice_enable_get_default_config  softdevice_handler.o
    0x0002d2ba   0x0002d2ba   0x00000012   Code   RO         5406    i.softdevice_evt_get  softdevice_handler_appsh.o
    0x0002d2cc   0x0002d2cc   0x00000010   Code   RO         5407    i.softdevice_evt_schedule  softdevice_handler_appsh.o
    0x0002d2dc   0x0002d2dc   0x00000004   Code   RO         5272    i.softdevice_fault_handler  softdevice_handler.o
    0x0002d2e0   0x0002d2e0   0x00000064   Code   RO         5273    i.softdevice_handler_init  softdevice_handler.o
    0x0002d344   0x0002d344   0x0000000c   Code   RO         5274    i.softdevice_handler_is_enabled  softdevice_handler.o
    0x0002d350   0x0002d350   0x00000014   Code   RO         5279    i.softdevice_sys_evt_handler_set  softdevice_handler.o
    0x0002d364   0x0002d364   0x0000006e   Code   RO         8341    i.sqrt              m_wm.l(sqrt.o)
    0x0002d3d2   0x0002d3d2   0x0000003e   Code   RO         7987    i.sqrtf             m_wm.l(sqrtf.o)
    0x0002d410   0x0002d410   0x00000012   Code   RO           27    i.sys_evt_dispatch  main.o
    0x0002d422   0x0002d422   0x00000042   Code   RO         2480    i.sys_id_encode     ble_dis.o
    0x0002d464   0x0002d464   0x00000002   Code   RO         7811    i.timer_handler     hat_func.o
    0x0002d466   0x0002d466   0x00000002   PAD
    0x0002d468   0x0002d468   0x0000008c   Code   RO         4130    i.timer_list_handler  app_timer.o
    0x0002d4f4   0x0002d4f4   0x0000003c   Code   RO         4131    i.timer_list_insert  app_timer.o
    0x0002d530   0x0002d530   0x00000024   Code   RO         7341    i.timer_sample_event_handler  bmx055_support.o
    0x0002d554   0x0002d554   0x00000048   Code   RO         4132    i.timer_stop_op_schedule  app_timer.o
    0x0002d59c   0x0002d59c   0x00000084   Code   RO         4133    i.timer_timeouts_check  app_timer.o
    0x0002d620   0x0002d620   0x00000030   Code   RO         4892    i.timestamp_process  nrf_log_backend_serial.o
    0x0002d650   0x0002d650   0x000000b0   Code   RO         3295    i.twi_clear_bus     nrf_drv_twi.o
    0x0002d700   0x0002d700   0x00000240   Code   RO         3296    i.twim_xfer         nrf_drv_twi.o
    0x0002d940   0x0002d940   0x00000020   Code   RO         3092    i.tx_byte           nrf_drv_uart.o
    0x0002d960   0x0002d960   0x0000001c   Code   RO         3093    i.tx_done_event     nrf_drv_uart.o
    0x0002d97c   0x0002d97c   0x00000010   Code   RO         4893    i.uart_event_handler  nrf_log_backend_serial.o
    0x0002d98c   0x0002d98c   0x0000011e   Code   RO         3094    i.uart_irq_handler  nrf_drv_uart.o
    0x0002daaa   0x0002daaa   0x000000f0   Code   RO         3095    i.uarte_irq_handler  nrf_drv_uart.o
    0x0002db9a   0x0002db9a   0x0000000a   Code   RO          607    i.uint16_encode     ble_advdata.o
    0x0002dba4   0x0002dba4   0x00000060   Code   RO          767    i.update_timeout_handler  ble_conn_params.o
    0x0002dc04   0x0002dc04   0x00000018   Code   RO          848    i.user_flag_is_acquired  ble_conn_state.o
    0x0002dc1c   0x0002dc1c   0x00000030   Code   RO         4134    i.user_op_alloc     app_timer.o
    0x0002dc4c   0x0002dc4c   0x00000030   Code   RO          608    i.uuid_list_encode  ble_advdata.o
    0x0002dc7c   0x0002dc7c   0x0000009e   Code   RO          609    i.uuid_list_sized_encode  ble_advdata.o
    0x0002dd1a   0x0002dd1a   0x00000024   Code   RO         1606    i.write_buf_length_words_set  peer_database.o
    0x0002dd3e   0x0002dd3e   0x00000024   Code   RO         1607    i.write_buffer_record_find  peer_database.o
    0x0002dd62   0x0002dd62   0x00000002   PAD
    0x0002dd64   0x0002dd64   0x0000002c   Code   RO         1608    i.write_buffer_record_find_next  peer_database.o
    0x0002dd90   0x0002dd90   0x0000001e   Code   RO         1609    i.write_buffer_record_invalidate  peer_database.o
    0x0002ddae   0x0002ddae   0x00000002   PAD
    0x0002ddb0   0x0002ddb0   0x0000002c   Code   RO         1610    i.write_buffer_record_release  peer_database.o
    0x0002dddc   0x0002dddc   0x00000124   Code   RO         4408    i.write_enqueue     fds.o
    0x0002df00   0x0002df00   0x000000e8   Code   RO         4409    i.write_execute     fds.o
    0x0002dfe8   0x0002dfe8   0x00000014   Code   RO         4410    i.write_space_free  fds.o
    0x0002dffc   0x0002dffc   0x00000054   Code   RO         4411    i.write_space_reserve  fds.o
    0x0002e050   0x0002e050   0x00000008   Data   RO           30    .constdata          main.o
    0x0002e058   0x0002e058   0x0000003c   Data   RO          449    .constdata          bsp.o
    0x0002e094   0x0002e094   0x00000004   Data   RO          770    .constdata          ble_conn_params.o
    0x0002e098   0x0002e098   0x00000004   Data   RO         1144    .constdata          gatts_cache_manager.o
    0x0002e09c   0x0002e09c   0x00000010   Data   RO         1145    .constdata          gatts_cache_manager.o
    0x0002e0ac   0x0002e0ac   0x00000004   Data   RO         1146    .constdata          gatts_cache_manager.o
    0x0002e0b0   0x0002e0b0   0x00000008   Data   RO         1249    .constdata          id_manager.o
    0x0002e0b8   0x0002e0b8   0x00000004   Data   RO         1466    .constdata          peer_data_storage.o
    0x0002e0bc   0x0002e0bc   0x00000014   Data   RO         1612    .constdata          peer_database.o
    0x0002e0d0   0x0002e0d0   0x00000010   Data   RO         1883    .constdata          peer_manager.o
    0x0002e0e0   0x0002e0e0   0x00000044   Data   RO         2213    .constdata          security_dispatcher.o
    0x0002e124   0x0002e124   0x00000004   Data   RO         2328    .constdata          security_manager.o
    0x0002e128   0x0002e128   0x0000000c   Data   RO         3298    .constdata          nrf_drv_twi.o
    0x0002e134   0x0002e134   0x00000004   Data   RO         3716    .constdata          nrf_drv_saadc.o
    0x0002e138   0x0002e138   0x00000008   Data   RO         3861    .constdata          app_button.o
    0x0002e140   0x0002e140   0x00000014   Data   RO         4413    .constdata          fds.o
    0x0002e154   0x0002e154   0x00000020   Data   RO         4895    .constdata          nrf_log_backend_serial.o
    0x0002e174   0x0002e174   0x00000024   Data   RO         5009    .constdata          nrf_log_frontend.o
    0x0002e198   0x0002e198   0x00000028   Data   RO         7343    .constdata          bmx055_support.o
    0x0002e1c0   0x0002e1c0   0x00000025   Data   RO         7814    .constdata          hat_func.o
    0x0002e1e5   0x0002e1e5   0x00000003   PAD
    0x0002e1e8   0x0002e1e8   0x00000050   Data   RO         7950    .constdata          m_wm.l(asin.o)
    0x0002e238   0x0002e238   0x00000098   Data   RO         8284    .constdata          m_wm.l(atan.o)
    0x0002e2d0   0x0002e2d0   0x00000008   Data   RO         8335    .constdata          m_wm.l(qnan.o)
    0x0002e2d8   0x0002e2d8   0x00000020   Data   RO         8337    .constdata          m_wm.l(rredf.o)
    0x0002e2f8   0x0002e2f8   0x0000000b   Data   RO         5010    .conststring        nrf_log_frontend.o
    0x0002e303   0x0002e303   0x00000001   PAD
    0x0002e304   0x0002e304   0x00000045   Data   RO         5280    .conststring        softdevice_handler.o
    0x0002e349   0x0002e349   0x00000003   PAD
    0x0002e34c   0x0002e34c   0x00000020   Data   RO         8406    Region$$Table       anon$$obj.o


    Execution Region RW_IRAM1 (Exec base: 0x20002128, Load base: 0x0002e36c, Size: 0x000041b8, Max: 0x0000ded8, ABSOLUTE, COMPRESSED[0x000000bc])

    Exec Addr    Load Addr    Size         Type   Attr      Idx    E Section Name        Object

    0x20002128   COMPRESSED   0x000000c0   Data   RW           31    .data               main.o
    0x200021e8   COMPRESSED   0x00000018   Data   RW          450    .data               bsp.o
    0x20002200   COMPRESSED   0x00000008   Data   RW          561    .data               bsp_btn_ble.o
    0x20002208   COMPRESSED   0x0000001f   Data   RW          688    .data               ble_advertising.o
    0x20002227   COMPRESSED   0x00000001   PAD
    0x20002228   COMPRESSED   0x00000014   Data   RW          771    .data               ble_conn_params.o
    0x2000223c   COMPRESSED   0x0000000c   Data   RW         1035    .data               gatt_cache_manager.o
    0x20002248   COMPRESSED   0x0000000c   Data   RW         1147    .data               gatts_cache_manager.o
    0x20002254   COMPRESSED   0x00000003   Data   RW         1250    .data               id_manager.o
    0x20002257   COMPRESSED   0x00000001   PAD
    0x20002258   COMPRESSED   0x0000000c   Data   RW         1467    .data               peer_data_storage.o
    0x20002264   COMPRESSED   0x00000008   Data   RW         1613    .data               peer_database.o
    0x2000226c   COMPRESSED   0x00000010   Data   RW         1884    .data               peer_manager.o
    0x2000227c   COMPRESSED   0x00000004   Data   RW         2214    .data               security_dispatcher.o
    0x20002280   COMPRESSED   0x00000015   Data   RW         2329    .data               security_manager.o
    0x20002295   COMPRESSED   0x00000001   PAD
    0x20002296   COMPRESSED   0x0000004a   Data   RW         2481    .data               ble_dis.o
    0x200022e0   COMPRESSED   0x00000008   Data   RW         3568    .data               nrf_drv_ppi.o
    0x200022e8   COMPRESSED   0x00000014   Data   RW         3862    .data               app_button.o
    0x200022fc   COMPRESSED   0x00000010   Data   RW         4064    .data               app_scheduler.o
    0x2000230c   COMPRESSED   0x00000020   Data   RW         4135    .data               app_timer.o
    0x2000232c   COMPRESSED   0x00000018   Data   RW         4414    .data               fds.o
    0x20002344   COMPRESSED   0x00000002   Data   RW         4680    .data               fstorage.o
    0x20002346   COMPRESSED   0x00000002   PAD
    0x20002348   COMPRESSED   0x0000000c   Data   RW         4896    .data               nrf_log_backend_serial.o
    0x20002354   COMPRESSED   0x00000004   Data   RW         5011    .data               nrf_log_frontend.o
    0x20002358   COMPRESSED   0x00000014   Data   RW         5281    .data               softdevice_handler.o
    0x2000236c   COMPRESSED   0x00000008   Data   RW         5579    .data               bma2x2.o
    0x20002374   COMPRESSED   0x00000004   Data   RW         6443    .data               bmg160.o
    0x20002378   COMPRESSED   0x00000004   Data   RW         7111    .data               bmm050.o
    0x2000237c   COMPRESSED   0x00000040   Data   RW         7344    .data               bmx055_support.o
    0x200023bc   COMPRESSED   0x0000003c   Data   RW         7624    .data               adafruit_ahrs_nxpfusion.o
    0x200023f8   COMPRESSED   0x00000010   Data   RW         7815    .data               hat_func.o
    0x20002408   COMPRESSED   0x00000004   Data   RW         7900    .data               system_nrf52.o
    0x2000240c   COMPRESSED   0x00000004   Data   RW         8379    .data               mc_w.l(errno.o)
    0x20002410   COMPRESSED   0x00000010   Data   RW         4415    fs_data             fds.o
    0x20002420        -       0x00000020   Zero   RW           28    .bss                main.o
    0x20002440        -       0x00000328   Zero   RW           29    .bss                main.o
    0x20002768        -       0x00000020   Zero   RW          445    .bss                bsp.o
    0x20002788        -       0x00000020   Zero   RW          446    .bss                bsp.o
    0x200027a8        -       0x0000000c   Zero   RW          447    .bss                bsp.o
    0x200027b4        -       0x00000020   Zero   RW          448    .bss                bsp.o
    0x200027d4        -       0x000000af   Zero   RW          687    .bss                ble_advertising.o
    0x20002883   COMPRESSED   0x00000001   PAD
    0x20002884        -       0x00000020   Zero   RW          768    .bss                ble_conn_params.o
    0x200028a4        -       0x0000001c   Zero   RW          769    .bss                ble_conn_params.o
    0x200028c0        -       0x00000034   Zero   RW          849    .bss                ble_conn_state.o
    0x200028f4        -       0x00000070   Zero   RW         1248    .bss                id_manager.o
    0x20002964        -       0x00000330   Zero   RW         1611    .bss                peer_database.o
    0x20002c94        -       0x00000040   Zero   RW         1764    .bss                peer_id.o
    0x20002cd4        -       0x0000000c   Zero   RW         1882    .bss                peer_manager.o
    0x20002ce0        -       0x00000040   Zero   RW         2212    .bss                security_dispatcher.o
    0x20002d20        -       0x00000014   Zero   RW         2667    .bss                nrf_drv_clock.o
    0x20002d34        -       0x00000058   Zero   RW         2867    .bss                nrf_drv_gpiote.o
    0x20002d8c        -       0x00000020   Zero   RW         3096    .bss                nrf_drv_uart.o
    0x20002dac        -       0x00000028   Zero   RW         3297    .bss                nrf_drv_twi.o
    0x20002dd4        -       0x00000024   Zero   RW         3439    .bss                nrf_drv_timer.o
    0x20002df8        -       0x00000030   Zero   RW         3715    .bss                nrf_drv_saadc.o
    0x20002e28        -       0x00000020   Zero   RW         3860    .bss                app_button.o
    0x20002e48        -       0x0000000c   Zero   RW         4297    .bss                app_util_platform.o
    0x20002e54        -       0x0000011c   Zero   RW         4412    .bss                fds.o
    0x20002f70        -       0x00000068   Zero   RW         4679    .bss                fstorage.o
    0x20002fd8        -       0x00000200   Zero   RW         4894    .bss                nrf_log_backend_serial.o
    0x200031d8        -       0x00000418   Zero   RW         5008    .bss                nrf_log_frontend.o
    0x200035f0        -       0x00000488   Zero   RW         5139    .bss                segger_rtt.o
    0x20003a78        -       0x0000005c   Zero   RW         7342    .bss                bmx055_support.o
    0x20003ad4        -       0x000007f8   Zero   RW         7623    .bss                adafruit_ahrs_nxpfusion.o
    0x200042cc        -       0x00000010   Zero   RW         7812    .bss                hat_func.o
    0x200042dc   COMPRESSED   0x00000004   PAD
    0x200042e0        -       0x00002000   Zero   RW         7887    STACK               arm_startup_nrf52.o


==============================================================================

Image component sizes


      Code (inc. data)   RO Data    RW Data    ZI Data      Debug   Object Name

      6050        316          0         60       2040      21323   adafruit_ahrs_nxpfusion.o
       572         18          0          0          0       4024   adafruit_ahrs_nxpmatrix.o
       332         34          8         20         32      10246   app_button.o
        22          0          0          0          0       2281   app_error.o
        80         32          0          0          0      27457   app_error_weak.o
       268         16          0         16          0       8867   app_scheduler.o
      1698        114          0         32          0      49011   app_timer.o
        48          6          0          0          0       2161   app_timer_appsh.o
       124         14          0          0         12       9666   app_util_platform.o
        36          8       1024          0       8192        936   arm_startup_nrf52.o
      1330          0          0          0          0      18980   ble_advdata.o
      1048         82          0         31        175      11889   ble_advertising.o
       498          0          0          0          0       4120   ble_bas.o
       436         54          4         20         60       5920   ble_conn_params.o
       540         44          0          0         52      10185   ble_conn_state.o
       578          8          0         74          0       5815   ble_dis.o
      2872          0          0          0          0      22769   ble_hids.o
        38          0          0          0          0       3018   ble_srv_common.o
      1080         58          0          8          0      44390   bma2x2.o
      1044         58          0          4          0      39081   bmg160.o
      1476         70          0          4          0      26758   bmm050.o
      1736        192         40         64         92     104482   bmx055_support.o
      1124        110         60         24        108      10509   bsp.o
       260         10          0          8          0       4905   bsp_btn_ble.o
      3628        332         20         40        284      47506   fds.o
       976         74          0          2        104      13355   fstorage.o
      1046         52          0         12          0      16296   gatt_cache_manager.o
       532         36         24         12          0       9695   gatts_cache_manager.o
       352         40         37         16         16      25092   hat_func.o
      1684         74          8          3        112      25767   id_manager.o
      3742        602          8        192        840     187279   main.o
       272         24          0          0         20      38915   nrf_drv_clock.o
        56          0          0          0          0       2400   nrf_drv_common.o
      1074         94          0          0         88      25032   nrf_drv_gpiote.o
       322         40          0          8          0      12937   nrf_drv_ppi.o
       812         64          4          0         48      17660   nrf_drv_saadc.o
       374         40          0          0         36      16471   nrf_drv_timer.o
      1576         54         12          0         40      31600   nrf_drv_twi.o
      1692         58          0          0         32      38664   nrf_drv_uart.o
       864         66         32         12        512      17339   nrf_log_backend_serial.o
       822         62         47          4       1048      12459   nrf_log_frontend.o
       104          4          0          0          0       6713   nrf_saadc.o
      1080         42          4         12          0      17940   peer_data_storage.o
      1348         66         20          8        816      24728   peer_database.o
       336         38          0          0         64       9251   peer_id.o
      1880        152         16         16         12      24060   peer_manager.o
       242          0          0          0          0       4483   pm_buffer.o
       226          0          0          0          0       5449   pm_mutex.o
       244          0          0          0          0       6436   sdk_mapped_flags.o
      1850         66         68          4         64      21244   security_dispatcher.o
      1086         74          4         21          0      17981   security_manager.o
       450         40          0          0       1160       9368   segger_rtt.o
        22          0          0          0          0       1363   sensorsim.o
       778        192         69         20          0      43192   softdevice_handler.o
        34          6          0          0          0       2239   softdevice_handler_appsh.o
       724         64          0          4          0       3311   system_nrf52.o

    ----------------------------------------------------------------------
     53612       3700       1548        756      16064    1185018   Object Totals
         0          0         32          0          0          0   (incl. Generated)
        94          0          7          5          5          0   (incl. Padding)

    ----------------------------------------------------------------------

      Code (inc. data)   RO Data    RW Data    ZI Data      Debug   Library Member Name

       280         46          0          0          0        176   acosf.o
       864         94         80          0          0        280   asin.o
       744        106        152          0          0        352   atan.o
       496         64          0          0          0        192   atan2.o
       104         16          0          0          0        496   dunder.o
        24          0          0          0          0        124   fabs.o
        48          0          0          0          0        124   fpclassify.o
        38          0          0          0          0        116   fpclassifyf.o
        38         12          0          0          0        348   funder.o
       248          0          0          0          0        152   poly.o
         0          0          8          0          0          0   qnan.o
       340         24         32          0          0        160   rredf.o
       400         56          0          0          0        212   sinf.o
       110          0          0          0          0        148   sqrt.o
       120          0          0          0          0        272   sqrtf.o
        86          0          0          0          0          0   __dczerorl2.o
         0          0          0          0          0          0   entry.o
         0          0          0          0          0          0   entry10a.o
         0          0          0          0          0          0   entry11a.o
         8          4          0          0          0          0   entry2.o
         4          0          0          0          0          0   entry5.o
         0          0          0          0          0          0   entry7b.o
         0          0          0          0          0          0   entry8b.o
         8          4          0          0          0          0   entry9a.o
        12          6          0          4          0         68   errno.o
        30          0          0          0          0          0   handlers.o
        36          8          0          0          0         68   init.o
         0          0          0          0          0          0   iusefp.o
        30          0          0          0          0         68   llshl.o
        36          0          0          0          0         68   llsshr.o
        32          0          0          0          0         68   llushr.o
        26          0          0          0          0         80   memcmp.o
        36          0          0          0          0         68   memcpya.o
        36          0          0          0          0        108   memseta.o
      1172         50          0          0          0        420   printf8.o
        18          0          0          0          0         68   strcpy.o
        14          0          0          0          0         68   strlen.o
        98          0          0          0          0         92   uldiv.o
        56          0          0          0          0         88   d2f.o
       334          0          0          0          0        148   dadd.o
       222          0          0          0          0        100   ddiv.o
       186          0          0          0          0        176   depilogue.o
       228          0          0          0          0         96   dmul.o
       162          0          0          0          0        100   dsqrt.o
        38          0          0          0          0         68   f2d.o
       110          0          0          0          0        168   fepilogue.o

    ----------------------------------------------------------------------
      6884        490        272          4          0       5340   Library Totals
        12          0          0          0          0          0   (incl. Padding)

    ----------------------------------------------------------------------

      Code (inc. data)   RO Data    RW Data    ZI Data      Debug   Library Name

      3854        418        272          0          0       3152   m_wm.l
      1682         72          0          4          0       1244   mc_w.l
      1336          0          0          0          0        944   mf_w.l

    ----------------------------------------------------------------------
      6884        490        272          4          0       5340   Library Totals

    ----------------------------------------------------------------------

==============================================================================


      Code (inc. data)   RO Data    RW Data    ZI Data      Debug   

     60496       4190       1820        760      16064    1130950   Grand Totals
     60496       4190       1820        188      16064    1130950   ELF Image Totals (compressed)
     60496       4190       1820        188          0          0   ROM Totals

==============================================================================

    Total RO  Size (Code + RO Data)                62316 (  60.86kB)
    Total RW  Size (RW Data + ZI Data)             16824 (  16.43kB)
    Total ROM Size (Code + RO Data + RW Data)      62504 (  61.04kB)

==============================================================================

